Archive member included to satisfy reference by file (symbol)

C:\Users\israr admin\AppData\Local\Temp\arduino\sketches\C53E92A54E30929DC43486CDF741E529/..\..\cores\PMM-06XX-IO-EXTENSIONS_samd_PMM0632XP_ddf9e875a25034da485ad693dbdce195\core.a(SERCOM.cpp.o)
                              C:\Users\israr admin\AppData\Local\Temp\arduino\sketches\C53E92A54E30929DC43486CDF741E529\core\variant.cpp.o (SERCOM::SERCOM(Sercom*))
C:\Users\israr admin\AppData\Local\Temp\arduino\sketches\C53E92A54E30929DC43486CDF741E529/..\..\cores\PMM-06XX-IO-EXTENSIONS_samd_PMM0632XP_ddf9e875a25034da485ad693dbdce195\core.a(CDC.cpp.o)
                              C:\Users\israr admin\AppData\Local\Temp\arduino\sketches\C53E92A54E30929DC43486CDF741E529\sketch\Main21J15Bv1.0.ino.cpp.o (Serial_::begin(unsigned long))
C:\Users\israr admin\AppData\Local\Temp\arduino\sketches\C53E92A54E30929DC43486CDF741E529/..\..\cores\PMM-06XX-IO-EXTENSIONS_samd_PMM0632XP_ddf9e875a25034da485ad693dbdce195\core.a(USBCore.cpp.o)
                              C:\Users\israr admin\AppData\Local\Temp\arduino\sketches\C53E92A54E30929DC43486CDF741E529/..\..\cores\PMM-06XX-IO-EXTENSIONS_samd_PMM0632XP_ddf9e875a25034da485ad693dbdce195\core.a(CDC.cpp.o) (usbd)
C:\Users\israr admin\AppData\Local\Temp\arduino\sketches\C53E92A54E30929DC43486CDF741E529/..\..\cores\PMM-06XX-IO-EXTENSIONS_samd_PMM0632XP_ddf9e875a25034da485ad693dbdce195\core.a(Uart.cpp.o)
                              C:\Users\israr admin\AppData\Local\Temp\arduino\sketches\C53E92A54E30929DC43486CDF741E529\core\variant.cpp.o (Uart::Uart(SERCOM*, unsigned char, unsigned char, SercomRXPad, SercomUartTXPad))
C:\Users\israr admin\AppData\Local\Temp\arduino\sketches\C53E92A54E30929DC43486CDF741E529/..\..\cores\PMM-06XX-IO-EXTENSIONS_samd_PMM0632XP_ddf9e875a25034da485ad693dbdce195\core.a(PluggableUSB.cpp.o)
                              C:\Users\israr admin\AppData\Local\Temp\arduino\sketches\C53E92A54E30929DC43486CDF741E529/..\..\cores\PMM-06XX-IO-EXTENSIONS_samd_PMM0632XP_ddf9e875a25034da485ad693dbdce195\core.a(USBCore.cpp.o) (arduino::PluggableUSB_::getInterface(unsigned char*))
C:\Users\israr admin\AppData\Local\Temp\arduino\sketches\C53E92A54E30929DC43486CDF741E529/..\..\cores\PMM-06XX-IO-EXTENSIONS_samd_PMM0632XP_ddf9e875a25034da485ad693dbdce195\core.a(Print.cpp.o)
                              C:\Users\israr admin\AppData\Local\Temp\arduino\sketches\C53E92A54E30929DC43486CDF741E529/..\..\cores\PMM-06XX-IO-EXTENSIONS_samd_PMM0632XP_ddf9e875a25034da485ad693dbdce195\core.a(Uart.cpp.o) (arduino::Print::write(unsigned char const*, unsigned int))
C:\Users\israr admin\AppData\Local\Temp\arduino\sketches\C53E92A54E30929DC43486CDF741E529/..\..\cores\PMM-06XX-IO-EXTENSIONS_samd_PMM0632XP_ddf9e875a25034da485ad693dbdce195\core.a(cortex_handlers.c.o)
                              (Reset_Handler)
C:\Users\israr admin\AppData\Local\Temp\arduino\sketches\C53E92A54E30929DC43486CDF741E529/..\..\cores\PMM-06XX-IO-EXTENSIONS_samd_PMM0632XP_ddf9e875a25034da485ad693dbdce195\core.a(delay.c.o)
                              C:\Users\israr admin\AppData\Local\Temp\arduino\sketches\C53E92A54E30929DC43486CDF741E529/..\..\cores\PMM-06XX-IO-EXTENSIONS_samd_PMM0632XP_ddf9e875a25034da485ad693dbdce195\core.a(CDC.cpp.o) (millis)
C:\Users\israr admin\AppData\Local\Temp\arduino\sketches\C53E92A54E30929DC43486CDF741E529/..\..\cores\PMM-06XX-IO-EXTENSIONS_samd_PMM0632XP_ddf9e875a25034da485ad693dbdce195\core.a(hooks.c.o)
                              C:\Users\israr admin\AppData\Local\Temp\arduino\sketches\C53E92A54E30929DC43486CDF741E529/..\..\cores\PMM-06XX-IO-EXTENSIONS_samd_PMM0632XP_ddf9e875a25034da485ad693dbdce195\core.a(delay.c.o) (yield)
C:\Users\israr admin\AppData\Local\Temp\arduino\sketches\C53E92A54E30929DC43486CDF741E529/..\..\cores\PMM-06XX-IO-EXTENSIONS_samd_PMM0632XP_ddf9e875a25034da485ad693dbdce195\core.a(main.cpp.o)
                              c:/users/israr admin/appdata/local/arduino15/packages/arduino/tools/arm-none-eabi-gcc/7-2017q4/bin/../lib/gcc/arm-none-eabi/7.2.1/../../../../arm-none-eabi/lib/thumb/v6-m/crt0.o (main)
C:\Users\israr admin\AppData\Local\Temp\arduino\sketches\C53E92A54E30929DC43486CDF741E529/..\..\cores\PMM-06XX-IO-EXTENSIONS_samd_PMM0632XP_ddf9e875a25034da485ad693dbdce195\core.a(new.cpp.o)
                              C:\Users\israr admin\AppData\Local\Temp\arduino\sketches\C53E92A54E30929DC43486CDF741E529/..\..\cores\PMM-06XX-IO-EXTENSIONS_samd_PMM0632XP_ddf9e875a25034da485ad693dbdce195\core.a(USBCore.cpp.o) (operator new(unsigned int))
C:\Users\israr admin\AppData\Local\Temp\arduino\sketches\C53E92A54E30929DC43486CDF741E529/..\..\cores\PMM-06XX-IO-EXTENSIONS_samd_PMM0632XP_ddf9e875a25034da485ad693dbdce195\core.a(startup.c.o)
                              C:\Users\israr admin\AppData\Local\Temp\arduino\sketches\C53E92A54E30929DC43486CDF741E529/..\..\cores\PMM-06XX-IO-EXTENSIONS_samd_PMM0632XP_ddf9e875a25034da485ad693dbdce195\core.a(cortex_handlers.c.o) (SystemInit)
[...]
Memory Configuration

Name             Origin             Length             Attributes
FLASH            0x00000000         0x00008000         xr
RAM              0x20000000         0x00001000         xrw
*default*        0x00000000         0xffffffff

Linker script and memory map

LOAD c:/users/israr admin/appdata/local/arduino15/packages/arduino/tools/arm-none-eabi-gcc/7-2017q4/bin/../lib/gcc/arm-none-eabi/7.2.1/thumb/v6-m/crti.o
LOAD c:/users/israr admin/appdata/local/arduino15/packages/arduino/tools/arm-none-eabi-gcc/7-2017q4/bin/../lib/gcc/arm-none-eabi/7.2.1/thumb/v6-m/crtbegin.o
LOAD c:/users/israr admin/appdata/local/arduino15/packages/arduino/tools/arm-none-eabi-gcc/7-2017q4/bin/../lib/gcc/arm-none-eabi/7.2.1/../../../../arm-none-eabi/lib/thumb/v6-m/crt0.o
LOAD C:\Users\israr admin\AppData\Local\Temp\arduino\sketches\C53E92A54E30929DC43486CDF741E529\sketch\Main21J15Bv1.0.ino.cpp.o
LOAD C:\Users\israr admin\AppData\Local\Temp\arduino\sketches\C53E92A54E30929DC43486CDF741E529\libraries\Wire\Wire.cpp.o
LOAD C:\Users\israr admin\AppData\Local\Temp\arduino\sketches\C53E92A54E30929DC43486CDF741E529\core\variant.cpp.o
START GROUP
LOAD C:\Users\israr admin\AppData\Local\Arduino15\packages\arduino\tools\CMSIS\4.5.0/CMSIS/Lib/GCC/\libarm_cortexM0l_math.a
LOAD C:\Users\israr admin\AppData\Local\Temp\arduino\sketches\C53E92A54E30929DC43486CDF741E529/..\..\cores\PMM-06XX-IO-EXTENSIONS_samd_PMM0632XP_ddf9e875a25034da485ad693dbdce195\core.a
END GROUP
LOAD c:/users/israr admin/appdata/local/arduino15/packages/arduino/tools/arm-none-eabi-gcc/7-2017q4/bin/../lib/gcc/arm-none-eabi/7.2.1/../../../../arm-none-eabi/lib/thumb/v6-m\libstdc++_nano.a
LOAD c:/users/israr admin/appdata/local/arduino15/packages/arduino/tools/arm-none-eabi-gcc/7-2017q4/bin/../lib/gcc/arm-none-eabi/7.2.1/../../../../arm-none-eabi/lib/thumb/v6-m\libm.a
START GROUP
LOAD c:/users/israr admin/appdata/local/arduino15/packages/arduino/tools/arm-none-eabi-gcc/7-2017q4/bin/../lib/gcc/arm-none-eabi/7.2.1/thumb/v6-m\libgcc.a
LOAD c:/users/israr admin/appdata/local/arduino15/packages/arduino/tools/arm-none-eabi-gcc/7-2017q4/bin/../lib/gcc/arm-none-eabi/7.2.1/../../../../arm-none-eabi/lib/thumb/v6-m\libc_nano.a
END GROUP
START GROUP
LOAD c:/users/israr admin/appdata/local/arduino15/packages/arduino/tools/arm-none-eabi-gcc/7-2017q4/bin/../lib/gcc/arm-none-eabi/7.2.1/thumb/v6-m\libgcc.a
LOAD c:/users/israr admin/appdata/local/arduino15/packages/arduino/tools/arm-none-eabi-gcc/7-2017q4/bin/../lib/gcc/arm-none-eabi/7.2.1/../../../../arm-none-eabi/lib/thumb/v6-m\libc_nano.a
LOAD c:/users/israr admin/appdata/local/arduino15/packages/arduino/tools/arm-none-eabi-gcc/7-2017q4/bin/../lib/gcc/arm-none-eabi/7.2.1/../../../../arm-none-eabi/lib/thumb/v6-m\libnosys.a
END GROUP
START GROUP
LOAD c:/users/israr admin/appdata/local/arduino15/packages/arduino/tools/arm-none-eabi-gcc/7-2017q4/bin/../lib/gcc/arm-none-eabi/7.2.1/thumb/v6-m\libgcc.a
LOAD c:/users/israr admin/appdata/local/arduino15/packages/arduino/tools/arm-none-eabi-gcc/7-2017q4/bin/../lib/gcc/arm-none-eabi/7.2.1/../../../../arm-none-eabi/lib/thumb/v6-m\libc_nano.a
LOAD c:/users/israr admin/appdata/local/arduino15/packages/arduino/tools/arm-none-eabi-gcc/7-2017q4/bin/../lib/gcc/arm-none-eabi/7.2.1/../../../../arm-none-eabi/lib/thumb/v6-m\libnosys.a
END GROUP
LOAD c:/users/israr admin/appdata/local/arduino15/packages/arduino/tools/arm-none-eabi-gcc/7-2017q4/bin/../lib/gcc/arm-none-eabi/7.2.1/thumb/v6-m/crtend.o
LOAD c:/users/israr admin/appdata/local/arduino15/packages/arduino/tools/arm-none-eabi-gcc/7-2017q4/bin/../lib/gcc/arm-none-eabi/7.2.1/thumb/v6-m/crtn.o

.text           0x00000000     0x37e8
                0x00000000                __text_start__ = .
 *(.isr_vector)
 .isr_vector    0x00000000       0xb4 C:\Users\israr admin\AppData\Local\Temp\arduino\sketches\C53E92A54E30929DC43486CDF741E529/..\..\cores\PMM-06XX-IO-EXTENSIONS_samd_PMM0632XP_ddf9e875a25034da485ad693dbdce195\core.a(cortex_handlers.c.o)
                0x00000000                exception_table
 *(.text*)
 .text          0x000000b4       0x48 c:/users/israr admin/appdata/local/arduino15/packages/arduino/tools/arm-none-eabi-gcc/7-2017q4/bin/../lib/gcc/arm-none-eabi/7.2.1/thumb/v6-m/crtbegin.o
 .text.loop     0x000000fc       0x5c C:\Users\israr admin\AppData\Local\Temp\arduino\sketches\C53E92A54E30929DC43486CDF741E529\sketch\Main21J15Bv1.0.ino.cpp.o
                0x000000fc                loop
 .text.setup    0x00000158       0x50 C:\Users\israr admin\AppData\Local\Temp\arduino\sketches\C53E92A54E30929DC43486CDF741E529\sketch\Main21J15Bv1.0.ino.cpp.o
                0x00000158                setup
 .text._Z12receiveEventi
                0x000001a8       0x28 C:\Users\israr admin\AppData\Local\Temp\arduino\sketches\C53E92A54E30929DC43486CDF741E529\sketch\Main21J15Bv1.0.ino.cpp.o
                0x000001a8                receiveEvent(int)
 .text._Z12requestEventv
                0x000001d0       0x18 C:\Users\israr admin\AppData\Local\Temp\arduino\sketches\C53E92A54E30929DC43486CDF741E529\sketch\Main21J15Bv1.0.ino.cpp.o
                0x000001d0                requestEvent()
 .text._ZN7arduino5Print17availableForWriteEv
                0x000001e8        0x4 C:\Users\israr admin\AppData\Local\Temp\arduino\sketches\C53E92A54E30929DC43486CDF741E529\libraries\Wire\Wire.cpp.o
                0x000001e8                arduino::Print::availableForWrite()
 .text._ZN7arduino7TwoWire11requestFromEhj
                0x000001ec        0xc C:\Users\israr admin\AppData\Local\Temp\arduino\sketches\C53E92A54E30929DC43486CDF741E529\libraries\Wire\Wire.cpp.o
                0x000001ec                arduino::TwoWire::requestFrom(unsigned char, unsigned int)
 .text._ZN7arduino7TwoWire17beginTransmissionEh
                0x000001f8       0x18 C:\Users\israr admin\AppData\Local\Temp\arduino\sketches\C53E92A54E30929DC43486CDF741E529\libraries\Wire\Wire.cpp.o
                0x000001f8                arduino::TwoWire::beginTransmission(unsigned char)
 .text._ZN7arduino7TwoWire15endTransmissionEv
                0x00000210        0xc C:\Users\israr admin\AppData\Local\Temp\arduino\sketches\C53E92A54E30929DC43486CDF741E529\libraries\Wire\Wire.cpp.o
                0x00000210                arduino::TwoWire::endTransmission()
 .text._ZN7arduino7TwoWire5writeEPKhj
                0x0000021c       0x24 C:\Users\israr admin\AppData\Local\Temp\arduino\sketches\C53E92A54E30929DC43486CDF741E529\libraries\Wire\Wire.cpp.o
                0x0000021c                arduino::TwoWire::write(unsigned char const*, unsigned int)
 .text._ZN7arduino7TwoWire9availableEv
                0x00000240        0x6 C:\Users\israr admin\AppData\Local\Temp\arduino\sketches\C53E92A54E30929DC43486CDF741E529\libraries\Wire\Wire.cpp.o
                0x00000240                arduino::TwoWire::available()
 .text._ZN7arduino7TwoWire5flushEv
                0x00000246        0x2 C:\Users\israr admin\AppData\Local\Temp\arduino\sketches\C53E92A54E30929DC43486CDF741E529\libraries\Wire\Wire.cpp.o
                0x00000246                arduino::TwoWire::flush()
 .text._ZN7arduino7TwoWire9onReceiveEPFviE
                0x00000248        0x8 C:\Users\israr admin\AppData\Local\Temp\arduino\sketches\C53E92A54E30929DC43486CDF741E529\libraries\Wire\Wire.cpp.o
                0x00000248                arduino::TwoWire::onReceive(void (*)(int))
 .text._ZN7arduino7TwoWire9onRequestEPFvvE
                0x00000250        0x8 C:\Users\israr admin\AppData\Local\Temp\arduino\sketches\C53E92A54E30929DC43486CDF741E529\libraries\Wire\Wire.cpp.o
                0x00000250                arduino::TwoWire::onRequest(void (*)())
 .text._ZN7arduino7TwoWire4peekEv
                0x00000258       0x18 C:\Users\israr admin\AppData\Local\Temp\arduino\sketches\C53E92A54E30929DC43486CDF741E529\libraries\Wire\Wire.cpp.o
                0x00000258                arduino::TwoWire::peek()
 .text._ZN7arduino7TwoWire5beginEv
                0x00000270       0x40 C:\Users\israr admin\AppData\Local\Temp\arduino\sketches\C53E92A54E30929DC43486CDF741E529\libraries\Wire\Wire.cpp.o
                0x00000270                arduino::TwoWire::begin()
 .text._ZN7arduino7TwoWire8setClockEm
                0x000002b0       0x1c C:\Users\israr admin\AppData\Local\Temp\arduino\sketches\C53E92A54E30929DC43486CDF741E529\libraries\Wire\Wire.cpp.o
                0x000002b0                arduino::TwoWire::setClock(unsigned long)
 .text._ZN7arduino7TwoWire3endEv
                0x000002cc        0xa C:\Users\israr admin\AppData\Local\Temp\arduino\sketches\C53E92A54E30929DC43486CDF741E529\libraries\Wire\Wire.cpp.o
                0x000002cc                arduino::TwoWire::end()
 *fill*         0x000002d6        0x2 
 .text._ZN7arduino7TwoWireC2EP6SERCOMhh
                0x000002d8       0x64 C:\Users\israr admin\AppData\Local\Temp\arduino\sketches\C53E92A54E30929DC43486CDF741E529\libraries\Wire\Wire.cpp.o
                0x000002d8                arduino::TwoWire::TwoWire(SERCOM*, unsigned char, unsigned char)
                0x000002d8                arduino::TwoWire::TwoWire(SERCOM*, unsigned char, unsigned char)
 .text._ZN7arduino7TwoWire5beginEhb
                0x0000033c       0x38 C:\Users\israr admin\AppData\Local\Temp\arduino\sketches\C53E92A54E30929DC43486CDF741E529\libraries\Wire\Wire.cpp.o
                0x0000033c                arduino::TwoWire::begin(unsigned char, bool)
 .text._ZN7arduino7TwoWire5beginEh
                0x00000374        0xa C:\Users\israr admin\AppData\Local\Temp\arduino\sketches\C53E92A54E30929DC43486CDF741E529\libraries\Wire\Wire.cpp.o
                0x00000374                arduino::TwoWire::begin(unsigned char)
 .text._ZN7arduino11RingBufferNILi256EE10store_charEh
                0x0000037e       0x24 C:\Users\israr admin\AppData\Local\Temp\arduino\sketches\C53E92A54E30929DC43486CDF741E529\libraries\Wire\Wire.cpp.o
                0x0000037e                arduino::RingBufferN<256>::store_char(unsigned char)
 .text._ZN7arduino7TwoWire11requestFromEhjb
                0x000003a2       0x90 C:\Users\israr admin\AppData\Local\Temp\arduino\sketches\C53E92A54E30929DC43486CDF741E529\libraries\Wire\Wire.cpp.o
                0x000003a2                arduino::TwoWire::requestFrom(unsigned char, unsigned int, bool)
 .text._ZN7arduino7TwoWire5writeEh
                0x00000432       0x28 C:\Users\israr admin\AppData\Local\Temp\arduino\sketches\C53E92A54E30929DC43486CDF741E529\libraries\Wire\Wire.cpp.o
                0x00000432                arduino::TwoWire::write(unsigned char)
 .text._ZN7arduino11RingBufferNILi256EE9read_charEv
                0x0000045a       0x24 C:\Users\israr admin\AppData\Local\Temp\arduino\sketches\C53E92A54E30929DC43486CDF741E529\libraries\Wire\Wire.cpp.o
                0x0000045a                arduino::RingBufferN<256>::read_char()
 .text._ZN7arduino7TwoWire15endTransmissionEb
                0x0000047e       0x66 C:\Users\israr admin\AppData\Local\Temp\arduino\sketches\C53E92A54E30929DC43486CDF741E529\libraries\Wire\Wire.cpp.o
                0x0000047e                arduino::TwoWire::endTransmission(bool)
 .text._ZN7arduino7TwoWire4readEv
                0x000004e4        0xa C:\Users\israr admin\AppData\Local\Temp\arduino\sketches\C53E92A54E30929DC43486CDF741E529\libraries\Wire\Wire.cpp.o
                0x000004e4                arduino::TwoWire::read()
 .text._ZN7arduino7TwoWire9onServiceEv
                0x000004ee      0x114 C:\Users\israr admin\AppData\Local\Temp\arduino\sketches\C53E92A54E30929DC43486CDF741E529\libraries\Wire\Wire.cpp.o
                0x000004ee                arduino::TwoWire::onService()
 *fill*         0x00000602        0x2 
 .text.SERCOM3_Handler
                0x00000604       0x10 C:\Users\israr admin\AppData\Local\Temp\arduino\sketches\C53E92A54E30929DC43486CDF741E529\libraries\Wire\Wire.cpp.o
                0x00000604                SERCOM3_Handler
 .text.startup._GLOBAL__sub_I__ZN7arduino7TwoWireC2EP6SERCOMhh
                0x00000614       0x18 C:\Users\israr admin\AppData\Local\Temp\arduino\sketches\C53E92A54E30929DC43486CDF741E529\libraries\Wire\Wire.cpp.o
 .text.SERCOM0_Handler
                0x0000062c       0x10 C:\Users\israr admin\AppData\Local\Temp\arduino\sketches\C53E92A54E30929DC43486CDF741E529\core\variant.cpp.o
                0x0000062c                SERCOM0_Handler
 .text.SERCOM5_Handler
                0x0000063c       0x10 C:\Users\israr admin\AppData\Local\Temp\arduino\sketches\C53E92A54E30929DC43486CDF741E529\core\variant.cpp.o
                0x0000063c                SERCOM5_Handler
 .text.startup._GLOBAL__sub_I_g_APinDescription
                0x0000064c       0x94 C:\Users\israr admin\AppData\Local\Temp\arduino\sketches\C53E92A54E30929DC43486CDF741E529\core\variant.cpp.o
 .text._ZN6SERCOMC2EP6Sercom
                0x000006e0        0x8 C:\Users\israr admin\AppData\Local\Temp\arduino\sketches\C53E92A54E30929DC43486CDF741E529/..\..\cores\PMM-06XX-IO-EXTENSIONS_samd_PMM0632XP_ddf9e875a25034da485ad693dbdce195\core.a(SERCOM.cpp.o)
                0x000006e0                SERCOM::SERCOM(Sercom*)
                0x000006e0                SERCOM::SERCOM(Sercom*)
 .text._ZN6SERCOM9initFrameE18SercomUartCharSize15SercomDataOrder16SercomParityMode19SercomNumberStopBit
                0x000006e8       0x3a C:\Users\israr admin\AppData\Local\Temp\arduino\sketches\C53E92A54E30929DC43486CDF741E529/..\..\cores\PMM-06XX-IO-EXTENSIONS_samd_PMM0632XP_ddf9e875a25034da485ad693dbdce195\core.a(SERCOM.cpp.o)
                0x000006e8                SERCOM::initFrame(SercomUartCharSize, SercomDataOrder, SercomParityMode, SercomNumberStopBit)
 .text._ZN6SERCOM8initPadsE15SercomUartTXPad11SercomRXPad
                0x00000722       0x26 C:\Users\israr admin\AppData\Local\Temp\arduino\sketches\C53E92A54E30929DC43486CDF741E529/..\..\cores\PMM-06XX-IO-EXTENSIONS_samd_PMM0632XP_ddf9e875a25034da485ad693dbdce195\core.a(SERCOM.cpp.o)
                0x00000722                SERCOM::initPads(SercomUartTXPad, SercomRXPad)
 .text._ZN6SERCOM9resetUARTEv
                0x00000748       0x1a C:\Users\israr admin\AppData\Local\Temp\arduino\sketches\C53E92A54E30929DC43486CDF741E529/..\..\cores\PMM-06XX-IO-EXTENSIONS_samd_PMM0632XP_ddf9e875a25034da485ad693dbdce195\core.a(SERCOM.cpp.o)
                0x00000748                SERCOM::resetUART()
 .text._ZN6SERCOM10enableUARTEv
                0x00000762       0x14 C:\Users\israr admin\AppData\Local\Temp\arduino\sketches\C53E92A54E30929DC43486CDF741E529/..\..\cores\PMM-06XX-IO-EXTENSIONS_samd_PMM0632XP_ddf9e875a25034da485ad693dbdce195\core.a(SERCOM.cpp.o)
                0x00000762                SERCOM::enableUART()
 .text._ZN6SERCOM9flushUARTEv
                0x00000776       0x14 C:\Users\israr admin\AppData\Local\Temp\arduino\sketches\C53E92A54E30929DC43486CDF741E529/..\..\cores\PMM-06XX-IO-EXTENSIONS_samd_PMM0632XP_ddf9e875a25034da485ad693dbdce195\core.a(SERCOM.cpp.o)
                0x00000776                SERCOM::flushUART()
 .text._ZN6SERCOM15clearStatusUARTEv
                0x0000078a        0x8 C:\Users\israr admin\AppData\Local\Temp\arduino\sketches\C53E92A54E30929DC43486CDF741E529/..\..\cores\PMM-06XX-IO-EXTENSIONS_samd_PMM0632XP_ddf9e875a25034da485ad693dbdce195\core.a(SERCOM.cpp.o)
                0x0000078a                SERCOM::clearStatusUART()
 .text._ZN6SERCOM17availableDataUARTEv
                0x00000792        0xa C:\Users\israr admin\AppData\Local\Temp\arduino\sketches\C53E92A54E30929DC43486CDF741E529/..\..\cores\PMM-06XX-IO-EXTENSIONS_samd_PMM0632XP_ddf9e875a25034da485ad693dbdce195\core.a(SERCOM.cpp.o)
                0x00000792                SERCOM::availableDataUART()
 .text._ZN6SERCOM11isUARTErrorEv
                0x0000079c        0x8 C:\Users\israr admin\AppData\Local\Temp\arduino\sketches\C53E92A54E30929DC43486CDF741E529/..\..\cores\PMM-06XX-IO-EXTENSIONS_samd_PMM0632XP_ddf9e875a25034da485ad693dbdce195\core.a(SERCOM.cpp.o)
                0x0000079c                SERCOM::isUARTError()
 .text._ZN6SERCOM20acknowledgeUARTErrorEv
                0x000007a4        0xe C:\Users\israr admin\AppData\Local\Temp\arduino\sketches\C53E92A54E30929DC43486CDF741E529/..\..\cores\PMM-06XX-IO-EXTENSIONS_samd_PMM0632XP_ddf9e875a25034da485ad693dbdce195\core.a(SERCOM.cpp.o)
                0x000007a4                SERCOM::acknowledgeUARTError()
 .text._ZN6SERCOM16isFrameErrorUARTEv
                0x000007b2        0xa C:\Users\israr admin\AppData\Local\Temp\arduino\sketches\C53E92A54E30929DC43486CDF741E529/..\..\cores\PMM-06XX-IO-EXTENSIONS_samd_PMM0632XP_ddf9e875a25034da485ad693dbdce195\core.a(SERCOM.cpp.o)
                0x000007b2                SERCOM::isFrameErrorUART()
 .text._ZN6SERCOM19clearFrameErrorUARTEv
                0x000007bc        0xc C:\Users\israr admin\AppData\Local\Temp\arduino\sketches\C53E92A54E30929DC43486CDF741E529/..\..\cores\PMM-06XX-IO-EXTENSIONS_samd_PMM0632XP_ddf9e875a25034da485ad693dbdce195\core.a(SERCOM.cpp.o)
                0x000007bc                SERCOM::clearFrameErrorUART()
 .text._ZN6SERCOM23isDataRegisterEmptyUARTEv
                0x000007c8        0xa C:\Users\israr admin\AppData\Local\Temp\arduino\sketches\C53E92A54E30929DC43486CDF741E529/..\..\cores\PMM-06XX-IO-EXTENSIONS_samd_PMM0632XP_ddf9e875a25034da485ad693dbdce195\core.a(SERCOM.cpp.o)
                0x000007c8                SERCOM::isDataRegisterEmptyUART()
 .text._ZN6SERCOM12readDataUARTEv
                0x000007d2        0x8 C:\Users\israr admin\AppData\Local\Temp\arduino\sketches\C53E92A54E30929DC43486CDF741E529/..\..\cores\PMM-06XX-IO-EXTENSIONS_samd_PMM0632XP_ddf9e875a25034da485ad693dbdce195\core.a(SERCOM.cpp.o)
                0x000007d2                SERCOM::readDataUART()
 .text._ZN6SERCOM13writeDataUARTEh
                0x000007da       0x14 C:\Users\israr admin\AppData\Local\Temp\arduino\sketches\C53E92A54E30929DC43486CDF741E529/..\..\cores\PMM-06XX-IO-EXTENSIONS_samd_PMM0632XP_ddf9e875a25034da485ad693dbdce195\core.a(SERCOM.cpp.o)
                0x000007da                SERCOM::writeDataUART(unsigned char)
 .text._ZN6SERCOM36enableDataRegisterEmptyInterruptUARTEv
                0x000007ee        0x8 C:\Users\israr admin\AppData\Local\Temp\arduino\sketches\C53E92A54E30929DC43486CDF741E529/..\..\cores\PMM-06XX-IO-EXTENSIONS_samd_PMM0632XP_ddf9e875a25034da485ad693dbdce195\core.a(SERCOM.cpp.o)
                0x000007ee                SERCOM::enableDataRegisterEmptyInterruptUART()
 .text._ZN6SERCOM37disableDataRegisterEmptyInterruptUARTEv
                0x000007f6        0x8 C:\Users\israr admin\AppData\Local\Temp\arduino\sketches\C53E92A54E30929DC43486CDF741E529/..\..\cores\PMM-06XX-IO-EXTENSIONS_samd_PMM0632XP_ddf9e875a25034da485ad693dbdce195\core.a(SERCOM.cpp.o)
                0x000007f6                SERCOM::disableDataRegisterEmptyInterruptUART()
 .text._ZN6SERCOM9resetWIREEv
                0x000007fe       0x1a C:\Users\israr admin\AppData\Local\Temp\arduino\sketches\C53E92A54E30929DC43486CDF741E529/..\..\cores\PMM-06XX-IO-EXTENSIONS_samd_PMM0632XP_ddf9e875a25034da485ad693dbdce195\core.a(SERCOM.cpp.o)
                0x000007fe                SERCOM::resetWIRE()
 .text._ZN6SERCOM10enableWIREEv
                0x00000818       0x2a C:\Users\israr admin\AppData\Local\Temp\arduino\sketches\C53E92A54E30929DC43486CDF741E529/..\..\cores\PMM-06XX-IO-EXTENSIONS_samd_PMM0632XP_ddf9e875a25034da485ad693dbdce195\core.a(SERCOM.cpp.o)
                0x00000818                SERCOM::enableWIRE()
 .text._ZN6SERCOM11disableWIREEv
                0x00000842       0x14 C:\Users\israr admin\AppData\Local\Temp\arduino\sketches\C53E92A54E30929DC43486CDF741E529/..\..\cores\PMM-06XX-IO-EXTENSIONS_samd_PMM0632XP_ddf9e875a25034da485ad693dbdce195\core.a(SERCOM.cpp.o)
                0x00000842                SERCOM::disableWIRE()
 .text._ZN6SERCOM18prepareNackBitWIREEv
                0x00000856       0x10 C:\Users\israr admin\AppData\Local\Temp\arduino\sketches\C53E92A54E30929DC43486CDF741E529/..\..\cores\PMM-06XX-IO-EXTENSIONS_samd_PMM0632XP_ddf9e875a25034da485ad693dbdce195\core.a(SERCOM.cpp.o)
                0x00000856                SERCOM::prepareNackBitWIRE()
 *fill*         0x00000866        0x2 
 .text._ZN6SERCOM17prepareAckBitWIREEv
                0x00000868       0x14 C:\Users\israr admin\AppData\Local\Temp\arduino\sketches\C53E92A54E30929DC43486CDF741E529/..\..\cores\PMM-06XX-IO-EXTENSIONS_samd_PMM0632XP_ddf9e875a25034da485ad693dbdce195\core.a(SERCOM.cpp.o)
                0x00000868                SERCOM::prepareAckBitWIRE()
 .text._ZN6SERCOM22prepareCommandBitsWireEh
                0x0000087c       0x2c C:\Users\israr admin\AppData\Local\Temp\arduino\sketches\C53E92A54E30929DC43486CDF741E529/..\..\cores\PMM-06XX-IO-EXTENSIONS_samd_PMM0632XP_ddf9e875a25034da485ad693dbdce195\core.a(SERCOM.cpp.o)
                0x0000087c                SERCOM::prepareCommandBitsWire(unsigned char)
 .text._ZN6SERCOM21startTransmissionWIREEh23SercomWireReadWriteFlag
                0x000008a8       0x84 C:\Users\israr admin\AppData\Local\Temp\arduino\sketches\C53E92A54E30929DC43486CDF741E529/..\..\cores\PMM-06XX-IO-EXTENSIONS_samd_PMM0632XP_ddf9e875a25034da485ad693dbdce195\core.a(SERCOM.cpp.o)
                0x000008a8                SERCOM::startTransmissionWIRE(unsigned char, SercomWireReadWriteFlag)
 .text._ZN6SERCOM18sendDataMasterWIREEh
                0x0000092c       0x30 C:\Users\israr admin\AppData\Local\Temp\arduino\sketches\C53E92A54E30929DC43486CDF741E529/..\..\cores\PMM-06XX-IO-EXTENSIONS_samd_PMM0632XP_ddf9e875a25034da485ad693dbdce195\core.a(SERCOM.cpp.o)
                0x0000092c                SERCOM::sendDataMasterWIRE(unsigned char)
 .text._ZN6SERCOM17sendDataSlaveWIREEh
                0x0000095c       0x1c C:\Users\israr admin\AppData\Local\Temp\arduino\sketches\C53E92A54E30929DC43486CDF741E529/..\..\cores\PMM-06XX-IO-EXTENSIONS_samd_PMM0632XP_ddf9e875a25034da485ad693dbdce195\core.a(SERCOM.cpp.o)
                0x0000095c                SERCOM::sendDataSlaveWIRE(unsigned char)
 .text._ZN6SERCOM11isSlaveWIREEv
                0x00000978       0x12 C:\Users\israr admin\AppData\Local\Temp\arduino\sketches\C53E92A54E30929DC43486CDF741E529/..\..\cores\PMM-06XX-IO-EXTENSIONS_samd_PMM0632XP_ddf9e875a25034da485ad693dbdce195\core.a(SERCOM.cpp.o)
                0x00000978                SERCOM::isSlaveWIRE()
 .text._ZN6SERCOM14isBusOwnerWIREEv
                0x0000098a       0x12 C:\Users\israr admin\AppData\Local\Temp\arduino\sketches\C53E92A54E30929DC43486CDF741E529/..\..\cores\PMM-06XX-IO-EXTENSIONS_samd_PMM0632XP_ddf9e875a25034da485ad693dbdce195\core.a(SERCOM.cpp.o)
                0x0000098a                SERCOM::isBusOwnerWIRE()
 .text._ZN6SERCOM15isDataReadyWIREEv
                0x0000099c        0xa C:\Users\israr admin\AppData\Local\Temp\arduino\sketches\C53E92A54E30929DC43486CDF741E529/..\..\cores\PMM-06XX-IO-EXTENSIONS_samd_PMM0632XP_ddf9e875a25034da485ad693dbdce195\core.a(SERCOM.cpp.o)
                0x0000099c                SERCOM::isDataReadyWIRE()
 .text._ZN6SERCOM18isStopDetectedWIREEv
                0x000009a6        0xa C:\Users\israr admin\AppData\Local\Temp\arduino\sketches\C53E92A54E30929DC43486CDF741E529/..\..\cores\PMM-06XX-IO-EXTENSIONS_samd_PMM0632XP_ddf9e875a25034da485ad693dbdce195\core.a(SERCOM.cpp.o)
                0x000009a6                SERCOM::isStopDetectedWIRE()
 .text._ZN6SERCOM21isRestartDetectedWIREEv
                0x000009b0        0xa C:\Users\israr admin\AppData\Local\Temp\arduino\sketches\C53E92A54E30929DC43486CDF741E529/..\..\cores\PMM-06XX-IO-EXTENSIONS_samd_PMM0632XP_ddf9e875a25034da485ad693dbdce195\core.a(SERCOM.cpp.o)
                0x000009b0                SERCOM::isRestartDetectedWIRE()
 .text._ZN6SERCOM14isAddressMatchEv
                0x000009ba        0xa C:\Users\israr admin\AppData\Local\Temp\arduino\sketches\C53E92A54E30929DC43486CDF741E529/..\..\cores\PMM-06XX-IO-EXTENSIONS_samd_PMM0632XP_ddf9e875a25034da485ad693dbdce195\core.a(SERCOM.cpp.o)
                0x000009ba                SERCOM::isAddressMatch()
 .text._ZN6SERCOM25isMasterReadOperationWIREEv
                0x000009c4        0xa C:\Users\israr admin\AppData\Local\Temp\arduino\sketches\C53E92A54E30929DC43486CDF741E529/..\..\cores\PMM-06XX-IO-EXTENSIONS_samd_PMM0632XP_ddf9e875a25034da485ad693dbdce195\core.a(SERCOM.cpp.o)
                0x000009c4                SERCOM::isMasterReadOperationWIRE()
 .text._ZN6SERCOM12readDataWIREEv
                0x000009ce       0x20 C:\Users\israr admin\AppData\Local\Temp\arduino\sketches\C53E92A54E30929DC43486CDF741E529/..\..\cores\PMM-06XX-IO-EXTENSIONS_samd_PMM0632XP_ddf9e875a25034da485ad693dbdce195\core.a(SERCOM.cpp.o)
                0x000009ce                SERCOM::readDataWIRE()
 *fill*         0x000009ee        0x2 
 .text._ZN6SERCOM13initClockNVICEv
                0x000009f0       0xa8 C:\Users\israr admin\AppData\Local\Temp\arduino\sketches\C53E92A54E30929DC43486CDF741E529/..\..\cores\PMM-06XX-IO-EXTENSIONS_samd_PMM0632XP_ddf9e875a25034da485ad693dbdce195\core.a(SERCOM.cpp.o)
                0x000009f0                SERCOM::initClockNVIC()
 .text._ZN6SERCOM8initUARTE14SercomUartMode20SercomUartSampleRatem
                0x00000a98       0x6c C:\Users\israr admin\AppData\Local\Temp\arduino\sketches\C53E92A54E30929DC43486CDF741E529/..\..\cores\PMM-06XX-IO-EXTENSIONS_samd_PMM0632XP_ddf9e875a25034da485ad693dbdce195\core.a(SERCOM.cpp.o)
                0x00000a98                SERCOM::initUART(SercomUartMode, SercomUartSampleRate, unsigned long)
 .text._ZN6SERCOM13initSlaveWIREEhb
                0x00000b04       0x4a C:\Users\israr admin\AppData\Local\Temp\arduino\sketches\C53E92A54E30929DC43486CDF741E529/..\..\cores\PMM-06XX-IO-EXTENSIONS_samd_PMM0632XP_ddf9e875a25034da485ad693dbdce195\core.a(SERCOM.cpp.o)
                0x00000b04                SERCOM::initSlaveWIRE(unsigned char, bool)
 *fill*         0x00000b4e        0x2 
 .text._ZN6SERCOM14initMasterWIREEm
                0x00000b50       0x54 C:\Users\israr admin\AppData\Local\Temp\arduino\sketches\C53E92A54E30929DC43486CDF741E529/..\..\cores\PMM-06XX-IO-EXTENSIONS_samd_PMM0632XP_ddf9e875a25034da485ad693dbdce195\core.a(SERCOM.cpp.o)
                0x00000b50                SERCOM::initMasterWIRE(unsigned long)
 .text._ZN7Serial_13getDescriptorERN7arduino8USBSetupE
                0x00000ba4        0x4 C:\Users\israr admin\AppData\Local\Temp\arduino\sketches\C53E92A54E30929DC43486CDF741E529/..\..\cores\PMM-06XX-IO-EXTENSIONS_samd_PMM0632XP_ddf9e875a25034da485ad693dbdce195\core.a(CDC.cpp.o)
                0x00000ba4                Serial_::getDescriptor(arduino::USBSetup&)
 .text._ZL5utox8mPc
                0x00000ba8       0x24 C:\Users\israr admin\AppData\Local\Temp\arduino\sketches\C53E92A54E30929DC43486CDF741E529/..\..\cores\PMM-06XX-IO-EXTENSIONS_samd_PMM0632XP_ddf9e875a25034da485ad693dbdce195\core.a(CDC.cpp.o)
 .text._ZN7Serial_12getShortNameEPc
                0x00000bcc       0x44 C:\Users\israr admin\AppData\Local\Temp\arduino\sketches\C53E92A54E30929DC43486CDF741E529/..\..\cores\PMM-06XX-IO-EXTENSIONS_samd_PMM0632XP_ddf9e875a25034da485ad693dbdce195\core.a(CDC.cpp.o)
                0x00000bcc                Serial_::getShortName(char*)
 .text._ZThn16_N7Serial_12getShortNameEPc
                0x00000c10       0x10 C:\Users\israr admin\AppData\Local\Temp\arduino\sketches\C53E92A54E30929DC43486CDF741E529/..\..\cores\PMM-06XX-IO-EXTENSIONS_samd_PMM0632XP_ddf9e875a25034da485ad693dbdce195\core.a(CDC.cpp.o)
                0x00000c10                non-virtual thunk to Serial_::getShortName(char*)
 .text._ZN7Serial_5beginEm
                0x00000c20        0x2 C:\Users\israr admin\AppData\Local\Temp\arduino\sketches\C53E92A54E30929DC43486CDF741E529/..\..\cores\PMM-06XX-IO-EXTENSIONS_samd_PMM0632XP_ddf9e875a25034da485ad693dbdce195\core.a(CDC.cpp.o)
                0x00000c20                Serial_::begin(unsigned long)
 .text._ZN7Serial_5beginEmt
                0x00000c22        0x2 C:\Users\israr admin\AppData\Local\Temp\arduino\sketches\C53E92A54E30929DC43486CDF741E529/..\..\cores\PMM-06XX-IO-EXTENSIONS_samd_PMM0632XP_ddf9e875a25034da485ad693dbdce195\core.a(CDC.cpp.o)
                0x00000c22                Serial_::begin(unsigned long, unsigned short)
 .text._ZN7Serial_17availableForWriteEv
                0x00000c24        0x4 C:\Users\israr admin\AppData\Local\Temp\arduino\sketches\C53E92A54E30929DC43486CDF741E529/..\..\cores\PMM-06XX-IO-EXTENSIONS_samd_PMM0632XP_ddf9e875a25034da485ad693dbdce195\core.a(CDC.cpp.o)
                0x00000c24                Serial_::availableForWrite()
 .text._ZN7Serial_5writeEh
                0x00000c28       0x14 C:\Users\israr admin\AppData\Local\Temp\arduino\sketches\C53E92A54E30929DC43486CDF741E529/..\..\cores\PMM-06XX-IO-EXTENSIONS_samd_PMM0632XP_ddf9e875a25034da485ad693dbdce195\core.a(CDC.cpp.o)
                0x00000c28                Serial_::write(unsigned char)
 .text._ZN7Serial_12getInterfaceEPh
                0x00000c3c      0x11c C:\Users\israr admin\AppData\Local\Temp\arduino\sketches\C53E92A54E30929DC43486CDF741E529/..\..\cores\PMM-06XX-IO-EXTENSIONS_samd_PMM0632XP_ddf9e875a25034da485ad693dbdce195\core.a(CDC.cpp.o)
                0x00000c3c                Serial_::getInterface(unsigned char*)
 .text._ZThn16_N7Serial_12getInterfaceEPh
                0x00000d58       0x10 C:\Users\israr admin\AppData\Local\Temp\arduino\sketches\C53E92A54E30929DC43486CDF741E529/..\..\cores\PMM-06XX-IO-EXTENSIONS_samd_PMM0632XP_ddf9e875a25034da485ad693dbdce195\core.a(CDC.cpp.o)
                0x00000d58                non-virtual thunk to Serial_::getInterface(unsigned char*)
 .text._ZN7Serial_5setupERN7arduino8USBSetupE
                0x00000d68       0x98 C:\Users\israr admin\AppData\Local\Temp\arduino\sketches\C53E92A54E30929DC43486CDF741E529/..\..\cores\PMM-06XX-IO-EXTENSIONS_samd_PMM0632XP_ddf9e875a25034da485ad693dbdce195\core.a(CDC.cpp.o)
                0x00000d68                Serial_::setup(arduino::USBSetup&)
 .text._ZThn16_N7Serial_5setupERN7arduino8USBSetupE
                0x00000e00       0x10 C:\Users\israr admin\AppData\Local\Temp\arduino\sketches\C53E92A54E30929DC43486CDF741E529/..\..\cores\PMM-06XX-IO-EXTENSIONS_samd_PMM0632XP_ddf9e875a25034da485ad693dbdce195\core.a(CDC.cpp.o)
                0x00000e00                non-virtual thunk to Serial_::setup(arduino::USBSetup&)
 .text._ZN7Serial_3endEv
                0x00000e10       0x14 C:\Users\israr admin\AppData\Local\Temp\arduino\sketches\C53E92A54E30929DC43486CDF741E529/..\..\cores\PMM-06XX-IO-EXTENSIONS_samd_PMM0632XP_ddf9e875a25034da485ad693dbdce195\core.a(CDC.cpp.o)
                0x00000e10                Serial_::end()
 .text._ZN7Serial_9availableEv
                0x00000e24       0x20 C:\Users\israr admin\AppData\Local\Temp\arduino\sketches\C53E92A54E30929DC43486CDF741E529/..\..\cores\PMM-06XX-IO-EXTENSIONS_samd_PMM0632XP_ddf9e875a25034da485ad693dbdce195\core.a(CDC.cpp.o)
                0x00000e24                Serial_::available()
 .text._ZN7Serial_5flushEv
                0x00000e44        0xe C:\Users\israr admin\AppData\Local\Temp\arduino\sketches\C53E92A54E30929DC43486CDF741E529/..\..\cores\PMM-06XX-IO-EXTENSIONS_samd_PMM0632XP_ddf9e875a25034da485ad693dbdce195\core.a(CDC.cpp.o)
                0x00000e44                Serial_::flush()
 .text._ZN7Serial_5clearEv
                0x00000e52        0xe C:\Users\israr admin\AppData\Local\Temp\arduino\sketches\C53E92A54E30929DC43486CDF741E529/..\..\cores\PMM-06XX-IO-EXTENSIONS_samd_PMM0632XP_ddf9e875a25034da485ad693dbdce195\core.a(CDC.cpp.o)
                0x00000e52                Serial_::clear()
 .text._ZN7Serial_5writeEPKhj
                0x00000e60       0x1e C:\Users\israr admin\AppData\Local\Temp\arduino\sketches\C53E92A54E30929DC43486CDF741E529/..\..\cores\PMM-06XX-IO-EXTENSIONS_samd_PMM0632XP_ddf9e875a25034da485ad693dbdce195\core.a(CDC.cpp.o)
                0x00000e60                Serial_::write(unsigned char const*, unsigned int)
 *fill*         0x00000e7e        0x2 
 .text._ZN7Serial_4peekEv
                0x00000e80       0x1c C:\Users\israr admin\AppData\Local\Temp\arduino\sketches\C53E92A54E30929DC43486CDF741E529/..\..\cores\PMM-06XX-IO-EXTENSIONS_samd_PMM0632XP_ddf9e875a25034da485ad693dbdce195\core.a(CDC.cpp.o)
                0x00000e80                Serial_::peek()
 .text._ZN7Serial_4readEv
                0x00000e9c       0x24 C:\Users\israr admin\AppData\Local\Temp\arduino\sketches\C53E92A54E30929DC43486CDF741E529/..\..\cores\PMM-06XX-IO-EXTENSIONS_samd_PMM0632XP_ddf9e875a25034da485ad693dbdce195\core.a(CDC.cpp.o)
                0x00000e9c                Serial_::read()
 .text._ZN7Serial_cvbEv
                0x00000ec0       0x28 C:\Users\israr admin\AppData\Local\Temp\arduino\sketches\C53E92A54E30929DC43486CDF741E529/..\..\cores\PMM-06XX-IO-EXTENSIONS_samd_PMM0632XP_ddf9e875a25034da485ad693dbdce195\core.a(CDC.cpp.o)
                0x00000ec0                Serial_::operator bool()
 .text._ZThn16_N7Serial_13getDescriptorERN7arduino8USBSetupE
                0x00000ee8        0x4 C:\Users\israr admin\AppData\Local\Temp\arduino\sketches\C53E92A54E30929DC43486CDF741E529/..\..\cores\PMM-06XX-IO-EXTENSIONS_samd_PMM0632XP_ddf9e875a25034da485ad693dbdce195\core.a(CDC.cpp.o)
                0x00000ee8                non-virtual thunk to Serial_::getDescriptor(arduino::USBSetup&)
 .text.resetExternalChip
                0x00000eec        0x2 C:\Users\israr admin\AppData\Local\Temp\arduino\sketches\C53E92A54E30929DC43486CDF741E529/..\..\cores\PMM-06XX-IO-EXTENSIONS_samd_PMM0632XP_ddf9e875a25034da485ad693dbdce195\core.a(CDC.cpp.o)
                0x00000eec                resetExternalChip
 .text._ZN7Serial_14handleEndpointEi
                0x00000eee        0x2 C:\Users\israr admin\AppData\Local\Temp\arduino\sketches\C53E92A54E30929DC43486CDF741E529/..\..\cores\PMM-06XX-IO-EXTENSIONS_samd_PMM0632XP_ddf9e875a25034da485ad693dbdce195\core.a(CDC.cpp.o)
                0x00000eee                Serial_::handleEndpoint(int)
 .text._ZN7Serial_C2ER14USBDeviceClass
                0x00000ef0       0x50 C:\Users\israr admin\AppData\Local\Temp\arduino\sketches\C53E92A54E30929DC43486CDF741E529/..\..\cores\PMM-06XX-IO-EXTENSIONS_samd_PMM0632XP_ddf9e875a25034da485ad693dbdce195\core.a(CDC.cpp.o)
                0x00000ef0                Serial_::Serial_(USBDeviceClass&)
                0x00000ef0                Serial_::Serial_(USBDeviceClass&)
 .text._ZN7Serial_15enableInterruptEv
                0x00000f40       0x30 C:\Users\israr admin\AppData\Local\Temp\arduino\sketches\C53E92A54E30929DC43486CDF741E529/..\..\cores\PMM-06XX-IO-EXTENSIONS_samd_PMM0632XP_ddf9e875a25034da485ad693dbdce195\core.a(CDC.cpp.o)
                0x00000f40                Serial_::enableInterrupt()
 .text.startup._GLOBAL__sub_I__ZN7Serial_12getInterfaceEPh
                0x00000f70       0x14 C:\Users\israr admin\AppData\Local\Temp\arduino\sketches\C53E92A54E30929DC43486CDF741E529/..\..\cores\PMM-06XX-IO-EXTENSIONS_samd_PMM0632XP_ddf9e875a25034da485ad693dbdce195\core.a(CDC.cpp.o)
 .text._ZN26DoubleBufferedEPOutHandlerD2Ev
                0x00000f84        0x2 C:\Users\israr admin\AppData\Local\Temp\arduino\sketches\C53E92A54E30929DC43486CDF741E529/..\..\cores\PMM-06XX-IO-EXTENSIONS_samd_PMM0632XP_ddf9e875a25034da485ad693dbdce195\core.a(USBCore.cpp.o)
                0x00000f84                DoubleBufferedEPOutHandler::~DoubleBufferedEPOutHandler()
                0x00000f84                DoubleBufferedEPOutHandler::~DoubleBufferedEPOutHandler()
 .text._ZN26DoubleBufferedEPOutHandlerD0Ev
                0x00000f86        0xc C:\Users\israr admin\AppData\Local\Temp\arduino\sketches\C53E92A54E30929DC43486CDF741E529/..\..\cores\PMM-06XX-IO-EXTENSIONS_samd_PMM0632XP_ddf9e875a25034da485ad693dbdce195\core.a(USBCore.cpp.o)
                0x00000f86                DoubleBufferedEPOutHandler::~DoubleBufferedEPOutHandler()
 *fill*         0x00000f92        0x2 
 .text._ZN14USBDeviceClass6initEPEmm.part.7
                0x00000f94       0xc4 C:\Users\israr admin\AppData\Local\Temp\arduino\sketches\C53E92A54E30929DC43486CDF741E529/..\..\cores\PMM-06XX-IO-EXTENSIONS_samd_PMM0632XP_ddf9e875a25034da485ad693dbdce195\core.a(USBCore.cpp.o)
 .text._ZN7__GuardC2Ev
                0x00001058        0xe C:\Users\israr admin\AppData\Local\Temp\arduino\sketches\C53E92A54E30929DC43486CDF741E529/..\..\cores\PMM-06XX-IO-EXTENSIONS_samd_PMM0632XP_ddf9e875a25034da485ad693dbdce195\core.a(USBCore.cpp.o)
                0x00001058                __Guard::__Guard()
                0x00001058                __Guard::__Guard()
 .text._ZN7__GuardD2Ev
                0x00001066        0xe C:\Users\israr admin\AppData\Local\Temp\arduino\sketches\C53E92A54E30929DC43486CDF741E529/..\..\cores\PMM-06XX-IO-EXTENSIONS_samd_PMM0632XP_ddf9e875a25034da485ad693dbdce195\core.a(USBCore.cpp.o)
                0x00001066                __Guard::~__Guard()
                0x00001066                __Guard::~__Guard()
 .text._ZNK26DoubleBufferedEPOutHandler10_availableEv
                0x00001074       0x70 C:\Users\israr admin\AppData\Local\Temp\arduino\sketches\C53E92A54E30929DC43486CDF741E529/..\..\cores\PMM-06XX-IO-EXTENSIONS_samd_PMM0632XP_ddf9e875a25034da485ad693dbdce195\core.a(USBCore.cpp.o)
                0x00001074                DoubleBufferedEPOutHandler::_available() const
 .text._ZN26DoubleBufferedEPOutHandler7releaseEv
                0x000010e4       0x38 C:\Users\israr admin\AppData\Local\Temp\arduino\sketches\C53E92A54E30929DC43486CDF741E529/..\..\cores\PMM-06XX-IO-EXTENSIONS_samd_PMM0632XP_ddf9e875a25034da485ad693dbdce195\core.a(USBCore.cpp.o)
                0x000010e4                DoubleBufferedEPOutHandler::release()
 .text._ZN26DoubleBufferedEPOutHandler14handleEndpointEv
                0x0000111c       0xe2 C:\Users\israr admin\AppData\Local\Temp\arduino\sketches\C53E92A54E30929DC43486CDF741E529/..\..\cores\PMM-06XX-IO-EXTENSIONS_samd_PMM0632XP_ddf9e875a25034da485ad693dbdce195\core.a(USBCore.cpp.o)
                0x0000111c                DoubleBufferedEPOutHandler::handleEndpoint()
 .text._ZN14USBDeviceClass14SendInterfacesEPm
                0x000011fe       0x20 C:\Users\israr admin\AppData\Local\Temp\arduino\sketches\C53E92A54E30929DC43486CDF741E529/..\..\cores\PMM-06XX-IO-EXTENSIONS_samd_PMM0632XP_ddf9e875a25034da485ad693dbdce195\core.a(USBCore.cpp.o)
                0x000011fe                USBDeviceClass::SendInterfaces(unsigned long*)
 *fill*         0x0000121e        0x2 
 .text._ZN14USBDeviceClass6attachEv
                0x00001220       0x34 C:\Users\israr admin\AppData\Local\Temp\arduino\sketches\C53E92A54E30929DC43486CDF741E529/..\..\cores\PMM-06XX-IO-EXTENSIONS_samd_PMM0632XP_ddf9e875a25034da485ad693dbdce195\core.a(USBCore.cpp.o)
                0x00001220                USBDeviceClass::attach()
 .text._ZN14USBDeviceClass10setAddressEm
                0x00001254       0x48 C:\Users\israr admin\AppData\Local\Temp\arduino\sketches\C53E92A54E30929DC43486CDF741E529/..\..\cores\PMM-06XX-IO-EXTENSIONS_samd_PMM0632XP_ddf9e875a25034da485ad693dbdce195\core.a(USBCore.cpp.o)
                0x00001254                USBDeviceClass::setAddress(unsigned long)
 .text._ZN14USBDeviceClass25handleClassInterfaceSetupERN7arduino8USBSetupE
                0x0000129c       0x24 C:\Users\israr admin\AppData\Local\Temp\arduino\sketches\C53E92A54E30929DC43486CDF741E529/..\..\cores\PMM-06XX-IO-EXTENSIONS_samd_PMM0632XP_ddf9e875a25034da485ad693dbdce195\core.a(USBCore.cpp.o)
                0x0000129c                USBDeviceClass::handleClassInterfaceSetup(arduino::USBSetup&)
 .text._ZN14USBDeviceClass6initEPEmm
                0x000012c0      0x10c C:\Users\israr admin\AppData\Local\Temp\arduino\sketches\C53E92A54E30929DC43486CDF741E529/..\..\cores\PMM-06XX-IO-EXTENSIONS_samd_PMM0632XP_ddf9e875a25034da485ad693dbdce195\core.a(USBCore.cpp.o)
                0x000012c0                USBDeviceClass::initEP(unsigned long, unsigned long)
 .text._ZN14USBDeviceClass13initEndpointsEv
                0x000013cc       0x24 C:\Users\israr admin\AppData\Local\Temp\arduino\sketches\C53E92A54E30929DC43486CDF741E529/..\..\cores\PMM-06XX-IO-EXTENSIONS_samd_PMM0632XP_ddf9e875a25034da485ad693dbdce195\core.a(USBCore.cpp.o)
                0x000013cc                USBDeviceClass::initEndpoints()
 .text._ZN14USBDeviceClass5clearEm
                0x000013f0       0x38 C:\Users\israr admin\AppData\Local\Temp\arduino\sketches\C53E92A54E30929DC43486CDF741E529/..\..\cores\PMM-06XX-IO-EXTENSIONS_samd_PMM0632XP_ddf9e875a25034da485ad693dbdce195\core.a(USBCore.cpp.o)
                0x000013f0                USBDeviceClass::clear(unsigned long)
 .text._ZN14USBDeviceClass9availableEm
                0x00001428       0x2c C:\Users\israr admin\AppData\Local\Temp\arduino\sketches\C53E92A54E30929DC43486CDF741E529/..\..\cores\PMM-06XX-IO-EXTENSIONS_samd_PMM0632XP_ddf9e875a25034da485ad693dbdce195\core.a(USBCore.cpp.o)
                0x00001428                USBDeviceClass::available(unsigned long)
 .text._ZN14USBDeviceClass5flushEm
                0x00001454       0x2c C:\Users\israr admin\AppData\Local\Temp\arduino\sketches\C53E92A54E30929DC43486CDF741E529/..\..\cores\PMM-06XX-IO-EXTENSIONS_samd_PMM0632XP_ddf9e875a25034da485ad693dbdce195\core.a(USBCore.cpp.o)
                0x00001454                USBDeviceClass::flush(unsigned long)
 .text._ZN14USBDeviceClass4recvEmPvm
                0x00001480       0xdc C:\Users\israr admin\AppData\Local\Temp\arduino\sketches\C53E92A54E30929DC43486CDF741E529/..\..\cores\PMM-06XX-IO-EXTENSIONS_samd_PMM0632XP_ddf9e875a25034da485ad693dbdce195\core.a(USBCore.cpp.o)
                0x00001480                USBDeviceClass::recv(unsigned long, void*, unsigned long)
 .text._ZN14USBDeviceClass4recvEm
                0x0000155c       0x1c C:\Users\israr admin\AppData\Local\Temp\arduino\sketches\C53E92A54E30929DC43486CDF741E529/..\..\cores\PMM-06XX-IO-EXTENSIONS_samd_PMM0632XP_ddf9e875a25034da485ad693dbdce195\core.a(USBCore.cpp.o)
                0x0000155c                USBDeviceClass::recv(unsigned long)
 .text._ZN14USBDeviceClass14armRecvCtrlOUTEm
                0x00001578       0x5c C:\Users\israr admin\AppData\Local\Temp\arduino\sketches\C53E92A54E30929DC43486CDF741E529/..\..\cores\PMM-06XX-IO-EXTENSIONS_samd_PMM0632XP_ddf9e875a25034da485ad693dbdce195\core.a(USBCore.cpp.o)
                0x00001578                USBDeviceClass::armRecvCtrlOUT(unsigned long)
 .text._ZN14USBDeviceClass11recvControlEPvm
                0x000015d4       0x28 C:\Users\israr admin\AppData\Local\Temp\arduino\sketches\C53E92A54E30929DC43486CDF741E529/..\..\cores\PMM-06XX-IO-EXTENSIONS_samd_PMM0632XP_ddf9e875a25034da485ad693dbdce195\core.a(USBCore.cpp.o)
                0x000015d4                USBDeviceClass::recvControl(void*, unsigned long)
 .text._ZN14USBDeviceClass4sendEmPKvm
                0x000015fc      0x124 C:\Users\israr admin\AppData\Local\Temp\arduino\sketches\C53E92A54E30929DC43486CDF741E529/..\..\cores\PMM-06XX-IO-EXTENSIONS_samd_PMM0632XP_ddf9e875a25034da485ad693dbdce195\core.a(USBCore.cpp.o)
                0x000015fc                USBDeviceClass::send(unsigned long, void const*, unsigned long)
 .text._ZN14USBDeviceClass7armSendEmPKvm
                0x00001720       0x48 C:\Users\israr admin\AppData\Local\Temp\arduino\sketches\C53E92A54E30929DC43486CDF741E529/..\..\cores\PMM-06XX-IO-EXTENSIONS_samd_PMM0632XP_ddf9e875a25034da485ad693dbdce195\core.a(USBCore.cpp.o)
                0x00001720                USBDeviceClass::armSend(unsigned long, void const*, unsigned long)
 .text._ZN14USBDeviceClass11sendControlEPKvm
                0x00001768       0x54 C:\Users\israr admin\AppData\Local\Temp\arduino\sketches\C53E92A54E30929DC43486CDF741E529/..\..\cores\PMM-06XX-IO-EXTENSIONS_samd_PMM0632XP_ddf9e875a25034da485ad693dbdce195\core.a(USBCore.cpp.o)
                0x00001768                USBDeviceClass::sendControl(void const*, unsigned long)
 .text._ZN14USBDeviceClass20sendStringDescriptorEPKhm
                0x000017bc       0x64 C:\Users\israr admin\AppData\Local\Temp\arduino\sketches\C53E92A54E30929DC43486CDF741E529/..\..\cores\PMM-06XX-IO-EXTENSIONS_samd_PMM0632XP_ddf9e875a25034da485ad693dbdce195\core.a(USBCore.cpp.o)
                0x000017bc                USBDeviceClass::sendStringDescriptor(unsigned char const*, unsigned long)
 .text._ZN14USBDeviceClass17sendConfigurationEm
                0x00001820       0x80 C:\Users\israr admin\AppData\Local\Temp\arduino\sketches\C53E92A54E30929DC43486CDF741E529/..\..\cores\PMM-06XX-IO-EXTENSIONS_samd_PMM0632XP_ddf9e875a25034da485ad693dbdce195\core.a(USBCore.cpp.o)
                0x00001820                USBDeviceClass::sendConfiguration(unsigned long)
 .text._ZN14USBDeviceClass14sendDescriptorERN7arduino8USBSetupE
                0x000018a0       0xd8 C:\Users\israr admin\AppData\Local\Temp\arduino\sketches\C53E92A54E30929DC43486CDF741E529/..\..\cores\PMM-06XX-IO-EXTENSIONS_samd_PMM0632XP_ddf9e875a25034da485ad693dbdce195\core.a(USBCore.cpp.o)
                0x000018a0                USBDeviceClass::sendDescriptor(arduino::USBSetup&)
 .text._ZN14USBDeviceClass7sendZlpEm
                0x00001978       0x18 C:\Users\israr admin\AppData\Local\Temp\arduino\sketches\C53E92A54E30929DC43486CDF741E529/..\..\cores\PMM-06XX-IO-EXTENSIONS_samd_PMM0632XP_ddf9e875a25034da485ad693dbdce195\core.a(USBCore.cpp.o)
                0x00001978                USBDeviceClass::sendZlp(unsigned long)
 .text._ZN14USBDeviceClass19handleStandardSetupERN7arduino8USBSetupE
                0x00001990       0xf0 C:\Users\israr admin\AppData\Local\Temp\arduino\sketches\C53E92A54E30929DC43486CDF741E529/..\..\cores\PMM-06XX-IO-EXTENSIONS_samd_PMM0632XP_ddf9e875a25034da485ad693dbdce195\core.a(USBCore.cpp.o)
                0x00001990                USBDeviceClass::handleStandardSetup(arduino::USBSetup&)
 .text._ZN14USBDeviceClass10ISRHandlerEv
                0x00001a80      0x150 C:\Users\israr admin\AppData\Local\Temp\arduino\sketches\C53E92A54E30929DC43486CDF741E529/..\..\cores\PMM-06XX-IO-EXTENSIONS_samd_PMM0632XP_ddf9e875a25034da485ad693dbdce195\core.a(USBCore.cpp.o)
                0x00001a80                USBDeviceClass::ISRHandler()
 .text.UDD_Handler
                0x00001bd0       0x10 C:\Users\israr admin\AppData\Local\Temp\arduino\sketches\C53E92A54E30929DC43486CDF741E529/..\..\cores\PMM-06XX-IO-EXTENSIONS_samd_PMM0632XP_ddf9e875a25034da485ad693dbdce195\core.a(USBCore.cpp.o)
                0x00001bd0                UDD_Handler
 .text._ZN7arduino13PluggableUSB_C2Ev
                0x00001be0       0x10 C:\Users\israr admin\AppData\Local\Temp\arduino\sketches\C53E92A54E30929DC43486CDF741E529/..\..\cores\PMM-06XX-IO-EXTENSIONS_samd_PMM0632XP_ddf9e875a25034da485ad693dbdce195\core.a(USBCore.cpp.o)
                0x00001be0                arduino::PluggableUSB_::PluggableUSB_()
                0x00001be0                arduino::PluggableUSB_::PluggableUSB_()
 .text._Z8epBufferj
                0x00001bf0        0xc C:\Users\israr admin\AppData\Local\Temp\arduino\sketches\C53E92A54E30929DC43486CDF741E529/..\..\cores\PMM-06XX-IO-EXTENSIONS_samd_PMM0632XP_ddf9e875a25034da485ad693dbdce195\core.a(USBCore.cpp.o)
                0x00001bf0                epBuffer(unsigned int)
 .text._ZN7arduino11RingBufferNILi64EE10store_charEh
                0x00001bfc       0x1c C:\Users\israr admin\AppData\Local\Temp\arduino\sketches\C53E92A54E30929DC43486CDF741E529/..\..\cores\PMM-06XX-IO-EXTENSIONS_samd_PMM0632XP_ddf9e875a25034da485ad693dbdce195\core.a(USBCore.cpp.o)
                0x00001bfc                arduino::RingBufferN<64>::store_char(unsigned char)
 .text._ZN26DoubleBufferedEPOutHandler5_recvEv
                0x00001c18      0x15e C:\Users\israr admin\AppData\Local\Temp\arduino\sketches\C53E92A54E30929DC43486CDF741E529/..\..\cores\PMM-06XX-IO-EXTENSIONS_samd_PMM0632XP_ddf9e875a25034da485ad693dbdce195\core.a(USBCore.cpp.o)
                0x00001c18                DoubleBufferedEPOutHandler::_recv()
 .text._ZN26DoubleBufferedEPOutHandler9availableEv
                0x00001d76        0xc C:\Users\israr admin\AppData\Local\Temp\arduino\sketches\C53E92A54E30929DC43486CDF741E529/..\..\cores\PMM-06XX-IO-EXTENSIONS_samd_PMM0632XP_ddf9e875a25034da485ad693dbdce195\core.a(USBCore.cpp.o)
                0x00001d76                DoubleBufferedEPOutHandler::available()
 .text._ZN26DoubleBufferedEPOutHandler4peekEv
                0x00001d82       0x1c C:\Users\israr admin\AppData\Local\Temp\arduino\sketches\C53E92A54E30929DC43486CDF741E529/..\..\cores\PMM-06XX-IO-EXTENSIONS_samd_PMM0632XP_ddf9e875a25034da485ad693dbdce195\core.a(USBCore.cpp.o)
                0x00001d82                DoubleBufferedEPOutHandler::peek()
 .text._ZN26DoubleBufferedEPOutHandler4recvEPvm
                0x00001d9e       0x60 C:\Users\israr admin\AppData\Local\Temp\arduino\sketches\C53E92A54E30929DC43486CDF741E529/..\..\cores\PMM-06XX-IO-EXTENSIONS_samd_PMM0632XP_ddf9e875a25034da485ad693dbdce195\core.a(USBCore.cpp.o)
                0x00001d9e                DoubleBufferedEPOutHandler::recv(void*, unsigned long)
 *fill*         0x00001dfe        0x2 
 .text.startup._GLOBAL__sub_I_usbd
                0x00001e00       0x10 C:\Users\israr admin\AppData\Local\Temp\arduino\sketches\C53E92A54E30929DC43486CDF741E529/..\..\cores\PMM-06XX-IO-EXTENSIONS_samd_PMM0632XP_ddf9e875a25034da485ad693dbdce195\core.a(USBCore.cpp.o)
 .text._ZN14USBDeviceClass4initEv
                0x00001e10      0x18c C:\Users\israr admin\AppData\Local\Temp\arduino\sketches\C53E92A54E30929DC43486CDF741E529/..\..\cores\PMM-06XX-IO-EXTENSIONS_samd_PMM0632XP_ddf9e875a25034da485ad693dbdce195\core.a(USBCore.cpp.o)
                0x00001e10                USBDeviceClass::init()
 .text._ZN4UartcvbEv
                0x00001f9c        0x4 C:\Users\israr admin\AppData\Local\Temp\arduino\sketches\C53E92A54E30929DC43486CDF741E529/..\..\cores\PMM-06XX-IO-EXTENSIONS_samd_PMM0632XP_ddf9e875a25034da485ad693dbdce195\core.a(Uart.cpp.o)
                0x00001f9c                Uart::operator bool()
 .text._ZN4Uart5beginEm
                0x00001fa0       0x10 C:\Users\israr admin\AppData\Local\Temp\arduino\sketches\C53E92A54E30929DC43486CDF741E529/..\..\cores\PMM-06XX-IO-EXTENSIONS_samd_PMM0632XP_ddf9e875a25034da485ad693dbdce195\core.a(Uart.cpp.o)
                0x00001fa0                Uart::begin(unsigned long)
 .text._ZN4Uart9availableEv
                0x00001fb0        0x6 C:\Users\israr admin\AppData\Local\Temp\arduino\sketches\C53E92A54E30929DC43486CDF741E529/..\..\cores\PMM-06XX-IO-EXTENSIONS_samd_PMM0632XP_ddf9e875a25034da485ad693dbdce195\core.a(Uart.cpp.o)
                0x00001fb0                Uart::available()
 .text._ZN4Uart17availableForWriteEv
                0x00001fb6       0x10 C:\Users\israr admin\AppData\Local\Temp\arduino\sketches\C53E92A54E30929DC43486CDF741E529/..\..\cores\PMM-06XX-IO-EXTENSIONS_samd_PMM0632XP_ddf9e875a25034da485ad693dbdce195\core.a(Uart.cpp.o)
                0x00001fb6                Uart::availableForWrite()
 .text._ZN4Uart4peekEv
                0x00001fc6       0x18 C:\Users\israr admin\AppData\Local\Temp\arduino\sketches\C53E92A54E30929DC43486CDF741E529/..\..\cores\PMM-06XX-IO-EXTENSIONS_samd_PMM0632XP_ddf9e875a25034da485ad693dbdce195\core.a(Uart.cpp.o)
                0x00001fc6                Uart::peek()
 .text._ZN4Uart3endEv
                0x00001fde       0x24 C:\Users\israr admin\AppData\Local\Temp\arduino\sketches\C53E92A54E30929DC43486CDF741E529/..\..\cores\PMM-06XX-IO-EXTENSIONS_samd_PMM0632XP_ddf9e875a25034da485ad693dbdce195\core.a(Uart.cpp.o)
                0x00001fde                Uart::end()
 .text._ZN4Uart5flushEv
                0x00002002       0x16 C:\Users\israr admin\AppData\Local\Temp\arduino\sketches\C53E92A54E30929DC43486CDF741E529/..\..\cores\PMM-06XX-IO-EXTENSIONS_samd_PMM0632XP_ddf9e875a25034da485ad693dbdce195\core.a(Uart.cpp.o)
                0x00002002                Uart::flush()
 .text._ZN4Uart16extractNbStopBitEt
                0x00002018        0xc C:\Users\israr admin\AppData\Local\Temp\arduino\sketches\C53E92A54E30929DC43486CDF741E529/..\..\cores\PMM-06XX-IO-EXTENSIONS_samd_PMM0632XP_ddf9e875a25034da485ad693dbdce195\core.a(Uart.cpp.o)
                0x00002018                Uart::extractNbStopBit(unsigned short)
 .text._ZN4Uart15extractCharSizeEt
                0x00002024       0x28 C:\Users\israr admin\AppData\Local\Temp\arduino\sketches\C53E92A54E30929DC43486CDF741E529/..\..\cores\PMM-06XX-IO-EXTENSIONS_samd_PMM0632XP_ddf9e875a25034da485ad693dbdce195\core.a(Uart.cpp.o)
                0x00002024                Uart::extractCharSize(unsigned short)
 .text._ZN4Uart13extractParityEt
                0x0000204c       0x14 C:\Users\israr admin\AppData\Local\Temp\arduino\sketches\C53E92A54E30929DC43486CDF741E529/..\..\cores\PMM-06XX-IO-EXTENSIONS_samd_PMM0632XP_ddf9e875a25034da485ad693dbdce195\core.a(Uart.cpp.o)
                0x0000204c                Uart::extractParity(unsigned short)
 .text._ZN4Uart5beginEmt
                0x00002060       0xf8 C:\Users\israr admin\AppData\Local\Temp\arduino\sketches\C53E92A54E30929DC43486CDF741E529/..\..\cores\PMM-06XX-IO-EXTENSIONS_samd_PMM0632XP_ddf9e875a25034da485ad693dbdce195\core.a(Uart.cpp.o)
                0x00002060                Uart::begin(unsigned long, unsigned short)
 .text._ZN7arduino11RingBufferNILi256EEC2Ev
                0x00002158       0x1e C:\Users\israr admin\AppData\Local\Temp\arduino\sketches\C53E92A54E30929DC43486CDF741E529/..\..\cores\PMM-06XX-IO-EXTENSIONS_samd_PMM0632XP_ddf9e875a25034da485ad693dbdce195\core.a(Uart.cpp.o)
                0x00002158                arduino::RingBufferN<256>::RingBufferN()
                0x00002158                arduino::RingBufferN<256>::RingBufferN()
 *fill*         0x00002176        0x2 
 .text._ZN4UartC2EP6SERCOMhh11SercomRXPad15SercomUartTXPad
                0x00002178       0x74 C:\Users\israr admin\AppData\Local\Temp\arduino\sketches\C53E92A54E30929DC43486CDF741E529/..\..\cores\PMM-06XX-IO-EXTENSIONS_samd_PMM0632XP_ddf9e875a25034da485ad693dbdce195\core.a(Uart.cpp.o)
                0x00002178                Uart::Uart(SERCOM*, unsigned char, unsigned char, SercomRXPad, SercomUartTXPad)
                0x00002178                Uart::Uart(SERCOM*, unsigned char, unsigned char, SercomRXPad, SercomUartTXPad)
 .text._ZN7arduino15SafeRingBufferNILi256EE10store_charEh
                0x000021ec       0x4a C:\Users\israr admin\AppData\Local\Temp\arduino\sketches\C53E92A54E30929DC43486CDF741E529/..\..\cores\PMM-06XX-IO-EXTENSIONS_samd_PMM0632XP_ddf9e875a25034da485ad693dbdce195\core.a(Uart.cpp.o)
                0x000021ec                arduino::SafeRingBufferN<256>::store_char(unsigned char)
 .text._ZN7arduino15SafeRingBufferNILi256EE9read_charEv
                0x00002236       0x50 C:\Users\israr admin\AppData\Local\Temp\arduino\sketches\C53E92A54E30929DC43486CDF741E529/..\..\cores\PMM-06XX-IO-EXTENSIONS_samd_PMM0632XP_ddf9e875a25034da485ad693dbdce195\core.a(Uart.cpp.o)
                0x00002236                arduino::SafeRingBufferN<256>::read_char()
 .text._ZN4Uart10IrqHandlerEv
                0x00002286       0xa4 C:\Users\israr admin\AppData\Local\Temp\arduino\sketches\C53E92A54E30929DC43486CDF741E529/..\..\cores\PMM-06XX-IO-EXTENSIONS_samd_PMM0632XP_ddf9e875a25034da485ad693dbdce195\core.a(Uart.cpp.o)
                0x00002286                Uart::IrqHandler()
 *fill*         0x0000232a        0x2 
 .text._ZN4Uart5writeEh
                0x0000232c       0x9c C:\Users\israr admin\AppData\Local\Temp\arduino\sketches\C53E92A54E30929DC43486CDF741E529/..\..\cores\PMM-06XX-IO-EXTENSIONS_samd_PMM0632XP_ddf9e875a25034da485ad693dbdce195\core.a(Uart.cpp.o)
                0x0000232c                Uart::write(unsigned char)
 .text._ZN4Uart4readEv
                0x000023c8       0x34 C:\Users\israr admin\AppData\Local\Temp\arduino\sketches\C53E92A54E30929DC43486CDF741E529/..\..\cores\PMM-06XX-IO-EXTENSIONS_samd_PMM0632XP_ddf9e875a25034da485ad693dbdce195\core.a(Uart.cpp.o)
                0x000023c8                Uart::read()
 .text._ZN7arduino13PluggableUSB_12getInterfaceEPh
                0x000023fc       0x28 C:\Users\israr admin\AppData\Local\Temp\arduino\sketches\C53E92A54E30929DC43486CDF741E529/..\..\cores\PMM-06XX-IO-EXTENSIONS_samd_PMM0632XP_ddf9e875a25034da485ad693dbdce195\core.a(PluggableUSB.cpp.o)
                0x000023fc                arduino::PluggableUSB_::getInterface(unsigned char*)
 .text._ZN7arduino13PluggableUSB_13getDescriptorERNS_8USBSetupE
                0x00002424       0x20 C:\Users\israr admin\AppData\Local\Temp\arduino\sketches\C53E92A54E30929DC43486CDF741E529/..\..\cores\PMM-06XX-IO-EXTENSIONS_samd_PMM0632XP_ddf9e875a25034da485ad693dbdce195\core.a(PluggableUSB.cpp.o)
                0x00002424                arduino::PluggableUSB_::getDescriptor(arduino::USBSetup&)
 .text._ZN7arduino13PluggableUSB_12getShortNameEPc
                0x00002444       0x1e C:\Users\israr admin\AppData\Local\Temp\arduino\sketches\C53E92A54E30929DC43486CDF741E529/..\..\cores\PMM-06XX-IO-EXTENSIONS_samd_PMM0632XP_ddf9e875a25034da485ad693dbdce195\core.a(PluggableUSB.cpp.o)
                0x00002444                arduino::PluggableUSB_::getShortName(char*)
 .text._ZN7arduino13PluggableUSB_5setupERNS_8USBSetupE
                0x00002462       0x20 C:\Users\israr admin\AppData\Local\Temp\arduino\sketches\C53E92A54E30929DC43486CDF741E529/..\..\cores\PMM-06XX-IO-EXTENSIONS_samd_PMM0632XP_ddf9e875a25034da485ad693dbdce195\core.a(PluggableUSB.cpp.o)
                0x00002462                arduino::PluggableUSB_::setup(arduino::USBSetup&)
 .text._ZN7arduino13PluggableUSB_4plugEPNS_18PluggableUSBModuleE
                0x00002482       0x5c C:\Users\israr admin\AppData\Local\Temp\arduino\sketches\C53E92A54E30929DC43486CDF741E529/..\..\cores\PMM-06XX-IO-EXTENSIONS_samd_PMM0632XP_ddf9e875a25034da485ad693dbdce195\core.a(PluggableUSB.cpp.o)
                0x00002482                arduino::PluggableUSB_::plug(arduino::PluggableUSBModule*)
 *fill*         0x000024de        0x2 
 .text._Z12PluggableUSBv
                0x000024e0       0x24 C:\Users\israr admin\AppData\Local\Temp\arduino\sketches\C53E92A54E30929DC43486CDF741E529/..\..\cores\PMM-06XX-IO-EXTENSIONS_samd_PMM0632XP_ddf9e875a25034da485ad693dbdce195\core.a(PluggableUSB.cpp.o)
                0x000024e0                PluggableUSB()
 .text._ZN7arduino5Print5writeEPKhj
                0x00002504       0x28 C:\Users\israr admin\AppData\Local\Temp\arduino\sketches\C53E92A54E30929DC43486CDF741E529/..\..\cores\PMM-06XX-IO-EXTENSIONS_samd_PMM0632XP_ddf9e875a25034da485ad693dbdce195\core.a(Print.cpp.o)
                0x00002504                arduino::Print::write(unsigned char const*, unsigned int)
 .text._ZN7arduino5Print5writeEPKc.part.2
                0x0000252c       0x1a C:\Users\israr admin\AppData\Local\Temp\arduino\sketches\C53E92A54E30929DC43486CDF741E529/..\..\cores\PMM-06XX-IO-EXTENSIONS_samd_PMM0632XP_ddf9e875a25034da485ad693dbdce195\core.a(Print.cpp.o)
 .text._ZN7arduino5Print5writeEPKc
                0x00002546       0x10 C:\Users\israr admin\AppData\Local\Temp\arduino\sketches\C53E92A54E30929DC43486CDF741E529/..\..\cores\PMM-06XX-IO-EXTENSIONS_samd_PMM0632XP_ddf9e875a25034da485ad693dbdce195\core.a(Print.cpp.o)
                0x00002546                arduino::Print::write(char const*)
 .text._ZN7arduino5Print5printEc
                0x00002556        0xa C:\Users\israr admin\AppData\Local\Temp\arduino\sketches\C53E92A54E30929DC43486CDF741E529/..\..\cores\PMM-06XX-IO-EXTENSIONS_samd_PMM0632XP_ddf9e875a25034da485ad693dbdce195\core.a(Print.cpp.o)
                0x00002556                arduino::Print::print(char)
 .text._ZN7arduino5Print7printlnEv
                0x00002560       0x10 C:\Users\israr admin\AppData\Local\Temp\arduino\sketches\C53E92A54E30929DC43486CDF741E529/..\..\cores\PMM-06XX-IO-EXTENSIONS_samd_PMM0632XP_ddf9e875a25034da485ad693dbdce195\core.a(Print.cpp.o)
                0x00002560                arduino::Print::println()
 .text._ZN7arduino5Print7printlnEPKc
                0x00002570       0x14 C:\Users\israr admin\AppData\Local\Temp\arduino\sketches\C53E92A54E30929DC43486CDF741E529/..\..\cores\PMM-06XX-IO-EXTENSIONS_samd_PMM0632XP_ddf9e875a25034da485ad693dbdce195\core.a(Print.cpp.o)
                0x00002570                arduino::Print::println(char const*)
 .text._ZN7arduino5Print11printNumberEmh
                0x00002584       0x48 C:\Users\israr admin\AppData\Local\Temp\arduino\sketches\C53E92A54E30929DC43486CDF741E529/..\..\cores\PMM-06XX-IO-EXTENSIONS_samd_PMM0632XP_ddf9e875a25034da485ad693dbdce195\core.a(Print.cpp.o)
                0x00002584                arduino::Print::printNumber(unsigned long, unsigned char)
 .text._ZN7arduino5Print5printEli
                0x000025cc       0x3e C:\Users\israr admin\AppData\Local\Temp\arduino\sketches\C53E92A54E30929DC43486CDF741E529/..\..\cores\PMM-06XX-IO-EXTENSIONS_samd_PMM0632XP_ddf9e875a25034da485ad693dbdce195\core.a(Print.cpp.o)
                0x000025cc                arduino::Print::print(long, int)
 .text._ZN7arduino5Print7printlnEii
                0x0000260a       0x14 C:\Users\israr admin\AppData\Local\Temp\arduino\sketches\C53E92A54E30929DC43486CDF741E529/..\..\cores\PMM-06XX-IO-EXTENSIONS_samd_PMM0632XP_ddf9e875a25034da485ad693dbdce195\core.a(Print.cpp.o)
                0x0000260a                arduino::Print::println(int, int)
 .text.Dummy_Handler
                0x0000261e        0x2 C:\Users\israr admin\AppData\Local\Temp\arduino\sketches\C53E92A54E30929DC43486CDF741E529/..\..\cores\PMM-06XX-IO-EXTENSIONS_samd_PMM0632XP_ddf9e875a25034da485ad693dbdce195\core.a(cortex_handlers.c.o)
                0x0000261e                DMAC_Handler
                0x0000261e                HardFault_Handler
                0x0000261e                AC_Handler
                0x0000261e                PendSV_Handler
                0x0000261e                NMI_Handler
                0x0000261e                TC7_Handler
                0x0000261e                SERCOM1_Handler
                0x0000261e                ADC_Handler
                0x0000261e                TCC1_Handler
                0x0000261e                SERCOM2_Handler
                0x0000261e                TCC0_Handler
                0x0000261e                RTC_Handler
                0x0000261e                EIC_Handler
                0x0000261e                TC6_Handler
                0x0000261e                WDT_Handler
                0x0000261e                TC4_Handler
                0x0000261e                TC3_Handler
                0x0000261e                Dummy_Handler
                0x0000261e                PM_Handler
                0x0000261e                SVC_Handler
                0x0000261e                TCC2_Handler
                0x0000261e                EVSYS_Handler
                0x0000261e                SERCOM4_Handler
                0x0000261e                I2S_Handler
                0x0000261e                NVMCTRL_Handler
                0x0000261e                DAC_Handler
                0x0000261e                PTC_Handler
                0x0000261e                SYSCTRL_Handler
 .text.USB_Handler
                0x00002620       0x14 C:\Users\israr admin\AppData\Local\Temp\arduino\sketches\C53E92A54E30929DC43486CDF741E529/..\..\cores\PMM-06XX-IO-EXTENSIONS_samd_PMM0632XP_ddf9e875a25034da485ad693dbdce195\core.a(cortex_handlers.c.o)
                0x00002620                USB_Handler
 .text.Reset_Handler
                0x00002634       0x54 C:\Users\israr admin\AppData\Local\Temp\arduino\sketches\C53E92A54E30929DC43486CDF741E529/..\..\cores\PMM-06XX-IO-EXTENSIONS_samd_PMM0632XP_ddf9e875a25034da485ad693dbdce195\core.a(cortex_handlers.c.o)
                0x00002634                Reset_Handler
 .text.SysTick_Handler
                0x00002688       0x10 C:\Users\israr admin\AppData\Local\Temp\arduino\sketches\C53E92A54E30929DC43486CDF741E529/..\..\cores\PMM-06XX-IO-EXTENSIONS_samd_PMM0632XP_ddf9e875a25034da485ad693dbdce195\core.a(cortex_handlers.c.o)
                0x00002688                SysTick_Handler
 .text.USB_SetHandler
                0x00002698        0xc C:\Users\israr admin\AppData\Local\Temp\arduino\sketches\C53E92A54E30929DC43486CDF741E529/..\..\cores\PMM-06XX-IO-EXTENSIONS_samd_PMM0632XP_ddf9e875a25034da485ad693dbdce195\core.a(cortex_handlers.c.o)
                0x00002698                USB_SetHandler
 .text.millis   0x000026a4        0xc C:\Users\israr admin\AppData\Local\Temp\arduino\sketches\C53E92A54E30929DC43486CDF741E529/..\..\cores\PMM-06XX-IO-EXTENSIONS_samd_PMM0632XP_ddf9e875a25034da485ad693dbdce195\core.a(delay.c.o)
                0x000026a4                millis
 .text.micros   0x000026b0       0x60 C:\Users\israr admin\AppData\Local\Temp\arduino\sketches\C53E92A54E30929DC43486CDF741E529/..\..\cores\PMM-06XX-IO-EXTENSIONS_samd_PMM0632XP_ddf9e875a25034da485ad693dbdce195\core.a(delay.c.o)
                0x000026b0                micros
 .text.delay    0x00002710       0x30 C:\Users\israr admin\AppData\Local\Temp\arduino\sketches\C53E92A54E30929DC43486CDF741E529/..\..\cores\PMM-06XX-IO-EXTENSIONS_samd_PMM0632XP_ddf9e875a25034da485ad693dbdce195\core.a(delay.c.o)
                0x00002710                delay
 .text.SysTick_DefaultHandler
                0x00002740       0x14 C:\Users\israr admin\AppData\Local\Temp\arduino\sketches\C53E92A54E30929DC43486CDF741E529/..\..\cores\PMM-06XX-IO-EXTENSIONS_samd_PMM0632XP_ddf9e875a25034da485ad693dbdce195\core.a(delay.c.o)
                0x00002740                SysTick_DefaultHandler
 .text.__empty  0x00002754        0x2 C:\Users\israr admin\AppData\Local\Temp\arduino\sketches\C53E92A54E30929DC43486CDF741E529/..\..\cores\PMM-06XX-IO-EXTENSIONS_samd_PMM0632XP_ddf9e875a25034da485ad693dbdce195\core.a(hooks.c.o)
                0x00002754                yield
 .text.__false  0x00002756        0x4 C:\Users\israr admin\AppData\Local\Temp\arduino\sketches\C53E92A54E30929DC43486CDF741E529/..\..\cores\PMM-06XX-IO-EXTENSIONS_samd_PMM0632XP_ddf9e875a25034da485ad693dbdce195\core.a(hooks.c.o)
                0x00002756                sysTickHook
 .text.initVariant
                0x0000275a        0x2 C:\Users\israr admin\AppData\Local\Temp\arduino\sketches\C53E92A54E30929DC43486CDF741E529/..\..\cores\PMM-06XX-IO-EXTENSIONS_samd_PMM0632XP_ddf9e875a25034da485ad693dbdce195\core.a(main.cpp.o)
                0x0000275a                initVariant
 .text.startup.main
                0x0000275c       0x40 C:\Users\israr admin\AppData\Local\Temp\arduino\sketches\C53E92A54E30929DC43486CDF741E529/..\..\cores\PMM-06XX-IO-EXTENSIONS_samd_PMM0632XP_ddf9e875a25034da485ad693dbdce195\core.a(main.cpp.o)
                0x0000275c                main
 .text._Znwj    0x0000279c        0x8 C:\Users\israr admin\AppData\Local\Temp\arduino\sketches\C53E92A54E30929DC43486CDF741E529/..\..\cores\PMM-06XX-IO-EXTENSIONS_samd_PMM0632XP_ddf9e875a25034da485ad693dbdce195\core.a(new.cpp.o)
                0x0000279c                operator new(unsigned int)
 .text._ZdlPv   0x000027a4        0x8 C:\Users\israr admin\AppData\Local\Temp\arduino\sketches\C53E92A54E30929DC43486CDF741E529/..\..\cores\PMM-06XX-IO-EXTENSIONS_samd_PMM0632XP_ddf9e875a25034da485ad693dbdce195\core.a(new.cpp.o)
                0x000027a4                operator delete(void*)
 .text.SystemInit
                0x000027ac      0x160 C:\Users\israr admin\AppData\Local\Temp\arduino\sketches\C53E92A54E30929DC43486CDF741E529/..\..\cores\PMM-06XX-IO-EXTENSIONS_samd_PMM0632XP_ddf9e875a25034da485ad693dbdce195\core.a(startup.c.o)
                0x000027ac                SystemInit
 .text.init     0x0000290c       0xf0 C:\Users\israr admin\AppData\Local\Temp\arduino\sketches\C53E92A54E30929DC43486CDF741E529/..\..\cores\PMM-06XX-IO-EXTENSIONS_samd_PMM0632XP_ddf9e875a25034da485ad693dbdce195\core.a(wiring.c.o)
                0x0000290c                init
 .text.analogReference
                0x000029fc       0x64 C:\Users\israr admin\AppData\Local\Temp\arduino\sketches\C53E92A54E30929DC43486CDF741E529/..\..\cores\PMM-06XX-IO-EXTENSIONS_samd_PMM0632XP_ddf9e875a25034da485ad693dbdce195\core.a(wiring_analog.c.o)
                0x000029fc                analogReference
 .text.pinMode  0x00002a60       0x98 C:\Users\israr admin\AppData\Local\Temp\arduino\sketches\C53E92A54E30929DC43486CDF741E529/..\..\cores\PMM-06XX-IO-EXTENSIONS_samd_PMM0632XP_ddf9e875a25034da485ad693dbdce195\core.a(wiring_digital.c.o)
                0x00002a60                pinMode
 .text.digitalWrite
                0x00002af8       0x58 C:\Users\israr admin\AppData\Local\Temp\arduino\sketches\C53E92A54E30929DC43486CDF741E529/..\..\cores\PMM-06XX-IO-EXTENSIONS_samd_PMM0632XP_ddf9e875a25034da485ad693dbdce195\core.a(wiring_digital.c.o)
                0x00002af8                digitalWrite
 .text.pinPeripheral
                0x00002b50       0xc0 C:\Users\israr admin\AppData\Local\Temp\arduino\sketches\C53E92A54E30929DC43486CDF741E529/..\..\cores\PMM-06XX-IO-EXTENSIONS_samd_PMM0632XP_ddf9e875a25034da485ad693dbdce195\core.a(wiring_private.c.o)
                0x00002b50                pinPeripheral
 .text.initiateReset
                0x00002c10       0x14 C:\Users\israr admin\AppData\Local\Temp\arduino\sketches\C53E92A54E30929DC43486CDF741E529/..\..\cores\PMM-06XX-IO-EXTENSIONS_samd_PMM0632XP_ddf9e875a25034da485ad693dbdce195\core.a(Reset.cpp.o)
                0x00002c10                initiateReset
 .text.cancelReset
                0x00002c24       0x10 C:\Users\israr admin\AppData\Local\Temp\arduino\sketches\C53E92A54E30929DC43486CDF741E529/..\..\cores\PMM-06XX-IO-EXTENSIONS_samd_PMM0632XP_ddf9e875a25034da485ad693dbdce195\core.a(Reset.cpp.o)
                0x00002c24                cancelReset
 .text.tickReset
                0x00002c34       0x78 C:\Users\israr admin\AppData\Local\Temp\arduino\sketches\C53E92A54E30929DC43486CDF741E529/..\..\cores\PMM-06XX-IO-EXTENSIONS_samd_PMM0632XP_ddf9e875a25034da485ad693dbdce195\core.a(Reset.cpp.o)
                0x00002c34                tickReset
 .text          0x00002cac       0x14 c:/users/israr admin/appdata/local/arduino15/packages/arduino/tools/arm-none-eabi-gcc/7-2017q4/bin/../lib/gcc/arm-none-eabi/7.2.1/thumb/v6-m\libgcc.a(_thumb1_case_uqi.o)
                0x00002cac                __gnu_thumb1_case_uqi
 .text          0x00002cc0      0x114 c:/users/israr admin/appdata/local/arduino15/packages/arduino/tools/arm-none-eabi-gcc/7-2017q4/bin/../lib/gcc/arm-none-eabi/7.2.1/thumb/v6-m\libgcc.a(_udivsi3.o)
                0x00002cc0                __aeabi_uidiv
                0x00002cc0                __udivsi3
                0x00002dcc                __aeabi_uidivmod
 .text          0x00002dd4        0x4 c:/users/israr admin/appdata/local/arduino15/packages/arduino/tools/arm-none-eabi-gcc/7-2017q4/bin/../lib/gcc/arm-none-eabi/7.2.1/thumb/v6-m\libgcc.a(_dvmd_tls.o)
                0x00002dd4                __aeabi_idiv0
                0x00002dd4                __aeabi_ldiv0
 .text.__libc_init_array
                0x00002dd8       0x48 c:/users/israr admin/appdata/local/arduino15/packages/arduino/tools/arm-none-eabi-gcc/7-2017q4/bin/../lib/gcc/arm-none-eabi/7.2.1/../../../../arm-none-eabi/lib/thumb/v6-m\libc_nano.a(lib_a-init.o)
                0x00002dd8                __libc_init_array
 .text.malloc   0x00002e20       0x14 c:/users/israr admin/appdata/local/arduino15/packages/arduino/tools/arm-none-eabi-gcc/7-2017q4/bin/../lib/gcc/arm-none-eabi/7.2.1/../../../../arm-none-eabi/lib/thumb/v6-m\libc_nano.a(lib_a-malloc.o)
                0x00002e20                malloc
 .text.free     0x00002e34       0x14 c:/users/israr admin/appdata/local/arduino15/packages/arduino/tools/arm-none-eabi-gcc/7-2017q4/bin/../lib/gcc/arm-none-eabi/7.2.1/../../../../arm-none-eabi/lib/thumb/v6-m\libc_nano.a(lib_a-malloc.o)
                0x00002e34                free
 .text.memcpy   0x00002e48       0x12 c:/users/israr admin/appdata/local/arduino15/packages/arduino/tools/arm-none-eabi-gcc/7-2017q4/bin/../lib/gcc/arm-none-eabi/7.2.1/../../../../arm-none-eabi/lib/thumb/v6-m\libc_nano.a(lib_a-memcpy-stub.o)
                0x00002e48                memcpy
 .text.memset   0x00002e5a       0x10 c:/users/israr admin/appdata/local/arduino15/packages/arduino/tools/arm-none-eabi-gcc/7-2017q4/bin/../lib/gcc/arm-none-eabi/7.2.1/../../../../arm-none-eabi/lib/thumb/v6-m\libc_nano.a(lib_a-memset.o)
                0x00002e5a                memset
 *fill*         0x00002e6a        0x2 
 .text._free_r  0x00002e6c       0x94 c:/users/israr admin/appdata/local/arduino15/packages/arduino/tools/arm-none-eabi-gcc/7-2017q4/bin/../lib/gcc/arm-none-eabi/7.2.1/../../../../arm-none-eabi/lib/thumb/v6-m\libc_nano.a(lib_a-nano-freer.o)
                0x00002e6c                _free_r
 .text._malloc_r
                0x00002f00       0xbc c:/users/israr admin/appdata/local/arduino15/packages/arduino/tools/arm-none-eabi-gcc/7-2017q4/bin/../lib/gcc/arm-none-eabi/7.2.1/../../../../arm-none-eabi/lib/thumb/v6-m\libc_nano.a(lib_a-nano-mallocr.o)
                0x00002f00                _malloc_r
 .text._sbrk_r  0x00002fbc       0x24 c:/users/israr admin/appdata/local/arduino15/packages/arduino/tools/arm-none-eabi-gcc/7-2017q4/bin/../lib/gcc/arm-none-eabi/7.2.1/../../../../arm-none-eabi/lib/thumb/v6-m\libc_nano.a(lib_a-sbrkr.o)
                0x00002fbc                _sbrk_r
 .text          0x00002fe0        0xe c:/users/israr admin/appdata/local/arduino15/packages/arduino/tools/arm-none-eabi-gcc/7-2017q4/bin/../lib/gcc/arm-none-eabi/7.2.1/../../../../arm-none-eabi/lib/thumb/v6-m\libc_nano.a(lib_a-strlen.o)
                0x00002fe0                strlen
 .text.__malloc_lock
                0x00002fee        0x2 c:/users/israr admin/appdata/local/arduino15/packages/arduino/tools/arm-none-eabi-gcc/7-2017q4/bin/../lib/gcc/arm-none-eabi/7.2.1/../../../../arm-none-eabi/lib/thumb/v6-m\libc_nano.a(lib_a-mlock.o)
                0x00002fee                __malloc_lock
 .text.__malloc_unlock
                0x00002ff0        0x2 c:/users/israr admin/appdata/local/arduino15/packages/arduino/tools/arm-none-eabi-gcc/7-2017q4/bin/../lib/gcc/arm-none-eabi/7.2.1/../../../../arm-none-eabi/lib/thumb/v6-m\libc_nano.a(lib_a-mlock.o)
                0x00002ff0                __malloc_unlock
 *fill*         0x00002ff2        0x2 
 .text._sbrk    0x00002ff4       0x1c c:/users/israr admin/appdata/local/arduino15/packages/arduino/tools/arm-none-eabi-gcc/7-2017q4/bin/../lib/gcc/arm-none-eabi/7.2.1/../../../../arm-none-eabi/lib/thumb/v6-m\libnosys.a(sbrk.o)
                0x00002ff4                _sbrk
 *(.init)
 .init          0x00003010        0x4 c:/users/israr admin/appdata/local/arduino15/packages/arduino/tools/arm-none-eabi-gcc/7-2017q4/bin/../lib/gcc/arm-none-eabi/7.2.1/thumb/v6-m/crti.o
                0x00003010                _init
 .init          0x00003014        0x8 c:/users/israr admin/appdata/local/arduino15/packages/arduino/tools/arm-none-eabi-gcc/7-2017q4/bin/../lib/gcc/arm-none-eabi/7.2.1/thumb/v6-m/crtn.o
 *(.fini)
 .fini          0x0000301c        0x4 c:/users/israr admin/appdata/local/arduino15/packages/arduino/tools/arm-none-eabi-gcc/7-2017q4/bin/../lib/gcc/arm-none-eabi/7.2.1/thumb/v6-m/crti.o
                0x0000301c                _fini
 .fini          0x00003020        0x8 c:/users/israr admin/appdata/local/arduino15/packages/arduino/tools/arm-none-eabi-gcc/7-2017q4/bin/../lib/gcc/arm-none-eabi/7.2.1/thumb/v6-m/crtn.o
 *crtbegin.o(.ctors)
 *crtbegin?.o(.ctors)
 *(EXCLUDE_FILE(*crtend.o *crtend?.o) .ctors)
 *(SORT_BY_NAME(.ctors.*))
 *(.ctors)
 *crtbegin.o(.dtors)
 *crtbegin?.o(.dtors)
 *(EXCLUDE_FILE(*crtend.o *crtend?.o) .dtors)
 *(SORT_BY_NAME(.dtors.*))
 *(.dtors)
 *(.rodata*)
 .rodata.loop.str1.1
                0x00003028       0x13 C:\Users\israr admin\AppData\Local\Temp\arduino\sketches\C53E92A54E30929DC43486CDF741E529\sketch\Main21J15Bv1.0.ino.cpp.o
 .rodata.setup.str1.1
                0x0000303b       0x11 C:\Users\israr admin\AppData\Local\Temp\arduino\sketches\C53E92A54E30929DC43486CDF741E529\sketch\Main21J15Bv1.0.ino.cpp.o
 .rodata._ZTVN7arduino7TwoWireE
                0x0000304c       0x50 C:\Users\israr admin\AppData\Local\Temp\arduino\sketches\C53E92A54E30929DC43486CDF741E529\libraries\Wire\Wire.cpp.o
                0x0000304c                vtable for arduino::TwoWire
 .rodata.g_APinDescription
                0x0000309c      0x660 C:\Users\israr admin\AppData\Local\Temp\arduino\sketches\C53E92A54E30929DC43486CDF741E529\core\variant.cpp.o
                0x0000309c                g_APinDescription
 .rodata._ZTV7Serial_
                0x000036fc       0x60 C:\Users\israr admin\AppData\Local\Temp\arduino\sketches\C53E92A54E30929DC43486CDF741E529/..\..\cores\PMM-06XX-IO-EXTENSIONS_samd_PMM0632XP_ddf9e875a25034da485ad693dbdce195\core.a(CDC.cpp.o)
                0x000036fc                vtable for Serial_
 .rodata._ZTV26DoubleBufferedEPOutHandler
                0x0000375c       0x24 C:\Users\israr admin\AppData\Local\Temp\arduino\sketches\C53E92A54E30929DC43486CDF741E529/..\..\cores\PMM-06XX-IO-EXTENSIONS_samd_PMM0632XP_ddf9e875a25034da485ad693dbdce195\core.a(USBCore.cpp.o)
                0x0000375c                vtable for DoubleBufferedEPOutHandler
 .rodata._ZL14STRING_PRODUCT
                0x00003780        0xa C:\Users\israr admin\AppData\Local\Temp\arduino\sketches\C53E92A54E30929DC43486CDF741E529/..\..\cores\PMM-06XX-IO-EXTENSIONS_samd_PMM0632XP_ddf9e875a25034da485ad693dbdce195\core.a(USBCore.cpp.o)
 .rodata._ZL15STRING_LANGUAGE
                0x0000378a        0x4 C:\Users\israr admin\AppData\Local\Temp\arduino\sketches\C53E92A54E30929DC43486CDF741E529/..\..\cores\PMM-06XX-IO-EXTENSIONS_samd_PMM0632XP_ddf9e875a25034da485ad693dbdce195\core.a(USBCore.cpp.o)
 .rodata._ZL19STRING_MANUFACTURER
                0x0000378e        0xc C:\Users\israr admin\AppData\Local\Temp\arduino\sketches\C53E92A54E30929DC43486CDF741E529/..\..\cores\PMM-06XX-IO-EXTENSIONS_samd_PMM0632XP_ddf9e875a25034da485ad693dbdce195\core.a(USBCore.cpp.o)
 .rodata._ZL21USB_DeviceDescriptorB
                0x0000379a       0x12 C:\Users\israr admin\AppData\Local\Temp\arduino\sketches\C53E92A54E30929DC43486CDF741E529/..\..\cores\PMM-06XX-IO-EXTENSIONS_samd_PMM0632XP_ddf9e875a25034da485ad693dbdce195\core.a(USBCore.cpp.o)
 .rodata._ZTV4Uart
                0x000037ac       0x34 C:\Users\israr admin\AppData\Local\Temp\arduino\sketches\C53E92A54E30929DC43486CDF741E529/..\..\cores\PMM-06XX-IO-EXTENSIONS_samd_PMM0632XP_ddf9e875a25034da485ad693dbdce195\core.a(Uart.cpp.o)
                0x000037ac                vtable for Uart
 .rodata._ZN7arduino5Print7printlnEv.str1.1
                0x000037e0        0x3 C:\Users\israr admin\AppData\Local\Temp\arduino\sketches\C53E92A54E30929DC43486CDF741E529/..\..\cores\PMM-06XX-IO-EXTENSIONS_samd_PMM0632XP_ddf9e875a25034da485ad693dbdce195\core.a(Print.cpp.o)
 *(.eh_frame*)
 *fill*         0x000037e3        0x1 
 .eh_frame      0x000037e4        0x0 c:/users/israr admin/appdata/local/arduino15/packages/arduino/tools/arm-none-eabi-gcc/7-2017q4/bin/../lib/gcc/arm-none-eabi/7.2.1/thumb/v6-m/crtbegin.o
 .eh_frame      0x000037e4        0x4 c:/users/israr admin/appdata/local/arduino15/packages/arduino/tools/arm-none-eabi-gcc/7-2017q4/bin/../lib/gcc/arm-none-eabi/7.2.1/thumb/v6-m/crtend.o

.glue_7         0x000037e8        0x0
 .glue_7        0x000037e8        0x0 linker stubs

.glue_7t        0x000037e8        0x0
 .glue_7t       0x000037e8        0x0 linker stubs

.vfp11_veneer   0x000037e8        0x0
 .vfp11_veneer  0x000037e8        0x0 linker stubs

.v4_bx          0x000037e8        0x0
 .v4_bx         0x000037e8        0x0 linker stubs

.iplt           0x000037e8        0x0
 .iplt          0x000037e8        0x0 c:/users/israr admin/appdata/local/arduino15/packages/arduino/tools/arm-none-eabi-gcc/7-2017q4/bin/../lib/gcc/arm-none-eabi/7.2.1/thumb/v6-m/crtbegin.o

.rel.dyn        0x000037e8        0x0
 .rel.iplt      0x000037e8        0x0 c:/users/israr admin/appdata/local/arduino15/packages/arduino/tools/arm-none-eabi-gcc/7-2017q4/bin/../lib/gcc/arm-none-eabi/7.2.1/thumb/v6-m/crtbegin.o

.ARM.extab
 *(.ARM.extab* .gnu.linkonce.armextab.*)
                0x000037e8                __exidx_start = .

.ARM.exidx
 *(.ARM.exidx* .gnu.linkonce.armexidx.*)
                0x000037e8                __exidx_end = .
                0x000037e8                __etext = .

.data           0x20000000       0xa0 load address 0x000037e8
                0x20000000                __data_start__ = .
 *(vtable)
 *(.data*)
 .data._ZL10breakValue
                0x20000000        0x4 C:\Users\israr admin\AppData\Local\Temp\arduino\sketches\C53E92A54E30929DC43486CDF741E529/..\..\cores\PMM-06XX-IO-EXTENSIONS_samd_PMM0632XP_ddf9e875a25034da485ad693dbdce195\core.a(CDC.cpp.o)
 .data._ZL12_usbLineInfo
                0x20000004        0x8 C:\Users\israr admin\AppData\Local\Temp\arduino\sketches\C53E92A54E30929DC43486CDF741E529/..\..\cores\PMM-06XX-IO-EXTENSIONS_samd_PMM0632XP_ddf9e875a25034da485ad693dbdce195\core.a(CDC.cpp.o)
 .data._serialPeek
                0x2000000c        0x4 C:\Users\israr admin\AppData\Local\Temp\arduino\sketches\C53E92A54E30929DC43486CDF741E529/..\..\cores\PMM-06XX-IO-EXTENSIONS_samd_PMM0632XP_ddf9e875a25034da485ad693dbdce195\core.a(CDC.cpp.o)
                0x2000000c                _serialPeek
 .data.SystemCoreClock
                0x20000010        0x4 C:\Users\israr admin\AppData\Local\Temp\arduino\sketches\C53E92A54E30929DC43486CDF741E529/..\..\cores\PMM-06XX-IO-EXTENSIONS_samd_PMM0632XP_ddf9e875a25034da485ad693dbdce195\core.a(wiring.c.o)
                0x20000010                SystemCoreClock
 .data._ZL5ticks
                0x20000014        0x4 C:\Users\israr admin\AppData\Local\Temp\arduino\sketches\C53E92A54E30929DC43486CDF741E529/..\..\cores\PMM-06XX-IO-EXTENSIONS_samd_PMM0632XP_ddf9e875a25034da485ad693dbdce195\core.a(Reset.cpp.o)
 .data._impure_ptr
                0x20000018        0x4 c:/users/israr admin/appdata/local/arduino15/packages/arduino/tools/arm-none-eabi-gcc/7-2017q4/bin/../lib/gcc/arm-none-eabi/7.2.1/../../../../arm-none-eabi/lib/thumb/v6-m\libc_nano.a(lib_a-impure.o)
                0x20000018                _impure_ptr
 .data.impure_data
                0x2000001c       0x60 c:/users/israr admin/appdata/local/arduino15/packages/arduino/tools/arm-none-eabi-gcc/7-2017q4/bin/../lib/gcc/arm-none-eabi/7.2.1/../../../../arm-none-eabi/lib/thumb/v6-m\libc_nano.a(lib_a-impure.o)
                0x2000007c                . = ALIGN (0x4)
                0x2000007c                PROVIDE (__preinit_array_start, .)
 *(.preinit_array)
                0x2000007c                PROVIDE (__preinit_array_end, .)
                0x2000007c                . = ALIGN (0x4)
                0x2000007c                PROVIDE (__init_array_start, .)
 *(SORT_BY_NAME(.init_array.*))
 *(.init_array)
 .init_array    0x2000007c        0x4 c:/users/israr admin/appdata/local/arduino15/packages/arduino/tools/arm-none-eabi-gcc/7-2017q4/bin/../lib/gcc/arm-none-eabi/7.2.1/thumb/v6-m/crtbegin.o
 .init_array    0x20000080        0x4 C:\Users\israr admin\AppData\Local\Temp\arduino\sketches\C53E92A54E30929DC43486CDF741E529\libraries\Wire\Wire.cpp.o
 .init_array    0x20000084        0x4 C:\Users\israr admin\AppData\Local\Temp\arduino\sketches\C53E92A54E30929DC43486CDF741E529\core\variant.cpp.o
 .init_array    0x20000088        0x4 C:\Users\israr admin\AppData\Local\Temp\arduino\sketches\C53E92A54E30929DC43486CDF741E529/..\..\cores\PMM-06XX-IO-EXTENSIONS_samd_PMM0632XP_ddf9e875a25034da485ad693dbdce195\core.a(CDC.cpp.o)
 .init_array    0x2000008c        0x4 C:\Users\israr admin\AppData\Local\Temp\arduino\sketches\C53E92A54E30929DC43486CDF741E529/..\..\cores\PMM-06XX-IO-EXTENSIONS_samd_PMM0632XP_ddf9e875a25034da485ad693dbdce195\core.a(USBCore.cpp.o)
                0x20000090                PROVIDE (__init_array_end, .)
                0x20000090                . = ALIGN (0x4)
                [!provide]                PROVIDE (__fini_array_start, .)
 *(SORT_BY_NAME(.fini_array.*))
 *(.fini_array)
 .fini_array    0x20000090        0x4 c:/users/israr admin/appdata/local/arduino15/packages/arduino/tools/arm-none-eabi-gcc/7-2017q4/bin/../lib/gcc/arm-none-eabi/7.2.1/thumb/v6-m/crtbegin.o
                [!provide]                PROVIDE (__fini_array_end, .)
 *(.jcr*)
                0x200000a0                . = ALIGN (0x10)
 *fill*         0x20000094        0xc 
                0x200000a0                __data_end__ = .

.igot.plt       0x200000a0        0x0 load address 0x00003888
 .igot.plt      0x200000a0        0x0 c:/users/israr admin/appdata/local/arduino15/packages/arduino/tools/arm-none-eabi-gcc/7-2017q4/bin/../lib/gcc/arm-none-eabi/7.2.1/thumb/v6-m/crtbegin.o

.bss            0x200000a0      0xdd8 load address 0x00003888
                0x200000a0                . = ALIGN (0x4)
                0x200000a0                __bss_start__ = .
 *(.bss*)
 .bss           0x200000a0       0x1c c:/users/israr admin/appdata/local/arduino15/packages/arduino/tools/arm-none-eabi-gcc/7-2017q4/bin/../lib/gcc/arm-none-eabi/7.2.1/thumb/v6-m/crtbegin.o
 .bss.PmmIO     0x200000bc       0x80 C:\Users\israr admin\AppData\Local\Temp\arduino\sketches\C53E92A54E30929DC43486CDF741E529\sketch\Main21J15Bv1.0.ino.cpp.o
                0x200000bc                PmmIO
 .bss.ProductName
                0x2000013c        0x4 C:\Users\israr admin\AppData\Local\Temp\arduino\sketches\C53E92A54E30929DC43486CDF741E529\sketch\Main21J15Bv1.0.ino.cpp.o
                0x2000013c                ProductName
 .bss.ReadyToUse
                0x20000140        0x1 C:\Users\israr admin\AppData\Local\Temp\arduino\sketches\C53E92A54E30929DC43486CDF741E529\sketch\Main21J15Bv1.0.ino.cpp.o
                0x20000140                ReadyToUse
 *fill*         0x20000141        0x3 
 .bss.Wire      0x20000144      0x23c C:\Users\israr admin\AppData\Local\Temp\arduino\sketches\C53E92A54E30929DC43486CDF741E529\libraries\Wire\Wire.cpp.o
                0x20000144                Wire
 .bss.Serial    0x20000380      0x244 C:\Users\israr admin\AppData\Local\Temp\arduino\sketches\C53E92A54E30929DC43486CDF741E529\core\variant.cpp.o
                0x20000380                Serial
 .bss.Serial1   0x200005c4      0x244 C:\Users\israr admin\AppData\Local\Temp\arduino\sketches\C53E92A54E30929DC43486CDF741E529\core\variant.cpp.o
                0x200005c4                Serial1
 .bss.sercom0   0x20000808        0x8 C:\Users\israr admin\AppData\Local\Temp\arduino\sketches\C53E92A54E30929DC43486CDF741E529\core\variant.cpp.o
                0x20000808                sercom0
 .bss.sercom1   0x20000810        0x8 C:\Users\israr admin\AppData\Local\Temp\arduino\sketches\C53E92A54E30929DC43486CDF741E529\core\variant.cpp.o
                0x20000810                sercom1
 .bss.sercom2   0x20000818        0x8 C:\Users\israr admin\AppData\Local\Temp\arduino\sketches\C53E92A54E30929DC43486CDF741E529\core\variant.cpp.o
                0x20000818                sercom2
 .bss.sercom3   0x20000820        0x8 C:\Users\israr admin\AppData\Local\Temp\arduino\sketches\C53E92A54E30929DC43486CDF741E529\core\variant.cpp.o
                0x20000820                sercom3
 .bss.sercom4   0x20000828        0x8 C:\Users\israr admin\AppData\Local\Temp\arduino\sketches\C53E92A54E30929DC43486CDF741E529\core\variant.cpp.o
                0x20000828                sercom4
 .bss.sercom5   0x20000830        0x8 C:\Users\israr admin\AppData\Local\Temp\arduino\sketches\C53E92A54E30929DC43486CDF741E529\core\variant.cpp.o
                0x20000830                sercom5
 .bss.SerialUSB
                0x20000838       0x34 C:\Users\israr admin\AppData\Local\Temp\arduino\sketches\C53E92A54E30929DC43486CDF741E529/..\..\cores\PMM-06XX-IO-EXTENSIONS_samd_PMM0632XP_ddf9e875a25034da485ad693dbdce195\core.a(CDC.cpp.o)
                0x20000838                SerialUSB
 .bss.EndPoints
                0x2000086c       0x28 C:\Users\israr admin\AppData\Local\Temp\arduino\sketches\C53E92A54E30929DC43486CDF741E529/..\..\cores\PMM-06XX-IO-EXTENSIONS_samd_PMM0632XP_ddf9e875a25034da485ad693dbdce195\core.a(USBCore.cpp.o)
                0x2000086c                EndPoints
 .bss.USBDevice
                0x20000894        0x1 C:\Users\israr admin\AppData\Local\Temp\arduino\sketches\C53E92A54E30929DC43486CDF741E529/..\..\cores\PMM-06XX-IO-EXTENSIONS_samd_PMM0632XP_ddf9e875a25034da485ad693dbdce195\core.a(USBCore.cpp.o)
                0x20000894                USBDevice
 *fill*         0x20000895        0x3 
 .bss._ZL10epHandlers
                0x20000898       0x1c C:\Users\israr admin\AppData\Local\Temp\arduino\sketches\C53E92A54E30929DC43486CDF741E529/..\..\cores\PMM-06XX-IO-EXTENSIONS_samd_PMM0632XP_ddf9e875a25034da485ad693dbdce195\core.a(USBCore.cpp.o)
 .bss._ZL10rxLEDPulse
                0x200008b4        0x1 C:\Users\israr admin\AppData\Local\Temp\arduino\sketches\C53E92A54E30929DC43486CDF741E529/..\..\cores\PMM-06XX-IO-EXTENSIONS_samd_PMM0632XP_ddf9e875a25034da485ad693dbdce195\core.a(USBCore.cpp.o)
 .bss._ZL10txLEDPulse
                0x200008b5        0x1 C:\Users\israr admin\AppData\Local\Temp\arduino\sketches\C53E92A54E30929DC43486CDF741E529/..\..\cores\PMM-06XX-IO-EXTENSIONS_samd_PMM0632XP_ddf9e875a25034da485ad693dbdce195\core.a(USBCore.cpp.o)
 .bss._ZL14isEndpointHalt
                0x200008b6        0x1 C:\Users\israr admin\AppData\Local\Temp\arduino\sketches\C53E92A54E30929DC43486CDF741E529/..\..\cores\PMM-06XX-IO-EXTENSIONS_samd_PMM0632XP_ddf9e875a25034da485ad693dbdce195\core.a(USBCore.cpp.o)
 .bss._ZL20LastTransmitTimedOut
                0x200008b7        0x7 C:\Users\israr admin\AppData\Local\Temp\arduino\sketches\C53E92A54E30929DC43486CDF741E529/..\..\cores\PMM-06XX-IO-EXTENSIONS_samd_PMM0632XP_ddf9e875a25034da485ad693dbdce195\core.a(USBCore.cpp.o)
 .bss._ZL21isRemoteWakeUpEnabled
                0x200008be        0x1 C:\Users\israr admin\AppData\Local\Temp\arduino\sketches\C53E92A54E30929DC43486CDF741E529/..\..\cores\PMM-06XX-IO-EXTENSIONS_samd_PMM0632XP_ddf9e875a25034da485ad693dbdce195\core.a(USBCore.cpp.o)
 *fill*         0x200008bf        0x1 
 .bss._ZL22udd_ep_in_cache_buffer
                0x200008c0      0x1c0 C:\Users\israr admin\AppData\Local\Temp\arduino\sketches\C53E92A54E30929DC43486CDF741E529/..\..\cores\PMM-06XX-IO-EXTENSIONS_samd_PMM0632XP_ddf9e875a25034da485ad693dbdce195\core.a(USBCore.cpp.o)
 .bss._ZL23udd_ep_out_cache_buffer
                0x20000a80      0x1c0 C:\Users\israr admin\AppData\Local\Temp\arduino\sketches\C53E92A54E30929DC43486CDF741E529/..\..\cores\PMM-06XX-IO-EXTENSIONS_samd_PMM0632XP_ddf9e875a25034da485ad693dbdce195\core.a(USBCore.cpp.o)
 .bss._dry_run  0x20000c40        0x1 C:\Users\israr admin\AppData\Local\Temp\arduino\sketches\C53E92A54E30929DC43486CDF741E529/..\..\cores\PMM-06XX-IO-EXTENSIONS_samd_PMM0632XP_ddf9e875a25034da485ad693dbdce195\core.a(USBCore.cpp.o)
                0x20000c40                _dry_run
 .bss._pack_buffer
                0x20000c41      0x100 C:\Users\israr admin\AppData\Local\Temp\arduino\sketches\C53E92A54E30929DC43486CDF741E529/..\..\cores\PMM-06XX-IO-EXTENSIONS_samd_PMM0632XP_ddf9e875a25034da485ad693dbdce195\core.a(USBCore.cpp.o)
                0x20000c41                _pack_buffer
 .bss._pack_message
                0x20000d41        0x1 C:\Users\israr admin\AppData\Local\Temp\arduino\sketches\C53E92A54E30929DC43486CDF741E529/..\..\cores\PMM-06XX-IO-EXTENSIONS_samd_PMM0632XP_ddf9e875a25034da485ad693dbdce195\core.a(USBCore.cpp.o)
                0x20000d41                _pack_message
 .bss._pack_size
                0x20000d42        0x2 C:\Users\israr admin\AppData\Local\Temp\arduino\sketches\C53E92A54E30929DC43486CDF741E529/..\..\cores\PMM-06XX-IO-EXTENSIONS_samd_PMM0632XP_ddf9e875a25034da485ad693dbdce195\core.a(USBCore.cpp.o)
                0x20000d42                _pack_size
 .bss._usbConfiguration
                0x20000d44        0x4 C:\Users\israr admin\AppData\Local\Temp\arduino\sketches\C53E92A54E30929DC43486CDF741E529/..\..\cores\PMM-06XX-IO-EXTENSIONS_samd_PMM0632XP_ddf9e875a25034da485ad693dbdce195\core.a(USBCore.cpp.o)
                0x20000d44                _usbConfiguration
 .bss._usbSetInterface
                0x20000d48        0x4 C:\Users\israr admin\AppData\Local\Temp\arduino\sketches\C53E92A54E30929DC43486CDF741E529/..\..\cores\PMM-06XX-IO-EXTENSIONS_samd_PMM0632XP_ddf9e875a25034da485ad693dbdce195\core.a(USBCore.cpp.o)
                0x20000d48                _usbSetInterface
 .bss.usbd      0x20000d4c      0x104 C:\Users\israr admin\AppData\Local\Temp\arduino\sketches\C53E92A54E30929DC43486CDF741E529/..\..\cores\PMM-06XX-IO-EXTENSIONS_samd_PMM0632XP_ddf9e875a25034da485ad693dbdce195\core.a(USBCore.cpp.o)
                0x20000d4c                usbd
 .bss._ZGVZ12PluggableUSBvE3obj
                0x20000e50        0x4 C:\Users\israr admin\AppData\Local\Temp\arduino\sketches\C53E92A54E30929DC43486CDF741E529/..\..\cores\PMM-06XX-IO-EXTENSIONS_samd_PMM0632XP_ddf9e875a25034da485ad693dbdce195\core.a(PluggableUSB.cpp.o)
 .bss._ZZ12PluggableUSBvE3obj
                0x20000e54        0xc C:\Users\israr admin\AppData\Local\Temp\arduino\sketches\C53E92A54E30929DC43486CDF741E529/..\..\cores\PMM-06XX-IO-EXTENSIONS_samd_PMM0632XP_ddf9e875a25034da485ad693dbdce195\core.a(PluggableUSB.cpp.o)
 .bss.usb_isr   0x20000e60        0x4 C:\Users\israr admin\AppData\Local\Temp\arduino\sketches\C53E92A54E30929DC43486CDF741E529/..\..\cores\PMM-06XX-IO-EXTENSIONS_samd_PMM0632XP_ddf9e875a25034da485ad693dbdce195\core.a(cortex_handlers.c.o)
 .bss._ulTickCount
                0x20000e64        0x4 C:\Users\israr admin\AppData\Local\Temp\arduino\sketches\C53E92A54E30929DC43486CDF741E529/..\..\cores\PMM-06XX-IO-EXTENSIONS_samd_PMM0632XP_ddf9e875a25034da485ad693dbdce195\core.a(delay.c.o)
 .bss.__malloc_free_list
                0x20000e68        0x4 c:/users/israr admin/appdata/local/arduino15/packages/arduino/tools/arm-none-eabi-gcc/7-2017q4/bin/../lib/gcc/arm-none-eabi/7.2.1/../../../../arm-none-eabi/lib/thumb/v6-m\libc_nano.a(lib_a-nano-mallocr.o)
                0x20000e68                __malloc_free_list
 .bss.__malloc_sbrk_start
                0x20000e6c        0x4 c:/users/israr admin/appdata/local/arduino15/packages/arduino/tools/arm-none-eabi-gcc/7-2017q4/bin/../lib/gcc/arm-none-eabi/7.2.1/../../../../arm-none-eabi/lib/thumb/v6-m\libc_nano.a(lib_a-nano-mallocr.o)
                0x20000e6c                __malloc_sbrk_start
 .bss.heap_end.4102
                0x20000e70        0x4 c:/users/israr admin/appdata/local/arduino15/packages/arduino/tools/arm-none-eabi-gcc/7-2017q4/bin/../lib/gcc/arm-none-eabi/7.2.1/../../../../arm-none-eabi/lib/thumb/v6-m\libnosys.a(sbrk.o)
 *(COMMON)