Archive member included to satisfy reference by file (symbol)

C:\Users\mahmo\AppData\Local\Temp\arduino-sketch-9E74EEDD22CEA5E1D5A6658EA4B77878/..\arduino-core-cache\core_arduino_samd_arduino_zero_native_3aa80b687a8a70088db6769217c8c9c2.a(SERCOM.cpp.o)
                              C:\Users\mahmo\AppData\Local\Temp\arduino-sketch-9E74EEDD22CEA5E1D5A6658EA4B77878\core\variant.cpp.o (SERCOM::SERCOM(Sercom*))
C:\Users\mahmo\AppData\Local\Temp\arduino-sketch-9E74EEDD22CEA5E1D5A6658EA4B77878/..\arduino-core-cache\core_arduino_samd_arduino_zero_native_3aa80b687a8a70088db6769217c8c9c2.a(Uart.cpp.o)
                              C:\Users\mahmo\AppData\Local\Temp\arduino-sketch-9E74EEDD22CEA5E1D5A6658EA4B77878\core\variant.cpp.o (Uart::Uart(SERCOM*, unsigned char, unsigned char, SercomRXPad, SercomUartTXPad))
C:\Users\mahmo\AppData\Local\Temp\arduino-sketch-9E74EEDD22CEA5E1D5A6658EA4B77878/..\arduino-core-cache\core_arduino_samd_arduino_zero_native_3aa80b687a8a70088db6769217c8c9c2.a(Print.cpp.o)
                              C:\Users\mahmo\AppData\Local\Temp\arduino-sketch-9E74EEDD22CEA5E1D5A6658EA4B77878/..\arduino-core-cache\core_arduino_samd_arduino_zero_native_3aa80b687a8a70088db6769217c8c9c2.a(Uart.cpp.o) (arduino::Print::write(unsigned char const*, unsigned int))
C:\Users\mahmo\AppData\Local\Temp\arduino-sketch-9E74EEDD22CEA5E1D5A6658EA4B77878/..\arduino-core-cache\core_arduino_samd_arduino_zero_native_3aa80b687a8a70088db6769217c8c9c2.a(cortex_handlers.c.o)
                              (Reset_Handler)
C:\Users\mahmo\AppData\Local\Temp\arduino-sketch-9E74EEDD22CEA5E1D5A6658EA4B77878/..\arduino-core-cache\core_arduino_samd_arduino_zero_native_3aa80b687a8a70088db6769217c8c9c2.a(delay.c.o)
                              C:\Users\mahmo\AppData\Local\Temp\arduino-sketch-9E74EEDD22CEA5E1D5A6658EA4B77878\sketch\Baremetal.ino.cpp.o (millis)
C:\Users\mahmo\AppData\Local\Temp\arduino-sketch-9E74EEDD22CEA5E1D5A6658EA4B77878/..\arduino-core-cache\core_arduino_samd_arduino_zero_native_3aa80b687a8a70088db6769217c8c9c2.a(hooks.c.o)
                              C:\Users\mahmo\AppData\Local\Temp\arduino-sketch-9E74EEDD22CEA5E1D5A6658EA4B77878/..\arduino-core-cache\core_arduino_samd_arduino_zero_native_3aa80b687a8a70088db6769217c8c9c2.a(delay.c.o) (yield)
C:\Users\mahmo\AppData\Local\Temp\arduino-sketch-9E74EEDD22CEA5E1D5A6658EA4B77878/..\arduino-core-cache\core_arduino_samd_arduino_zero_native_3aa80b687a8a70088db6769217c8c9c2.a(main.cpp.o)
                              c:/users/mahmo/appdata/local/arduino15/packages/arduino/tools/arm-none-eabi-gcc/7-2017q4/bin/../lib/gcc/arm-none-eabi/7.2.1/../../../../arm-none-eabi/lib/thumb/v6-m/crt0.o (main)
C:\Users\mahmo\AppData\Local\Temp\arduino-sketch-9E74EEDD22CEA5E1D5A6658EA4B77878/..\arduino-core-cache\core_arduino_samd_arduino_zero_native_3aa80b687a8a70088db6769217c8c9c2.a(startup.c.o)
                              C:\Users\mahmo\AppData\Local\Temp\arduino-sketch-9E74EEDD22CEA5E1D5A6658EA4B77878/..\arduino-core-cache\core_arduino_samd_arduino_zero_native_3aa80b687a8a70088db6769217c8c9c2.a(cortex_handlers.c.o) (SystemInit)
C:\Users\mahmo\AppData\Local\Temp\arduino-sketch-9E74EEDD22CEA5E1D5A6658EA4B77878/..\arduino-core-cache\core_arduino_samd_arduino_zero_native_3aa80b687a8a70088db6769217c8c9c2.a(wiring.c.o)
                              C:\Users\mahmo\AppData\Local\Temp\arduino-sketch-9E74EEDD22CEA5E1D5A6658EA4B77878/..\arduino-core-cache\core_arduino_samd_arduino_zero_native_3aa80b687a8a70088db6769217c8c9c2.a(main.cpp.o) (init)
C:\Users\mahmo\AppData\Local\Temp\arduino-sketch-9E74EEDD22CEA5E1D5A6658EA4B77878/..\arduino-core-cache\core_arduino_samd_arduino_zero_native_3aa80b687a8a70088db6769217c8c9c2.a(wiring_analog.c.o)
                              C:\Users\mahmo\AppData\Local\Temp\arduino-sketch-9E74EEDD22CEA5E1D5A6658EA4B77878/..\arduino-core-cache\core_arduino_samd_arduino_zero_native_3aa80b687a8a70088db6769217c8c9c2.a(wiring.c.o) (analogReference)
C:\Users\mahmo\AppData\Local\Temp\arduino-sketch-9E74EEDD22CEA5E1D5A6658EA4B77878/..\arduino-core-cache\core_arduino_samd_arduino_zero_native_3aa80b687a8a70088db6769217c8c9c2.a(wiring_digital.c.o)
                              C:\Users\mahmo\AppData\Local\Temp\arduino-sketch-9E74EEDD22CEA5E1D5A6658EA4B77878\sketch\ModbusSlave.cpp.o (pinMode)
C:\Users\mahmo\AppData\Local\Temp\arduino-sketch-9E74EEDD22CEA5E1D5A6658EA4B77878/..\arduino-core-cache\core_arduino_samd_arduino_zero_native_3aa80b687a8a70088db6769217c8c9c2.a(wiring_private.c.o)
                              C:\Users\mahmo\AppData\Local\Temp\arduino-sketch-9E74EEDD22CEA5E1D5A6658EA4B77878/..\arduino-core-cache\core_arduino_samd_arduino_zero_native_3aa80b687a8a70088db6769217c8c9c2.a(Uart.cpp.o) (pinPeripheral)
C:\Users\mahmo\AppData\Local\Temp\arduino-sketch-9E74EEDD22CEA5E1D5A6658EA4B77878/..\arduino-core-cache\core_arduino_samd_arduino_zero_native_3aa80b687a8a70088db6769217c8c9c2.a(Reset.cpp.o)
[...]
Memory Configuration

Name             Origin             Length             Attributes
FLASH            0x00002000         0x0003e000         xr
RAM              0x20000000         0x00008000         xrw
*default*        0x00000000         0xffffffff

Linker script and memory map

LOAD c:/users/mahmo/appdata/local/arduino15/packages/arduino/tools/arm-none-eabi-gcc/7-2017q4/bin/../lib/gcc/arm-none-eabi/7.2.1/thumb/v6-m/crti.o
LOAD c:/users/mahmo/appdata/local/arduino15/packages/arduino/tools/arm-none-eabi-gcc/7-2017q4/bin/../lib/gcc/arm-none-eabi/7.2.1/thumb/v6-m/crtbegin.o
LOAD c:/users/mahmo/appdata/local/arduino15/packages/arduino/tools/arm-none-eabi-gcc/7-2017q4/bin/../lib/gcc/arm-none-eabi/7.2.1/../../../../arm-none-eabi/lib/thumb/v6-m/crt0.o
LOAD C:\Users\mahmo\AppData\Local\Temp\arduino-sketch-9E74EEDD22CEA5E1D5A6658EA4B77878\sketch\Baremetal.ino.cpp.o
LOAD C:\Users\mahmo\AppData\Local\Temp\arduino-sketch-9E74EEDD22CEA5E1D5A6658EA4B77878\sketch\ModbusSlave.cpp.o
LOAD C:\Users\mahmo\AppData\Local\Temp\arduino-sketch-9E74EEDD22CEA5E1D5A6658EA4B77878\libraries\src\Config0.c.o
LOAD C:\Users\mahmo\AppData\Local\Temp\arduino-sketch-9E74EEDD22CEA5E1D5A6658EA4B77878\libraries\src\POUS.c.o
LOAD C:\Users\mahmo\AppData\Local\Temp\arduino-sketch-9E74EEDD22CEA5E1D5A6658EA4B77878\libraries\src\Res0.c.o
LOAD C:\Users\mahmo\AppData\Local\Temp\arduino-sketch-9E74EEDD22CEA5E1D5A6658EA4B77878\libraries\src\arduino.cpp.o
LOAD C:\Users\mahmo\AppData\Local\Temp\arduino-sketch-9E74EEDD22CEA5E1D5A6658EA4B77878\libraries\src\glueVars.c.o
LOAD C:\Users\mahmo\AppData\Local\Temp\arduino-sketch-9E74EEDD22CEA5E1D5A6658EA4B77878\core\variant.cpp.o
START GROUP
LOAD C:\Users\mahmo\AppData\Local\Arduino15\packages\arduino\tools\CMSIS\4.5.0/CMSIS/Lib/GCC/\libarm_cortexM0l_math.a
LOAD C:\Users\mahmo\AppData\Local\Temp\arduino-sketch-9E74EEDD22CEA5E1D5A6658EA4B77878/..\arduino-core-cache\core_arduino_samd_arduino_zero_native_3aa80b687a8a70088db6769217c8c9c2.a
END GROUP
LOAD c:/users/mahmo/appdata/local/arduino15/packages/arduino/tools/arm-none-eabi-gcc/7-2017q4/bin/../lib/gcc/arm-none-eabi/7.2.1/../../../../arm-none-eabi/lib/thumb/v6-m\libstdc++_nano.a
LOAD c:/users/mahmo/appdata/local/arduino15/packages/arduino/tools/arm-none-eabi-gcc/7-2017q4/bin/../lib/gcc/arm-none-eabi/7.2.1/../../../../arm-none-eabi/lib/thumb/v6-m\libm.a
START GROUP
LOAD c:/users/mahmo/appdata/local/arduino15/packages/arduino/tools/arm-none-eabi-gcc/7-2017q4/bin/../lib/gcc/arm-none-eabi/7.2.1/thumb/v6-m\libgcc.a
LOAD c:/users/mahmo/appdata/local/arduino15/packages/arduino/tools/arm-none-eabi-gcc/7-2017q4/bin/../lib/gcc/arm-none-eabi/7.2.1/../../../../arm-none-eabi/lib/thumb/v6-m\libc_nano.a
END GROUP
START GROUP
LOAD c:/users/mahmo/appdata/local/arduino15/packages/arduino/tools/arm-none-eabi-gcc/7-2017q4/bin/../lib/gcc/arm-none-eabi/7.2.1/thumb/v6-m\libgcc.a
LOAD c:/users/mahmo/appdata/local/arduino15/packages/arduino/tools/arm-none-eabi-gcc/7-2017q4/bin/../lib/gcc/arm-none-eabi/7.2.1/../../../../arm-none-eabi/lib/thumb/v6-m\libc_nano.a
LOAD c:/users/mahmo/appdata/local/arduino15/packages/arduino/tools/arm-none-eabi-gcc/7-2017q4/bin/../lib/gcc/arm-none-eabi/7.2.1/../../../../arm-none-eabi/lib/thumb/v6-m\libnosys.a
END GROUP
START GROUP
LOAD c:/users/mahmo/appdata/local/arduino15/packages/arduino/tools/arm-none-eabi-gcc/7-2017q4/bin/../lib/gcc/arm-none-eabi/7.2.1/thumb/v6-m\libgcc.a
LOAD c:/users/mahmo/appdata/local/arduino15/packages/arduino/tools/arm-none-eabi-gcc/7-2017q4/bin/../lib/gcc/arm-none-eabi/7.2.1/../../../../arm-none-eabi/lib/thumb/v6-m\libc_nano.a
LOAD c:/users/mahmo/appdata/local/arduino15/packages/arduino/tools/arm-none-eabi-gcc/7-2017q4/bin/../lib/gcc/arm-none-eabi/7.2.1/../../../../arm-none-eabi/lib/thumb/v6-m\libnosys.a
END GROUP
LOAD c:/users/mahmo/appdata/local/arduino15/packages/arduino/tools/arm-none-eabi-gcc/7-2017q4/bin/../lib/gcc/arm-none-eabi/7.2.1/thumb/v6-m/crtend.o
LOAD c:/users/mahmo/appdata/local/arduino15/packages/arduino/tools/arm-none-eabi-gcc/7-2017q4/bin/../lib/gcc/arm-none-eabi/7.2.1/thumb/v6-m/crtn.o

.text           0x00002000     0x555c
                0x00002000                __text_start__ = .
 *(.sketch_boot)
                0x00002000                . = ALIGN (0x2000)
 *(.isr_vector)
 .isr_vector    0x00002000       0xb4 C:\Users\mahmo\AppData\Local\Temp\arduino-sketch-9E74EEDD22CEA5E1D5A6658EA4B77878/..\arduino-core-cache\core_arduino_samd_arduino_zero_native_3aa80b687a8a70088db6769217c8c9c2.a(cortex_handlers.c.o)
                0x00002000                exception_table
 *(.text*)
 .text          0x000020b4       0x48 c:/users/mahmo/appdata/local/arduino15/packages/arduino/tools/arm-none-eabi-gcc/7-2017q4/bin/../lib/gcc/arm-none-eabi/7.2.1/thumb/v6-m/crtbegin.o
 .text.setupCycleDelay
                0x000020fc       0x28 C:\Users\mahmo\AppData\Local\Temp\arduino-sketch-9E74EEDD22CEA5E1D5A6658EA4B77878\sketch\Baremetal.ino.cpp.o
                0x000020fc                setupCycleDelay
 .text._Z15mapEmptyBuffersv
                0x00002124       0xa0 C:\Users\mahmo\AppData\Local\Temp\arduino-sketch-9E74EEDD22CEA5E1D5A6658EA4B77878\sketch\Baremetal.ino.cpp.o
                0x00002124                mapEmptyBuffers()
 .text.setup    0x000021c4       0xbc C:\Users\mahmo\AppData\Local\Temp\arduino-sketch-9E74EEDD22CEA5E1D5A6658EA4B77878\sketch\Baremetal.ino.cpp.o
                0x000021c4                setup
 .text._Z17syncModbusBuffersv
                0x00002280       0xf0 C:\Users\mahmo\AppData\Local\Temp\arduino-sketch-9E74EEDD22CEA5E1D5A6658EA4B77878\sketch\Baremetal.ino.cpp.o
                0x00002280                syncModbusBuffers()
 .text.cycleDelay
                0x00002370       0x30 C:\Users\mahmo\AppData\Local\Temp\arduino-sketch-9E74EEDD22CEA5E1D5A6658EA4B77878\sketch\Baremetal.ino.cpp.o
                0x00002370                cycleDelay
 .text.loop     0x000023a0       0x28 C:\Users\mahmo\AppData\Local\Temp\arduino-sketch-9E74EEDD22CEA5E1D5A6658EA4B77878\sketch\Baremetal.ino.cpp.o
                0x000023a0                loop
 .text._Z11init_mbregshhhh
                0x000023c8       0x84 C:\Users\mahmo\AppData\Local\Temp\arduino-sketch-9E74EEDD22CEA5E1D5A6658EA4B77878\sketch\ModbusSlave.cpp.o
                0x000023c8                init_mbregs(unsigned char, unsigned char, unsigned char, unsigned char)
 .text._Z12get_discretetb
                0x0000244c       0x24 C:\Users\mahmo\AppData\Local\Temp\arduino-sketch-9E74EEDD22CEA5E1D5A6658EA4B77878\sketch\ModbusSlave.cpp.o
                0x0000244c                get_discrete(unsigned short, bool)
 .text._Z14write_discretetbb
                0x00002470       0x34 C:\Users\mahmo\AppData\Local\Temp\arduino-sketch-9E74EEDD22CEA5E1D5A6658EA4B77878\sketch\ModbusSlave.cpp.o
                0x00002470                write_discrete(unsigned short, bool, bool)
 .text._Z21mbconfig_serial_ifacePN7arduino14HardwareSerialEli
                0x000024a4       0x78 C:\Users\mahmo\AppData\Local\Temp\arduino-sketch-9E74EEDD22CEA5E1D5A6658EA4B77878\sketch\ModbusSlave.cpp.o
                0x000024a4                mbconfig_serial_iface(arduino::HardwareSerial*, long, int)
 .text._Z17exceptionResponsett
                0x0000251c       0x24 C:\Users\mahmo\AppData\Local\Temp\arduino-sketch-9E74EEDD22CEA5E1D5A6658EA4B77878\sketch\ModbusSlave.cpp.o
                0x0000251c                exceptionResponse(unsigned short, unsigned short)
 .text._Z13readRegisterstt
                0x00002540       0x7c C:\Users\mahmo\AppData\Local\Temp\arduino-sketch-9E74EEDD22CEA5E1D5A6658EA4B77878\sketch\ModbusSlave.cpp.o
                0x00002540                readRegisters(unsigned short, unsigned short)
 .text._Z19writeSingleRegistertt
                0x000025bc       0x20 C:\Users\mahmo\AppData\Local\Temp\arduino-sketch-9E74EEDD22CEA5E1D5A6658EA4B77878\sketch\ModbusSlave.cpp.o
                0x000025bc                writeSingleRegister(unsigned short, unsigned short)
 .text._Z22writeMultipleRegisterstth
                0x000025dc       0x70 C:\Users\mahmo\AppData\Local\Temp\arduino-sketch-9E74EEDD22CEA5E1D5A6658EA4B77878\sketch\ModbusSlave.cpp.o
                0x000025dc                writeMultipleRegisters(unsigned short, unsigned short, unsigned char)
 .text._Z9readCoilstt
                0x0000264c       0xb0 C:\Users\mahmo\AppData\Local\Temp\arduino-sketch-9E74EEDD22CEA5E1D5A6658EA4B77878\sketch\ModbusSlave.cpp.o
                0x0000264c                readCoils(unsigned short, unsigned short)
 .text._Z15readInputStatustt
                0x000026fc       0xb0 C:\Users\mahmo\AppData\Local\Temp\arduino-sketch-9E74EEDD22CEA5E1D5A6658EA4B77878\sketch\ModbusSlave.cpp.o
                0x000026fc                readInputStatus(unsigned short, unsigned short)
 .text._Z18readInputRegisterstt
                0x000027ac       0x7c C:\Users\mahmo\AppData\Local\Temp\arduino-sketch-9E74EEDD22CEA5E1D5A6658EA4B77878\sketch\ModbusSlave.cpp.o
                0x000027ac                readInputRegisters(unsigned short, unsigned short)
 .text._Z15writeSingleCoiltt
                0x00002828       0x40 C:\Users\mahmo\AppData\Local\Temp\arduino-sketch-9E74EEDD22CEA5E1D5A6658EA4B77878\sketch\ModbusSlave.cpp.o
                0x00002828                writeSingleCoil(unsigned short, unsigned short)
 .text._Z18writeMultipleCoilsttt
                0x00002868       0x9c C:\Users\mahmo\AppData\Local\Temp\arduino-sketch-9E74EEDD22CEA5E1D5A6658EA4B77878\sketch\ModbusSlave.cpp.o
                0x00002868                writeMultipleCoils(unsigned short, unsigned short, unsigned short)
 .text._Z16process_mbpacketv
                0x00002904       0x84 C:\Users\mahmo\AppData\Local\Temp\arduino-sketch-9E74EEDD22CEA5E1D5A6658EA4B77878\sketch\ModbusSlave.cpp.o
                0x00002904                process_mbpacket()
 .text._Z7calcCrcv
                0x00002988       0x48 C:\Users\mahmo\AppData\Local\Temp\arduino-sketch-9E74EEDD22CEA5E1D5A6658EA4B77878\sketch\ModbusSlave.cpp.o
                0x00002988                calcCrc()
 .text._Z13handle_serialv
                0x000029d0      0x12c C:\Users\mahmo\AppData\Local\Temp\arduino-sketch-9E74EEDD22CEA5E1D5A6658EA4B77878\sketch\ModbusSlave.cpp.o
                0x000029d0                handle_serial()
 .text._Z6mbtaskv
                0x00002afc        0x8 C:\Users\mahmo\AppData\Local\Temp\arduino-sketch-9E74EEDD22CEA5E1D5A6658EA4B77878\sketch\ModbusSlave.cpp.o
                0x00002afc                mbtask()
 .text.config_init__
                0x00002b04        0x8 C:\Users\mahmo\AppData\Local\Temp\arduino-sketch-9E74EEDD22CEA5E1D5A6658EA4B77878\libraries\src\Config0.c.o
                0x00002b04                config_init__
 .text.config_run__
                0x00002b0c        0x8 C:\Users\mahmo\AppData\Local\Temp\arduino-sketch-9E74EEDD22CEA5E1D5A6658EA4B77878\libraries\src\Config0.c.o
                0x00002b0c                config_run__
 .text.__normalize_timespec
                0x00002b14       0x44 C:\Users\mahmo\AppData\Local\Temp\arduino-sketch-9E74EEDD22CEA5E1D5A6658EA4B77878\libraries\src\POUS.c.o
 .text.LE_TIME.constprop.0
                0x00002b58       0x28 C:\Users\mahmo\AppData\Local\Temp\arduino-sketch-9E74EEDD22CEA5E1D5A6658EA4B77878\libraries\src\POUS.c.o
 .text.BLINK_init__
                0x00002b80      0x11e C:\Users\mahmo\AppData\Local\Temp\arduino-sketch-9E74EEDD22CEA5E1D5A6658EA4B77878\libraries\src\POUS.c.o
                0x00002b80                BLINK_init__
 *fill*         0x00002c9e        0x2 
 .text.BLINK_body__
                0x00002ca0      0x328 C:\Users\mahmo\AppData\Local\Temp\arduino-sketch-9E74EEDD22CEA5E1D5A6658EA4B77878\libraries\src\POUS.c.o
                0x00002ca0                BLINK_body__
 .text.RES0_init__
                0x00002fc8       0x18 C:\Users\mahmo\AppData\Local\Temp\arduino-sketch-9E74EEDD22CEA5E1D5A6658EA4B77878\libraries\src\Res0.c.o
                0x00002fc8                RES0_init__
 .text.RES0_run__
                0x00002fe0       0x18 C:\Users\mahmo\AppData\Local\Temp\arduino-sketch-9E74EEDD22CEA5E1D5A6658EA4B77878\libraries\src\Res0.c.o
                0x00002fe0                RES0_run__
 .text.hardwareInit
                0x00002ff8       0x64 C:\Users\mahmo\AppData\Local\Temp\arduino-sketch-9E74EEDD22CEA5E1D5A6658EA4B77878\libraries\src\arduino.cpp.o
                0x00002ff8                hardwareInit
 .text.updateInputBuffers
                0x0000305c       0x54 C:\Users\mahmo\AppData\Local\Temp\arduino-sketch-9E74EEDD22CEA5E1D5A6658EA4B77878\libraries\src\arduino.cpp.o
                0x0000305c                updateInputBuffers
 .text.updateOutputBuffers
                0x000030b0       0x50 C:\Users\mahmo\AppData\Local\Temp\arduino-sketch-9E74EEDD22CEA5E1D5A6658EA4B77878\libraries\src\arduino.cpp.o
                0x000030b0                updateOutputBuffers
 .text.glueVars
                0x00003100        0x2 C:\Users\mahmo\AppData\Local\Temp\arduino-sketch-9E74EEDD22CEA5E1D5A6658EA4B77878\libraries\src\glueVars.c.o
                0x00003100                glueVars
 *fill*         0x00003102        0x2 
 .text.updateTime
                0x00003104       0x34 C:\Users\mahmo\AppData\Local\Temp\arduino-sketch-9E74EEDD22CEA5E1D5A6658EA4B77878\libraries\src\glueVars.c.o
                0x00003104                updateTime
 .text.SERCOM0_Handler
                0x00003138       0x10 C:\Users\mahmo\AppData\Local\Temp\arduino-sketch-9E74EEDD22CEA5E1D5A6658EA4B77878\core\variant.cpp.o
                0x00003138                SERCOM0_Handler
 .text.SERCOM5_Handler
                0x00003148       0x10 C:\Users\mahmo\AppData\Local\Temp\arduino-sketch-9E74EEDD22CEA5E1D5A6658EA4B77878\core\variant.cpp.o
                0x00003148                SERCOM5_Handler
 .text.startup._GLOBAL__sub_I_g_APinDescription
                0x00003158       0x94 C:\Users\mahmo\AppData\Local\Temp\arduino-sketch-9E74EEDD22CEA5E1D5A6658EA4B77878\core\variant.cpp.o
 .text._ZN6SERCOMC2EP6Sercom
                0x000031ec        0x8 C:\Users\mahmo\AppData\Local\Temp\arduino-sketch-9E74EEDD22CEA5E1D5A6658EA4B77878/..\arduino-core-cache\core_arduino_samd_arduino_zero_native_3aa80b687a8a70088db6769217c8c9c2.a(SERCOM.cpp.o)
                0x000031ec                SERCOM::SERCOM(Sercom*)
                0x000031ec                SERCOM::SERCOM(Sercom*)
 .text._ZN6SERCOM9initFrameE18SercomUartCharSize15SercomDataOrder16SercomParityMode19SercomNumberStopBit
                0x000031f4       0x3a C:\Users\mahmo\AppData\Local\Temp\arduino-sketch-9E74EEDD22CEA5E1D5A6658EA4B77878/..\arduino-core-cache\core_arduino_samd_arduino_zero_native_3aa80b687a8a70088db6769217c8c9c2.a(SERCOM.cpp.o)
                0x000031f4                SERCOM::initFrame(SercomUartCharSize, SercomDataOrder, SercomParityMode, SercomNumberStopBit)
 .text._ZN6SERCOM8initPadsE15SercomUartTXPad11SercomRXPad
                0x0000322e       0x26 C:\Users\mahmo\AppData\Local\Temp\arduino-sketch-9E74EEDD22CEA5E1D5A6658EA4B77878/..\arduino-core-cache\core_arduino_samd_arduino_zero_native_3aa80b687a8a70088db6769217c8c9c2.a(SERCOM.cpp.o)
                0x0000322e                SERCOM::initPads(SercomUartTXPad, SercomRXPad)
 .text._ZN6SERCOM9resetUARTEv
                0x00003254       0x1a C:\Users\mahmo\AppData\Local\Temp\arduino-sketch-9E74EEDD22CEA5E1D5A6658EA4B77878/..\arduino-core-cache\core_arduino_samd_arduino_zero_native_3aa80b687a8a70088db6769217c8c9c2.a(SERCOM.cpp.o)
                0x00003254                SERCOM::resetUART()
 .text._ZN6SERCOM10enableUARTEv
                0x0000326e       0x14 C:\Users\mahmo\AppData\Local\Temp\arduino-sketch-9E74EEDD22CEA5E1D5A6658EA4B77878/..\arduino-core-cache\core_arduino_samd_arduino_zero_native_3aa80b687a8a70088db6769217c8c9c2.a(SERCOM.cpp.o)
                0x0000326e                SERCOM::enableUART()
 .text._ZN6SERCOM9flushUARTEv
                0x00003282       0x14 C:\Users\mahmo\AppData\Local\Temp\arduino-sketch-9E74EEDD22CEA5E1D5A6658EA4B77878/..\arduino-core-cache\core_arduino_samd_arduino_zero_native_3aa80b687a8a70088db6769217c8c9c2.a(SERCOM.cpp.o)
                0x00003282                SERCOM::flushUART()
 .text._ZN6SERCOM15clearStatusUARTEv
                0x00003296        0x8 C:\Users\mahmo\AppData\Local\Temp\arduino-sketch-9E74EEDD22CEA5E1D5A6658EA4B77878/..\arduino-core-cache\core_arduino_samd_arduino_zero_native_3aa80b687a8a70088db6769217c8c9c2.a(SERCOM.cpp.o)
                0x00003296                SERCOM::clearStatusUART()
 .text._ZN6SERCOM17availableDataUARTEv
                0x0000329e        0xa C:\Users\mahmo\AppData\Local\Temp\arduino-sketch-9E74EEDD22CEA5E1D5A6658EA4B77878/..\arduino-core-cache\core_arduino_samd_arduino_zero_native_3aa80b687a8a70088db6769217c8c9c2.a(SERCOM.cpp.o)
                0x0000329e                SERCOM::availableDataUART()
 .text._ZN6SERCOM11isUARTErrorEv
                0x000032a8        0x8 C:\Users\mahmo\AppData\Local\Temp\arduino-sketch-9E74EEDD22CEA5E1D5A6658EA4B77878/..\arduino-core-cache\core_arduino_samd_arduino_zero_native_3aa80b687a8a70088db6769217c8c9c2.a(SERCOM.cpp.o)
                0x000032a8                SERCOM::isUARTError()
 .text._ZN6SERCOM20acknowledgeUARTErrorEv
                0x000032b0        0xe C:\Users\mahmo\AppData\Local\Temp\arduino-sketch-9E74EEDD22CEA5E1D5A6658EA4B77878/..\arduino-core-cache\core_arduino_samd_arduino_zero_native_3aa80b687a8a70088db6769217c8c9c2.a(SERCOM.cpp.o)
                0x000032b0                SERCOM::acknowledgeUARTError()
 .text._ZN6SERCOM16isFrameErrorUARTEv
                0x000032be        0xa C:\Users\mahmo\AppData\Local\Temp\arduino-sketch-9E74EEDD22CEA5E1D5A6658EA4B77878/..\arduino-core-cache\core_arduino_samd_arduino_zero_native_3aa80b687a8a70088db6769217c8c9c2.a(SERCOM.cpp.o)
                0x000032be                SERCOM::isFrameErrorUART()
 .text._ZN6SERCOM19clearFrameErrorUARTEv
                0x000032c8        0xc C:\Users\mahmo\AppData\Local\Temp\arduino-sketch-9E74EEDD22CEA5E1D5A6658EA4B77878/..\arduino-core-cache\core_arduino_samd_arduino_zero_native_3aa80b687a8a70088db6769217c8c9c2.a(SERCOM.cpp.o)
                0x000032c8                SERCOM::clearFrameErrorUART()
 .text._ZN6SERCOM23isDataRegisterEmptyUARTEv
                0x000032d4        0xa C:\Users\mahmo\AppData\Local\Temp\arduino-sketch-9E74EEDD22CEA5E1D5A6658EA4B77878/..\arduino-core-cache\core_arduino_samd_arduino_zero_native_3aa80b687a8a70088db6769217c8c9c2.a(SERCOM.cpp.o)
                0x000032d4                SERCOM::isDataRegisterEmptyUART()
 .text._ZN6SERCOM12readDataUARTEv
                0x000032de        0x8 C:\Users\mahmo\AppData\Local\Temp\arduino-sketch-9E74EEDD22CEA5E1D5A6658EA4B77878/..\arduino-core-cache\core_arduino_samd_arduino_zero_native_3aa80b687a8a70088db6769217c8c9c2.a(SERCOM.cpp.o)
                0x000032de                SERCOM::readDataUART()
 .text._ZN6SERCOM13writeDataUARTEh
                0x000032e6       0x14 C:\Users\mahmo\AppData\Local\Temp\arduino-sketch-9E74EEDD22CEA5E1D5A6658EA4B77878/..\arduino-core-cache\core_arduino_samd_arduino_zero_native_3aa80b687a8a70088db6769217c8c9c2.a(SERCOM.cpp.o)
                0x000032e6                SERCOM::writeDataUART(unsigned char)
 .text._ZN6SERCOM36enableDataRegisterEmptyInterruptUARTEv
                0x000032fa        0x8 C:\Users\mahmo\AppData\Local\Temp\arduino-sketch-9E74EEDD22CEA5E1D5A6658EA4B77878/..\arduino-core-cache\core_arduino_samd_arduino_zero_native_3aa80b687a8a70088db6769217c8c9c2.a(SERCOM.cpp.o)
                0x000032fa                SERCOM::enableDataRegisterEmptyInterruptUART()
 .text._ZN6SERCOM37disableDataRegisterEmptyInterruptUARTEv
                0x00003302        0x8 C:\Users\mahmo\AppData\Local\Temp\arduino-sketch-9E74EEDD22CEA5E1D5A6658EA4B77878/..\arduino-core-cache\core_arduino_samd_arduino_zero_native_3aa80b687a8a70088db6769217c8c9c2.a(SERCOM.cpp.o)
                0x00003302                SERCOM::disableDataRegisterEmptyInterruptUART()
 *fill*         0x0000330a        0x2 
 .text._ZN6SERCOM13initClockNVICEv
                0x0000330c       0xa8 C:\Users\mahmo\AppData\Local\Temp\arduino-sketch-9E74EEDD22CEA5E1D5A6658EA4B77878/..\arduino-core-cache\core_arduino_samd_arduino_zero_native_3aa80b687a8a70088db6769217c8c9c2.a(SERCOM.cpp.o)
                0x0000330c                SERCOM::initClockNVIC()
 .text._ZN6SERCOM8initUARTE14SercomUartMode20SercomUartSampleRatem
                0x000033b4       0x6c C:\Users\mahmo\AppData\Local\Temp\arduino-sketch-9E74EEDD22CEA5E1D5A6658EA4B77878/..\arduino-core-cache\core_arduino_samd_arduino_zero_native_3aa80b687a8a70088db6769217c8c9c2.a(SERCOM.cpp.o)
                0x000033b4                SERCOM::initUART(SercomUartMode, SercomUartSampleRate, unsigned long)
 .text._ZN4UartcvbEv
                0x00003420        0x4 C:\Users\mahmo\AppData\Local\Temp\arduino-sketch-9E74EEDD22CEA5E1D5A6658EA4B77878/..\arduino-core-cache\core_arduino_samd_arduino_zero_native_3aa80b687a8a70088db6769217c8c9c2.a(Uart.cpp.o)
                0x00003420                Uart::operator bool()
 .text._ZN4Uart5beginEm
                0x00003424       0x10 C:\Users\mahmo\AppData\Local\Temp\arduino-sketch-9E74EEDD22CEA5E1D5A6658EA4B77878/..\arduino-core-cache\core_arduino_samd_arduino_zero_native_3aa80b687a8a70088db6769217c8c9c2.a(Uart.cpp.o)
                0x00003424                Uart::begin(unsigned long)
 .text._ZN4Uart9availableEv
                0x00003434        0x6 C:\Users\mahmo\AppData\Local\Temp\arduino-sketch-9E74EEDD22CEA5E1D5A6658EA4B77878/..\arduino-core-cache\core_arduino_samd_arduino_zero_native_3aa80b687a8a70088db6769217c8c9c2.a(Uart.cpp.o)
                0x00003434                Uart::available()
 .text._ZN4Uart17availableForWriteEv
                0x0000343a       0x10 C:\Users\mahmo\AppData\Local\Temp\arduino-sketch-9E74EEDD22CEA5E1D5A6658EA4B77878/..\arduino-core-cache\core_arduino_samd_arduino_zero_native_3aa80b687a8a70088db6769217c8c9c2.a(Uart.cpp.o)
                0x0000343a                Uart::availableForWrite()
 .text._ZN4Uart4peekEv
                0x0000344a       0x18 C:\Users\mahmo\AppData\Local\Temp\arduino-sketch-9E74EEDD22CEA5E1D5A6658EA4B77878/..\arduino-core-cache\core_arduino_samd_arduino_zero_native_3aa80b687a8a70088db6769217c8c9c2.a(Uart.cpp.o)
                0x0000344a                Uart::peek()
 .text._ZN4Uart3endEv
                0x00003462       0x24 C:\Users\mahmo\AppData\Local\Temp\arduino-sketch-9E74EEDD22CEA5E1D5A6658EA4B77878/..\arduino-core-cache\core_arduino_samd_arduino_zero_native_3aa80b687a8a70088db6769217c8c9c2.a(Uart.cpp.o)
                0x00003462                Uart::end()
 .text._ZN4Uart5flushEv
                0x00003486       0x16 C:\Users\mahmo\AppData\Local\Temp\arduino-sketch-9E74EEDD22CEA5E1D5A6658EA4B77878/..\arduino-core-cache\core_arduino_samd_arduino_zero_native_3aa80b687a8a70088db6769217c8c9c2.a(Uart.cpp.o)
                0x00003486                Uart::flush()
 .text._ZN7__GuardD2Ev
                0x0000349c        0xe C:\Users\mahmo\AppData\Local\Temp\arduino-sketch-9E74EEDD22CEA5E1D5A6658EA4B77878/..\arduino-core-cache\core_arduino_samd_arduino_zero_native_3aa80b687a8a70088db6769217c8c9c2.a(Uart.cpp.o)
                0x0000349c                __Guard::~__Guard()
                0x0000349c                __Guard::~__Guard()
 .text._ZN4Uart16extractNbStopBitEt
                0x000034aa        0xc C:\Users\mahmo\AppData\Local\Temp\arduino-sketch-9E74EEDD22CEA5E1D5A6658EA4B77878/..\arduino-core-cache\core_arduino_samd_arduino_zero_native_3aa80b687a8a70088db6769217c8c9c2.a(Uart.cpp.o)
                0x000034aa                Uart::extractNbStopBit(unsigned short)
 .text._ZN4Uart15extractCharSizeEt
                0x000034b6       0x28 C:\Users\mahmo\AppData\Local\Temp\arduino-sketch-9E74EEDD22CEA5E1D5A6658EA4B77878/..\arduino-core-cache\core_arduino_samd_arduino_zero_native_3aa80b687a8a70088db6769217c8c9c2.a(Uart.cpp.o)
                0x000034b6                Uart::extractCharSize(unsigned short)
 .text._ZN4Uart13extractParityEt
                0x000034de       0x14 C:\Users\mahmo\AppData\Local\Temp\arduino-sketch-9E74EEDD22CEA5E1D5A6658EA4B77878/..\arduino-core-cache\core_arduino_samd_arduino_zero_native_3aa80b687a8a70088db6769217c8c9c2.a(Uart.cpp.o)
                0x000034de                Uart::extractParity(unsigned short)
 *fill*         0x000034f2        0x2 
 .text._ZN4Uart5beginEmt
                0x000034f4       0xf8 C:\Users\mahmo\AppData\Local\Temp\arduino-sketch-9E74EEDD22CEA5E1D5A6658EA4B77878/..\arduino-core-cache\core_arduino_samd_arduino_zero_native_3aa80b687a8a70088db6769217c8c9c2.a(Uart.cpp.o)
                0x000034f4                Uart::begin(unsigned long, unsigned short)
 .text._ZN7arduino11RingBufferNILi256EEC2Ev
                0x000035ec       0x1e C:\Users\mahmo\AppData\Local\Temp\arduino-sketch-9E74EEDD22CEA5E1D5A6658EA4B77878/..\arduino-core-cache\core_arduino_samd_arduino_zero_native_3aa80b687a8a70088db6769217c8c9c2.a(Uart.cpp.o)
                0x000035ec                arduino::RingBufferN<256>::RingBufferN()
                0x000035ec                arduino::RingBufferN<256>::RingBufferN()
 *fill*         0x0000360a        0x2 
 .text._ZN4UartC2EP6SERCOMhh11SercomRXPad15SercomUartTXPad
                0x0000360c       0x74 C:\Users\mahmo\AppData\Local\Temp\arduino-sketch-9E74EEDD22CEA5E1D5A6658EA4B77878/..\arduino-core-cache\core_arduino_samd_arduino_zero_native_3aa80b687a8a70088db6769217c8c9c2.a(Uart.cpp.o)
                0x0000360c                Uart::Uart(SERCOM*, unsigned char, unsigned char, SercomRXPad, SercomUartTXPad)
                0x0000360c                Uart::Uart(SERCOM*, unsigned char, unsigned char, SercomRXPad, SercomUartTXPad)
 .text._ZN7arduino15SafeRingBufferNILi256EE10store_charEh
                0x00003680       0x4a C:\Users\mahmo\AppData\Local\Temp\arduino-sketch-9E74EEDD22CEA5E1D5A6658EA4B77878/..\arduino-core-cache\core_arduino_samd_arduino_zero_native_3aa80b687a8a70088db6769217c8c9c2.a(Uart.cpp.o)
                0x00003680                arduino::SafeRingBufferN<256>::store_char(unsigned char)
 .text._ZN7arduino15SafeRingBufferNILi256EE9read_charEv
                0x000036ca       0x50 C:\Users\mahmo\AppData\Local\Temp\arduino-sketch-9E74EEDD22CEA5E1D5A6658EA4B77878/..\arduino-core-cache\core_arduino_samd_arduino_zero_native_3aa80b687a8a70088db6769217c8c9c2.a(Uart.cpp.o)
                0x000036ca                arduino::SafeRingBufferN<256>::read_char()
 .text._ZN4Uart10IrqHandlerEv
                0x0000371a       0xa4 C:\Users\mahmo\AppData\Local\Temp\arduino-sketch-9E74EEDD22CEA5E1D5A6658EA4B77878/..\arduino-core-cache\core_arduino_samd_arduino_zero_native_3aa80b687a8a70088db6769217c8c9c2.a(Uart.cpp.o)
                0x0000371a                Uart::IrqHandler()
 *fill*         0x000037be        0x2 
 .text._ZN4Uart5writeEh
                0x000037c0       0x9c C:\Users\mahmo\AppData\Local\Temp\arduino-sketch-9E74EEDD22CEA5E1D5A6658EA4B77878/..\arduino-core-cache\core_arduino_samd_arduino_zero_native_3aa80b687a8a70088db6769217c8c9c2.a(Uart.cpp.o)
                0x000037c0                Uart::write(unsigned char)
 .text._ZN4Uart4readEv
                0x0000385c       0x34 C:\Users\mahmo\AppData\Local\Temp\arduino-sketch-9E74EEDD22CEA5E1D5A6658EA4B77878/..\arduino-core-cache\core_arduino_samd_arduino_zero_native_3aa80b687a8a70088db6769217c8c9c2.a(Uart.cpp.o)
                0x0000385c                Uart::read()
 .text._ZN7arduino5Print5writeEPKhj
                0x00003890       0x28 C:\Users\mahmo\AppData\Local\Temp\arduino-sketch-9E74EEDD22CEA5E1D5A6658EA4B77878/..\arduino-core-cache\core_arduino_samd_arduino_zero_native_3aa80b687a8a70088db6769217c8c9c2.a(Print.cpp.o)
                0x00003890                arduino::Print::write(unsigned char const*, unsigned int)
 .text.Dummy_Handler
                0x000038b8        0x2 C:\Users\mahmo\AppData\Local\Temp\arduino-sketch-9E74EEDD22CEA5E1D5A6658EA4B77878/..\arduino-core-cache\core_arduino_samd_arduino_zero_native_3aa80b687a8a70088db6769217c8c9c2.a(cortex_handlers.c.o)
                0x000038b8                DMAC_Handler
                0x000038b8                HardFault_Handler
                0x000038b8                AC_Handler
                0x000038b8                PendSV_Handler
                0x000038b8                NMI_Handler
                0x000038b8                TC7_Handler
                0x000038b8                SERCOM1_Handler
                0x000038b8                ADC_Handler
                0x000038b8                TCC1_Handler
                0x000038b8                SERCOM2_Handler
                0x000038b8                TCC0_Handler
                0x000038b8                RTC_Handler
                0x000038b8                EIC_Handler
                0x000038b8                TC6_Handler
                0x000038b8                WDT_Handler
                0x000038b8                TC4_Handler
                0x000038b8                TC3_Handler
                0x000038b8                Dummy_Handler
                0x000038b8                PM_Handler
                0x000038b8                SVC_Handler
                0x000038b8                TCC2_Handler
                0x000038b8                EVSYS_Handler
                0x000038b8                SERCOM3_Handler
                0x000038b8                SERCOM4_Handler
                0x000038b8                I2S_Handler
                0x000038b8                NVMCTRL_Handler
                0x000038b8                DAC_Handler
                0x000038b8                PTC_Handler
                0x000038b8                SYSCTRL_Handler
 *fill*         0x000038ba        0x2 
 .text.USB_Handler
                0x000038bc       0x14 C:\Users\mahmo\AppData\Local\Temp\arduino-sketch-9E74EEDD22CEA5E1D5A6658EA4B77878/..\arduino-core-cache\core_arduino_samd_arduino_zero_native_3aa80b687a8a70088db6769217c8c9c2.a(cortex_handlers.c.o)
                0x000038bc                USB_Handler
 .text.Reset_Handler
                0x000038d0       0x54 C:\Users\mahmo\AppData\Local\Temp\arduino-sketch-9E74EEDD22CEA5E1D5A6658EA4B77878/..\arduino-core-cache\core_arduino_samd_arduino_zero_native_3aa80b687a8a70088db6769217c8c9c2.a(cortex_handlers.c.o)
                0x000038d0                Reset_Handler
 .text.SysTick_Handler
                0x00003924       0x10 C:\Users\mahmo\AppData\Local\Temp\arduino-sketch-9E74EEDD22CEA5E1D5A6658EA4B77878/..\arduino-core-cache\core_arduino_samd_arduino_zero_native_3aa80b687a8a70088db6769217c8c9c2.a(cortex_handlers.c.o)
                0x00003924                SysTick_Handler
 .text.USB_SetHandler
                0x00003934        0xc C:\Users\mahmo\AppData\Local\Temp\arduino-sketch-9E74EEDD22CEA5E1D5A6658EA4B77878/..\arduino-core-cache\core_arduino_samd_arduino_zero_native_3aa80b687a8a70088db6769217c8c9c2.a(cortex_handlers.c.o)
                0x00003934                USB_SetHandler
 .text.millis   0x00003940        0xc C:\Users\mahmo\AppData\Local\Temp\arduino-sketch-9E74EEDD22CEA5E1D5A6658EA4B77878/..\arduino-core-cache\core_arduino_samd_arduino_zero_native_3aa80b687a8a70088db6769217c8c9c2.a(delay.c.o)
                0x00003940                millis
 .text.micros   0x0000394c       0x60 C:\Users\mahmo\AppData\Local\Temp\arduino-sketch-9E74EEDD22CEA5E1D5A6658EA4B77878/..\arduino-core-cache\core_arduino_samd_arduino_zero_native_3aa80b687a8a70088db6769217c8c9c2.a(delay.c.o)
                0x0000394c                micros
 .text.delay    0x000039ac       0x30 C:\Users\mahmo\AppData\Local\Temp\arduino-sketch-9E74EEDD22CEA5E1D5A6658EA4B77878/..\arduino-core-cache\core_arduino_samd_arduino_zero_native_3aa80b687a8a70088db6769217c8c9c2.a(delay.c.o)
                0x000039ac                delay
 .text.resetExternalChip
                0x000039dc        0x2 C:\Users\mahmo\AppData\Local\Temp\arduino-sketch-9E74EEDD22CEA5E1D5A6658EA4B77878/..\arduino-core-cache\core_arduino_samd_arduino_zero_native_3aa80b687a8a70088db6769217c8c9c2.a(delay.c.o)
                0x000039dc                resetExternalChip
 *fill*         0x000039de        0x2 
 .text.SysTick_DefaultHandler
                0x000039e0       0x14 C:\Users\mahmo\AppData\Local\Temp\arduino-sketch-9E74EEDD22CEA5E1D5A6658EA4B77878/..\arduino-core-cache\core_arduino_samd_arduino_zero_native_3aa80b687a8a70088db6769217c8c9c2.a(delay.c.o)
                0x000039e0                SysTick_DefaultHandler
 .text.delayMicroseconds
                0x000039f4       0x16 C:\Users\mahmo\AppData\Local\Temp\arduino-sketch-9E74EEDD22CEA5E1D5A6658EA4B77878/..\arduino-core-cache\core_arduino_samd_arduino_zero_native_3aa80b687a8a70088db6769217c8c9c2.a(delay.c.o)
                0x000039f4                delayMicroseconds
 .text.__empty  0x00003a0a        0x2 C:\Users\mahmo\AppData\Local\Temp\arduino-sketch-9E74EEDD22CEA5E1D5A6658EA4B77878/..\arduino-core-cache\core_arduino_samd_arduino_zero_native_3aa80b687a8a70088db6769217c8c9c2.a(hooks.c.o)
                0x00003a0a                yield
 .text.__false  0x00003a0c        0x4 C:\Users\mahmo\AppData\Local\Temp\arduino-sketch-9E74EEDD22CEA5E1D5A6658EA4B77878/..\arduino-core-cache\core_arduino_samd_arduino_zero_native_3aa80b687a8a70088db6769217c8c9c2.a(hooks.c.o)
                0x00003a0c                sysTickHook
 .text.initVariant
                0x00003a10        0x2 C:\Users\mahmo\AppData\Local\Temp\arduino-sketch-9E74EEDD22CEA5E1D5A6658EA4B77878/..\arduino-core-cache\core_arduino_samd_arduino_zero_native_3aa80b687a8a70088db6769217c8c9c2.a(main.cpp.o)
                0x00003a10                initVariant
 *fill*         0x00003a12        0x2 
 .text.startup.main
                0x00003a14       0x40 C:\Users\mahmo\AppData\Local\Temp\arduino-sketch-9E74EEDD22CEA5E1D5A6658EA4B77878/..\arduino-core-cache\core_arduino_samd_arduino_zero_native_3aa80b687a8a70088db6769217c8c9c2.a(main.cpp.o)
                0x00003a14                main
 .text.SystemInit
                0x00003a54      0x160 C:\Users\mahmo\AppData\Local\Temp\arduino-sketch-9E74EEDD22CEA5E1D5A6658EA4B77878/..\arduino-core-cache\core_arduino_samd_arduino_zero_native_3aa80b687a8a70088db6769217c8c9c2.a(startup.c.o)
                0x00003a54                SystemInit
 .text.init     0x00003bb4       0xf0 C:\Users\mahmo\AppData\Local\Temp\arduino-sketch-9E74EEDD22CEA5E1D5A6658EA4B77878/..\arduino-core-cache\core_arduino_samd_arduino_zero_native_3aa80b687a8a70088db6769217c8c9c2.a(wiring.c.o)
                0x00003bb4                init
 .text.mapResolution
                0x00003ca4       0x12 C:\Users\mahmo\AppData\Local\Temp\arduino-sketch-9E74EEDD22CEA5E1D5A6658EA4B77878/..\arduino-core-cache\core_arduino_samd_arduino_zero_native_3aa80b687a8a70088db6769217c8c9c2.a(wiring_analog.c.o)
 *fill*         0x00003cb6        0x2 
 .text.analogReference
                0x00003cb8       0x64 C:\Users\mahmo\AppData\Local\Temp\arduino-sketch-9E74EEDD22CEA5E1D5A6658EA4B77878/..\arduino-core-cache\core_arduino_samd_arduino_zero_native_3aa80b687a8a70088db6769217c8c9c2.a(wiring_analog.c.o)
                0x00003cb8                analogReference
 .text.analogRead
                0x00003d1c       0xdc C:\Users\mahmo\AppData\Local\Temp\arduino-sketch-9E74EEDD22CEA5E1D5A6658EA4B77878/..\arduino-core-cache\core_arduino_samd_arduino_zero_native_3aa80b687a8a70088db6769217c8c9c2.a(wiring_analog.c.o)
                0x00003d1c                analogRead
 .text.analogWrite
                0x00003df8      0x1d4 C:\Users\mahmo\AppData\Local\Temp\arduino-sketch-9E74EEDD22CEA5E1D5A6658EA4B77878/..\arduino-core-cache\core_arduino_samd_arduino_zero_native_3aa80b687a8a70088db6769217c8c9c2.a(wiring_analog.c.o)
                0x00003df8                analogWrite
 .text.pinMode  0x00003fcc       0x98 C:\Users\mahmo\AppData\Local\Temp\arduino-sketch-9E74EEDD22CEA5E1D5A6658EA4B77878/..\arduino-core-cache\core_arduino_samd_arduino_zero_native_3aa80b687a8a70088db6769217c8c9c2.a(wiring_digital.c.o)
                0x00003fcc                pinMode
 .text.digitalWrite
                0x00004064       0x58 C:\Users\mahmo\AppData\Local\Temp\arduino-sketch-9E74EEDD22CEA5E1D5A6658EA4B77878/..\arduino-core-cache\core_arduino_samd_arduino_zero_native_3aa80b687a8a70088db6769217c8c9c2.a(wiring_digital.c.o)
                0x00004064                digitalWrite
 .text.digitalRead
                0x000040bc       0x30 C:\Users\mahmo\AppData\Local\Temp\arduino-sketch-9E74EEDD22CEA5E1D5A6658EA4B77878/..\arduino-core-cache\core_arduino_samd_arduino_zero_native_3aa80b687a8a70088db6769217c8c9c2.a(wiring_digital.c.o)
                0x000040bc                digitalRead
 .text.pinPeripheral
                0x000040ec       0xc0 C:\Users\mahmo\AppData\Local\Temp\arduino-sketch-9E74EEDD22CEA5E1D5A6658EA4B77878/..\arduino-core-cache\core_arduino_samd_arduino_zero_native_3aa80b687a8a70088db6769217c8c9c2.a(wiring_private.c.o)
                0x000040ec                pinPeripheral
 .text.initiateReset
                0x000041ac       0x14 C:\Users\mahmo\AppData\Local\Temp\arduino-sketch-9E74EEDD22CEA5E1D5A6658EA4B77878/..\arduino-core-cache\core_arduino_samd_arduino_zero_native_3aa80b687a8a70088db6769217c8c9c2.a(Reset.cpp.o)
                0x000041ac                initiateReset
 .text.cancelReset
                0x000041c0       0x10 C:\Users\mahmo\AppData\Local\Temp\arduino-sketch-9E74EEDD22CEA5E1D5A6658EA4B77878/..\arduino-core-cache\core_arduino_samd_arduino_zero_native_3aa80b687a8a70088db6769217c8c9c2.a(Reset.cpp.o)
                0x000041c0                cancelReset
 .text.tickReset
                0x000041d0       0x78 C:\Users\mahmo\AppData\Local\Temp\arduino-sketch-9E74EEDD22CEA5E1D5A6658EA4B77878/..\arduino-core-cache\core_arduino_samd_arduino_zero_native_3aa80b687a8a70088db6769217c8c9c2.a(Reset.cpp.o)
                0x000041d0                tickReset
 .text._ZN26DoubleBufferedEPOutHandlerD2Ev
                0x00004248        0x2 C:\Users\mahmo\AppData\Local\Temp\arduino-sketch-9E74EEDD22CEA5E1D5A6658EA4B77878/..\arduino-core-cache\core_arduino_samd_arduino_zero_native_3aa80b687a8a70088db6769217c8c9c2.a(USBCore.cpp.o)
                0x00004248                DoubleBufferedEPOutHandler::~DoubleBufferedEPOutHandler()
                0x00004248                DoubleBufferedEPOutHandler::~DoubleBufferedEPOutHandler()
 .text._ZN26DoubleBufferedEPOutHandlerD0Ev
                0x0000424a        0xc C:\Users\mahmo\AppData\Local\Temp\arduino-sketch-9E74EEDD22CEA5E1D5A6658EA4B77878/..\arduino-core-cache\core_arduino_samd_arduino_zero_native_3aa80b687a8a70088db6769217c8c9c2.a(USBCore.cpp.o)
                0x0000424a                DoubleBufferedEPOutHandler::~DoubleBufferedEPOutHandler()
 *fill*         0x00004256        0x2 
 .text._ZN14USBDeviceClass6initEPEmm.part.7
                0x00004258       0xc4 C:\Users\mahmo\AppData\Local\Temp\arduino-sketch-9E74EEDD22CEA5E1D5A6658EA4B77878/..\arduino-core-cache\core_arduino_samd_arduino_zero_native_3aa80b687a8a70088db6769217c8c9c2.a(USBCore.cpp.o)
 .text._ZN7__GuardC2Ev
                0x0000431c        0xe C:\Users\mahmo\AppData\Local\Temp\arduino-sketch-9E74EEDD22CEA5E1D5A6658EA4B77878/..\arduino-core-cache\core_arduino_samd_arduino_zero_native_3aa80b687a8a70088db6769217c8c9c2.a(USBCore.cpp.o)
                0x0000431c                __Guard::__Guard()
                0x0000431c                __Guard::__Guard()
 .text._ZNK26DoubleBufferedEPOutHandler10_availableEv
                0x0000432a       0x70 C:\Users\mahmo\AppData\Local\Temp\arduino-sketch-9E74EEDD22CEA5E1D5A6658EA4B77878/..\arduino-core-cache\core_arduino_samd_arduino_zero_native_3aa80b687a8a70088db6769217c8c9c2.a(USBCore.cpp.o)
                0x0000432a                DoubleBufferedEPOutHandler::_available() const
 *fill*         0x0000439a        0x2 
 .text._ZN26DoubleBufferedEPOutHandler7releaseEv
                0x0000439c       0x38 C:\Users\mahmo\AppData\Local\Temp\arduino-sketch-9E74EEDD22CEA5E1D5A6658EA4B77878/..\arduino-core-cache\core_arduino_samd_arduino_zero_native_3aa80b687a8a70088db6769217c8c9c2.a(USBCore.cpp.o)
                0x0000439c                DoubleBufferedEPOutHandler::release()
 .text._ZN26DoubleBufferedEPOutHandler14handleEndpointEv
                0x000043d4       0xe2 C:\Users\mahmo\AppData\Local\Temp\arduino-sketch-9E74EEDD22CEA5E1D5A6658EA4B77878/..\arduino-core-cache\core_arduino_samd_arduino_zero_native_3aa80b687a8a70088db6769217c8c9c2.a(USBCore.cpp.o)
                0x000043d4                DoubleBufferedEPOutHandler::handleEndpoint()
 .text._ZN14USBDeviceClass14SendInterfacesEPm
                0x000044b6       0x20 C:\Users\mahmo\AppData\Local\Temp\arduino-sketch-9E74EEDD22CEA5E1D5A6658EA4B77878/..\arduino-core-cache\core_arduino_samd_arduino_zero_native_3aa80b687a8a70088db6769217c8c9c2.a(USBCore.cpp.o)
                0x000044b6                USBDeviceClass::SendInterfaces(unsigned long*)
 *fill*         0x000044d6        0x2 
 .text._ZN14USBDeviceClass6attachEv
                0x000044d8       0x34 C:\Users\mahmo\AppData\Local\Temp\arduino-sketch-9E74EEDD22CEA5E1D5A6658EA4B77878/..\arduino-core-cache\core_arduino_samd_arduino_zero_native_3aa80b687a8a70088db6769217c8c9c2.a(USBCore.cpp.o)
                0x000044d8                USBDeviceClass::attach()
 .text._ZN14USBDeviceClass10setAddressEm
                0x0000450c       0x48 C:\Users\mahmo\AppData\Local\Temp\arduino-sketch-9E74EEDD22CEA5E1D5A6658EA4B77878/..\arduino-core-cache\core_arduino_samd_arduino_zero_native_3aa80b687a8a70088db6769217c8c9c2.a(USBCore.cpp.o)
                0x0000450c                USBDeviceClass::setAddress(unsigned long)
 .text._ZN14USBDeviceClass25handleClassInterfaceSetupERN7arduino8USBSetupE
                0x00004554       0x24 C:\Users\mahmo\AppData\Local\Temp\arduino-sketch-9E74EEDD22CEA5E1D5A6658EA4B77878/..\arduino-core-cache\core_arduino_samd_arduino_zero_native_3aa80b687a8a70088db6769217c8c9c2.a(USBCore.cpp.o)
                0x00004554                USBDeviceClass::handleClassInterfaceSetup(arduino::USBSetup&)
 .text._ZN14USBDeviceClass6initEPEmm
                0x00004578      0x10c C:\Users\mahmo\AppData\Local\Temp\arduino-sketch-9E74EEDD22CEA5E1D5A6658EA4B77878/..\arduino-core-cache\core_arduino_samd_arduino_zero_native_3aa80b687a8a70088db6769217c8c9c2.a(USBCore.cpp.o)
                0x00004578                USBDeviceClass::initEP(unsigned long, unsigned long)
 .text._ZN14USBDeviceClass13initEndpointsEv
                0x00004684       0x24 C:\Users\mahmo\AppData\Local\Temp\arduino-sketch-9E74EEDD22CEA5E1D5A6658EA4B77878/..\arduino-core-cache\core_arduino_samd_arduino_zero_native_3aa80b687a8a70088db6769217c8c9c2.a(USBCore.cpp.o)
                0x00004684                USBDeviceClass::initEndpoints()
 .text._ZN14USBDeviceClass5clearEm
                0x000046a8       0x38 C:\Users\mahmo\AppData\Local\Temp\arduino-sketch-9E74EEDD22CEA5E1D5A6658EA4B77878/..\arduino-core-cache\core_arduino_samd_arduino_zero_native_3aa80b687a8a70088db6769217c8c9c2.a(USBCore.cpp.o)
                0x000046a8                USBDeviceClass::clear(unsigned long)
 .text._ZN14USBDeviceClass9availableEm
                0x000046e0       0x2c C:\Users\mahmo\AppData\Local\Temp\arduino-sketch-9E74EEDD22CEA5E1D5A6658EA4B77878/..\arduino-core-cache\core_arduino_samd_arduino_zero_native_3aa80b687a8a70088db6769217c8c9c2.a(USBCore.cpp.o)
                0x000046e0                USBDeviceClass::available(unsigned long)
 .text._ZN14USBDeviceClass5flushEm
                0x0000470c       0x2c C:\Users\mahmo\AppData\Local\Temp\arduino-sketch-9E74EEDD22CEA5E1D5A6658EA4B77878/..\arduino-core-cache\core_arduino_samd_arduino_zero_native_3aa80b687a8a70088db6769217c8c9c2.a(USBCore.cpp.o)
                0x0000470c                USBDeviceClass::flush(unsigned long)
 .text._ZN14USBDeviceClass4recvEmPvm
                0x00004738       0xdc C:\Users\mahmo\AppData\Local\Temp\arduino-sketch-9E74EEDD22CEA5E1D5A6658EA4B77878/..\arduino-core-cache\core_arduino_samd_arduino_zero_native_3aa80b687a8a70088db6769217c8c9c2.a(USBCore.cpp.o)
                0x00004738                USBDeviceClass::recv(unsigned long, void*, unsigned long)
 .text._ZN14USBDeviceClass4recvEm
                0x00004814       0x1c C:\Users\mahmo\AppData\Local\Temp\arduino-sketch-9E74EEDD22CEA5E1D5A6658EA4B77878/..\arduino-core-cache\core_arduino_samd_arduino_zero_native_3aa80b687a8a70088db6769217c8c9c2.a(USBCore.cpp.o)
                0x00004814                USBDeviceClass::recv(unsigned long)
 .text._ZN14USBDeviceClass14armRecvCtrlOUTEm
                0x00004830       0x5c C:\Users\mahmo\AppData\Local\Temp\arduino-sketch-9E74EEDD22CEA5E1D5A6658EA4B77878/..\arduino-core-cache\core_arduino_samd_arduino_zero_native_3aa80b687a8a70088db6769217c8c9c2.a(USBCore.cpp.o)
                0x00004830                USBDeviceClass::armRecvCtrlOUT(unsigned long)
 .text._ZN14USBDeviceClass11recvControlEPvm
                0x0000488c       0x28 C:\Users\mahmo\AppData\Local\Temp\arduino-sketch-9E74EEDD22CEA5E1D5A6658EA4B77878/..\arduino-core-cache\core_arduino_samd_arduino_zero_native_3aa80b687a8a70088db6769217c8c9c2.a(USBCore.cpp.o)
                0x0000488c                USBDeviceClass::recvControl(void*, unsigned long)
 .text._ZN14USBDeviceClass4sendEmPKvm
                0x000048b4      0x124 C:\Users\mahmo\AppData\Local\Temp\arduino-sketch-9E74EEDD22CEA5E1D5A6658EA4B77878/..\arduino-core-cache\core_arduino_samd_arduino_zero_native_3aa80b687a8a70088db6769217c8c9c2.a(USBCore.cpp.o)
                0x000048b4                USBDeviceClass::send(unsigned long, void const*, unsigned long)
 .text._ZN14USBDeviceClass7armSendEmPKvm
                0x000049d8       0x48 C:\Users\mahmo\AppData\Local\Temp\arduino-sketch-9E74EEDD22CEA5E1D5A6658EA4B77878/..\arduino-core-cache\core_arduino_samd_arduino_zero_native_3aa80b687a8a70088db6769217c8c9c2.a(USBCore.cpp.o)
                0x000049d8                USBDeviceClass::armSend(unsigned long, void const*, unsigned long)
 .text._ZN14USBDeviceClass11sendControlEPKvm
                0x00004a20       0x54 C:\Users\mahmo\AppData\Local\Temp\arduino-sketch-9E74EEDD22CEA5E1D5A6658EA4B77878/..\arduino-core-cache\core_arduino_samd_arduino_zero_native_3aa80b687a8a70088db6769217c8c9c2.a(USBCore.cpp.o)
                0x00004a20                USBDeviceClass::sendControl(void const*, unsigned long)
 .text._ZN14USBDeviceClass20sendStringDescriptorEPKhm
                0x00004a74       0x64 C:\Users\mahmo\AppData\Local\Temp\arduino-sketch-9E74EEDD22CEA5E1D5A6658EA4B77878/..\arduino-core-cache\core_arduino_samd_arduino_zero_native_3aa80b687a8a70088db6769217c8c9c2.a(USBCore.cpp.o)
                0x00004a74                USBDeviceClass::sendStringDescriptor(unsigned char const*, unsigned long)
 .text._ZN14USBDeviceClass17sendConfigurationEm
                0x00004ad8       0x80 C:\Users\mahmo\AppData\Local\Temp\arduino-sketch-9E74EEDD22CEA5E1D5A6658EA4B77878/..\arduino-core-cache\core_arduino_samd_arduino_zero_native_3aa80b687a8a70088db6769217c8c9c2.a(USBCore.cpp.o)
                0x00004ad8                USBDeviceClass::sendConfiguration(unsigned long)
 .text._ZN14USBDeviceClass14sendDescriptorERN7arduino8USBSetupE
                0x00004b58       0xd8 C:\Users\mahmo\AppData\Local\Temp\arduino-sketch-9E74EEDD22CEA5E1D5A6658EA4B77878/..\arduino-core-cache\core_arduino_samd_arduino_zero_native_3aa80b687a8a70088db6769217c8c9c2.a(USBCore.cpp.o)
                0x00004b58                USBDeviceClass::sendDescriptor(arduino::USBSetup&)
 .text._ZN14USBDeviceClass7sendZlpEm
                0x00004c30       0x18 C:\Users\mahmo\AppData\Local\Temp\arduino-sketch-9E74EEDD22CEA5E1D5A6658EA4B77878/..\arduino-core-cache\core_arduino_samd_arduino_zero_native_3aa80b687a8a70088db6769217c8c9c2.a(USBCore.cpp.o)
                0x00004c30                USBDeviceClass::sendZlp(unsigned long)
 .text._ZN14USBDeviceClass19handleStandardSetupERN7arduino8USBSetupE
                0x00004c48       0xf0 C:\Users\mahmo\AppData\Local\Temp\arduino-sketch-9E74EEDD22CEA5E1D5A6658EA4B77878/..\arduino-core-cache\core_arduino_samd_arduino_zero_native_3aa80b687a8a70088db6769217c8c9c2.a(USBCore.cpp.o)
                0x00004c48                USBDeviceClass::handleStandardSetup(arduino::USBSetup&)
 .text._ZN14USBDeviceClass10ISRHandlerEv
                0x00004d38      0x150 C:\Users\mahmo\AppData\Local\Temp\arduino-sketch-9E74EEDD22CEA5E1D5A6658EA4B77878/..\arduino-core-cache\core_arduino_samd_arduino_zero_native_3aa80b687a8a70088db6769217c8c9c2.a(USBCore.cpp.o)
                0x00004d38                USBDeviceClass::ISRHandler()
 .text.UDD_Handler
                0x00004e88       0x10 C:\Users\mahmo\AppData\Local\Temp\arduino-sketch-9E74EEDD22CEA5E1D5A6658EA4B77878/..\arduino-core-cache\core_arduino_samd_arduino_zero_native_3aa80b687a8a70088db6769217c8c9c2.a(USBCore.cpp.o)
                0x00004e88                UDD_Handler
 .text._ZN7arduino13PluggableUSB_C2Ev
                0x00004e98       0x10 C:\Users\mahmo\AppData\Local\Temp\arduino-sketch-9E74EEDD22CEA5E1D5A6658EA4B77878/..\arduino-core-cache\core_arduino_samd_arduino_zero_native_3aa80b687a8a70088db6769217c8c9c2.a(USBCore.cpp.o)
                0x00004e98                arduino::PluggableUSB_::PluggableUSB_()
                0x00004e98                arduino::PluggableUSB_::PluggableUSB_()
 .text._Z8epBufferj
                0x00004ea8        0xc C:\Users\mahmo\AppData\Local\Temp\arduino-sketch-9E74EEDD22CEA5E1D5A6658EA4B77878/..\arduino-core-cache\core_arduino_samd_arduino_zero_native_3aa80b687a8a70088db6769217c8c9c2.a(USBCore.cpp.o)
                0x00004ea8                epBuffer(unsigned int)
 .text._ZN7arduino11RingBufferNILi64EE10store_charEh
                0x00004eb4       0x1c C:\Users\mahmo\AppData\Local\Temp\arduino-sketch-9E74EEDD22CEA5E1D5A6658EA4B77878/..\arduino-core-cache\core_arduino_samd_arduino_zero_native_3aa80b687a8a70088db6769217c8c9c2.a(USBCore.cpp.o)
                0x00004eb4                arduino::RingBufferN<64>::store_char(unsigned char)
 .text._ZN26DoubleBufferedEPOutHandler5_recvEv
                0x00004ed0      0x15e C:\Users\mahmo\AppData\Local\Temp\arduino-sketch-9E74EEDD22CEA5E1D5A6658EA4B77878/..\arduino-core-cache\core_arduino_samd_arduino_zero_native_3aa80b687a8a70088db6769217c8c9c2.a(USBCore.cpp.o)
                0x00004ed0                DoubleBufferedEPOutHandler::_recv()
 .text._ZN26DoubleBufferedEPOutHandler9availableEv
                0x0000502e        0xc C:\Users\mahmo\AppData\Local\Temp\arduino-sketch-9E74EEDD22CEA5E1D5A6658EA4B77878/..\arduino-core-cache\core_arduino_samd_arduino_zero_native_3aa80b687a8a70088db6769217c8c9c2.a(USBCore.cpp.o)
                0x0000502e                DoubleBufferedEPOutHandler::available()
 .text._ZN26DoubleBufferedEPOutHandler4peekEv
                0x0000503a       0x1c C:\Users\mahmo\AppData\Local\Temp\arduino-sketch-9E74EEDD22CEA5E1D5A6658EA4B77878/..\arduino-core-cache\core_arduino_samd_arduino_zero_native_3aa80b687a8a70088db6769217c8c9c2.a(USBCore.cpp.o)
                0x0000503a                DoubleBufferedEPOutHandler::peek()
 .text._ZN26DoubleBufferedEPOutHandler4recvEPvm
                0x00005056       0x60 C:\Users\mahmo\AppData\Local\Temp\arduino-sketch-9E74EEDD22CEA5E1D5A6658EA4B77878/..\arduino-core-cache\core_arduino_samd_arduino_zero_native_3aa80b687a8a70088db6769217c8c9c2.a(USBCore.cpp.o)
                0x00005056                DoubleBufferedEPOutHandler::recv(void*, unsigned long)
 *fill*         0x000050b6        0x2 
 .text.startup._GLOBAL__sub_I_usbd
                0x000050b8       0x10 C:\Users\mahmo\AppData\Local\Temp\arduino-sketch-9E74EEDD22CEA5E1D5A6658EA4B77878/..\arduino-core-cache\core_arduino_samd_arduino_zero_native_3aa80b687a8a70088db6769217c8c9c2.a(USBCore.cpp.o)
 .text._ZN14USBDeviceClass4initEv
                0x000050c8      0x18c C:\Users\mahmo\AppData\Local\Temp\arduino-sketch-9E74EEDD22CEA5E1D5A6658EA4B77878/..\arduino-core-cache\core_arduino_samd_arduino_zero_native_3aa80b687a8a70088db6769217c8c9c2.a(USBCore.cpp.o)
                0x000050c8                USBDeviceClass::init()
 .text._ZN7arduino13PluggableUSB_12getInterfaceEPh
                0x00005254       0x28 C:\Users\mahmo\AppData\Local\Temp\arduino-sketch-9E74EEDD22CEA5E1D5A6658EA4B77878/..\arduino-core-cache\core_arduino_samd_arduino_zero_native_3aa80b687a8a70088db6769217c8c9c2.a(PluggableUSB.cpp.o)
                0x00005254                arduino::PluggableUSB_::getInterface(unsigned char*)
 .text._ZN7arduino13PluggableUSB_13getDescriptorERNS_8USBSetupE
                0x0000527c       0x20 C:\Users\mahmo\AppData\Local\Temp\arduino-sketch-9E74EEDD22CEA5E1D5A6658EA4B77878/..\arduino-core-cache\core_arduino_samd_arduino_zero_native_3aa80b687a8a70088db6769217c8c9c2.a(PluggableUSB.cpp.o)
                0x0000527c                arduino::PluggableUSB_::getDescriptor(arduino::USBSetup&)
 .text._ZN7arduino13PluggableUSB_12getShortNameEPc
                0x0000529c       0x1e C:\Users\mahmo\AppData\Local\Temp\arduino-sketch-9E74EEDD22CEA5E1D5A6658EA4B77878/..\arduino-core-cache\core_arduino_samd_arduino_zero_native_3aa80b687a8a70088db6769217c8c9c2.a(PluggableUSB.cpp.o)
                0x0000529c                arduino::PluggableUSB_::getShortName(char*)
 .text._ZN7arduino13PluggableUSB_5setupERNS_8USBSetupE
                0x000052ba       0x20 C:\Users\mahmo\AppData\Local\Temp\arduino-sketch-9E74EEDD22CEA5E1D5A6658EA4B77878/..\arduino-core-cache\core_arduino_samd_arduino_zero_native_3aa80b687a8a70088db6769217c8c9c2.a(PluggableUSB.cpp.o)
                0x000052ba                arduino::PluggableUSB_::setup(arduino::USBSetup&)
 .text._ZN7arduino13PluggableUSB_4plugEPNS_18PluggableUSBModuleE
                0x000052da       0x5c C:\Users\mahmo\AppData\Local\Temp\arduino-sketch-9E74EEDD22CEA5E1D5A6658EA4B77878/..\arduino-core-cache\core_arduino_samd_arduino_zero_native_3aa80b687a8a70088db6769217c8c9c2.a(PluggableUSB.cpp.o)
                0x000052da                arduino::PluggableUSB_::plug(arduino::PluggableUSBModule*)
 *fill*         0x00005336        0x2 
 .text._Z12PluggableUSBv
                0x00005338       0x24 C:\Users\mahmo\AppData\Local\Temp\arduino-sketch-9E74EEDD22CEA5E1D5A6658EA4B77878/..\arduino-core-cache\core_arduino_samd_arduino_zero_native_3aa80b687a8a70088db6769217c8c9c2.a(PluggableUSB.cpp.o)
                0x00005338                PluggableUSB()
 .text._Znwj    0x0000535c        0x8 C:\Users\mahmo\AppData\Local\Temp\arduino-sketch-9E74EEDD22CEA5E1D5A6658EA4B77878/..\arduino-core-cache\core_arduino_samd_arduino_zero_native_3aa80b687a8a70088db6769217c8c9c2.a(new.cpp.o)
                0x0000535c                operator new(unsigned int)
 .text._ZdlPv   0x00005364        0x8 C:\Users\mahmo\AppData\Local\Temp\arduino-sketch-9E74EEDD22CEA5E1D5A6658EA4B77878/..\arduino-core-cache\core_arduino_samd_arduino_zero_native_3aa80b687a8a70088db6769217c8c9c2.a(new.cpp.o)
                0x00005364                operator delete(void*)
 .text._ZN7Serial_13getDescriptorERN7arduino8USBSetupE
                0x0000536c        0x4 C:\Users\mahmo\AppData\Local\Temp\arduino-sketch-9E74EEDD22CEA5E1D5A6658EA4B77878/..\arduino-core-cache\core_arduino_samd_arduino_zero_native_3aa80b687a8a70088db6769217c8c9c2.a(CDC.cpp.o)
                0x0000536c                Serial_::getDescriptor(arduino::USBSetup&)
 .text._ZL5utox8mPc
                0x00005370       0x24 C:\Users\mahmo\AppData\Local\Temp\arduino-sketch-9E74EEDD22CEA5E1D5A6658EA4B77878/..\arduino-core-cache\core_arduino_samd_arduino_zero_native_3aa80b687a8a70088db6769217c8c9c2.a(CDC.cpp.o)
 .text._ZN7Serial_12getShortNameEPc
                0x00005394       0x44 C:\Users\mahmo\AppData\Local\Temp\arduino-sketch-9E74EEDD22CEA5E1D5A6658EA4B77878/..\arduino-core-cache\core_arduino_samd_arduino_zero_native_3aa80b687a8a70088db6769217c8c9c2.a(CDC.cpp.o)
                0x00005394                Serial_::getShortName(char*)
 .text._ZThn16_N7Serial_12getShortNameEPc
                0x000053d8       0x10 C:\Users\mahmo\AppData\Local\Temp\arduino-sketch-9E74EEDD22CEA5E1D5A6658EA4B77878/..\arduino-core-cache\core_arduino_samd_arduino_zero_native_3aa80b687a8a70088db6769217c8c9c2.a(CDC.cpp.o)
                0x000053d8                non-virtual thunk to Serial_::getShortName(char*)
 .text._ZN7Serial_5beginEm
                0x000053e8        0x2 C:\Users\mahmo\AppData\Local\Temp\arduino-sketch-9E74EEDD22CEA5E1D5A6658EA4B77878/..\arduino-core-cache\core_arduino_samd_arduino_zero_native_3aa80b687a8a70088db6769217c8c9c2.a(CDC.cpp.o)
                0x000053e8                Serial_::begin(unsigned long)
 .text._ZN7Serial_5beginEmt
                0x000053ea        0x2 C:\Users\mahmo\AppData\Local\Temp\arduino-sketch-9E74EEDD22CEA5E1D5A6658EA4B77878/..\arduino-core-cache\core_arduino_samd_arduino_zero_native_3aa80b687a8a70088db6769217c8c9c2.a(CDC.cpp.o)
                0x000053ea                Serial_::begin(unsigned long, unsigned short)
 .text._ZN7Serial_17availableForWriteEv
                0x000053ec        0x4 C:\Users\mahmo\AppData\Local\Temp\arduino-sketch-9E74EEDD22CEA5E1D5A6658EA4B77878/..\arduino-core-cache\core_arduino_samd_arduino_zero_native_3aa80b687a8a70088db6769217c8c9c2.a(CDC.cpp.o)
                0x000053ec                Serial_::availableForWrite()
 .text._ZN7Serial_5writeEh
                0x000053f0       0x14 C:\Users\mahmo\AppData\Local\Temp\arduino-sketch-9E74EEDD22CEA5E1D5A6658EA4B77878/..\arduino-core-cache\core_arduino_samd_arduino_zero_native_3aa80b687a8a70088db6769217c8c9c2.a(CDC.cpp.o)
                0x000053f0                Serial_::write(unsigned char)
 .text._ZN7Serial_12getInterfaceEPh
                0x00005404      0x11c C:\Users\mahmo\AppData\Local\Temp\arduino-sketch-9E74EEDD22CEA5E1D5A6658EA4B77878/..\arduino-core-cache\core_arduino_samd_arduino_zero_native_3aa80b687a8a70088db6769217c8c9c2.a(CDC.cpp.o)
                0x00005404                Serial_::getInterface(unsigned char*)
 .text._ZThn16_N7Serial_12getInterfaceEPh
                0x00005520       0x10 C:\Users\mahmo\AppData\Local\Temp\arduino-sketch-9E74EEDD22CEA5E1D5A6658EA4B77878/..\arduino-core-cache\core_arduino_samd_arduino_zero_native_3aa80b687a8a70088db6769217c8c9c2.a(CDC.cpp.o)
                0x00005520                non-virtual thunk to Serial_::getInterface(unsigned char*)
 .text._ZN7Serial_5setupERN7arduino8USBSetupE
                0x00005530       0x98 C:\Users\mahmo\AppData\Local\Temp\arduino-sketch-9E74EEDD22CEA5E1D5A6658EA4B77878/..\arduino-core-cache\core_arduino_samd_arduino_zero_native_3aa80b687a8a70088db6769217c8c9c2.a(CDC.cpp.o)
                0x00005530                Serial_::setup(arduino::USBSetup&)
 .text._ZThn16_N7Serial_5setupERN7arduino8USBSetupE
                0x000055c8       0x10 C:\Users\mahmo\AppData\Local\Temp\arduino-sketch-9E74EEDD22CEA5E1D5A6658EA4B77878/..\arduino-core-cache\core_arduino_samd_arduino_zero_native_3aa80b687a8a70088db6769217c8c9c2.a(CDC.cpp.o)
                0x000055c8                non-virtual thunk to Serial_::setup(arduino::USBSetup&)
 .text._ZN7Serial_3endEv
                0x000055d8       0x14 C:\Users\mahmo\AppData\Local\Temp\arduino-sketch-9E74EEDD22CEA5E1D5A6658EA4B77878/..\arduino-core-cache\core_arduino_samd_arduino_zero_native_3aa80b687a8a70088db6769217c8c9c2.a(CDC.cpp.o)
                0x000055d8                Serial_::end()
 .text._ZN7Serial_9availableEv
                0x000055ec       0x20 C:\Users\mahmo\AppData\Local\Temp\arduino-sketch-9E74EEDD22CEA5E1D5A6658EA4B77878/..\arduino-core-cache\core_arduino_samd_arduino_zero_native_3aa80b687a8a70088db6769217c8c9c2.a(CDC.cpp.o)
                0x000055ec                Serial_::available()
 .text._ZN7Serial_5flushEv
                0x0000560c        0xe C:\Users\mahmo\AppData\Local\Temp\arduino-sketch-9E74EEDD22CEA5E1D5A6658EA4B77878/..\arduino-core-cache\core_arduino_samd_arduino_zero_native_3aa80b687a8a70088db6769217c8c9c2.a(CDC.cpp.o)
                0x0000560c                Serial_::flush()
 .text._ZN7Serial_5clearEv
                0x0000561a        0xe C:\Users\mahmo\AppData\Local\Temp\arduino-sketch-9E74EEDD22CEA5E1D5A6658EA4B77878/..\arduino-core-cache\core_arduino_samd_arduino_zero_native_3aa80b687a8a70088db6769217c8c9c2.a(CDC.cpp.o)
                0x0000561a                Serial_::clear()
 .text._ZN7Serial_5writeEPKhj
                0x00005628       0x1e C:\Users\mahmo\AppData\Local\Temp\arduino-sketch-9E74EEDD22CEA5E1D5A6658EA4B77878/..\arduino-core-cache\core_arduino_samd_arduino_zero_native_3aa80b687a8a70088db6769217c8c9c2.a(CDC.cpp.o)
                0x00005628                Serial_::write(unsigned char const*, unsigned int)
 *fill*         0x00005646        0x2 
 .text._ZN7Serial_4peekEv
                0x00005648       0x1c C:\Users\mahmo\AppData\Local\Temp\arduino-sketch-9E74EEDD22CEA5E1D5A6658EA4B77878/..\arduino-core-cache\core_arduino_samd_arduino_zero_native_3aa80b687a8a70088db6769217c8c9c2.a(CDC.cpp.o)
                0x00005648                Serial_::peek()
 .text._ZN7Serial_4readEv
                0x00005664       0x24 C:\Users\mahmo\AppData\Local\Temp\arduino-sketch-9E74EEDD22CEA5E1D5A6658EA4B77878/..\arduino-core-cache\core_arduino_samd_arduino_zero_native_3aa80b687a8a70088db6769217c8c9c2.a(CDC.cpp.o)
                0x00005664                Serial_::read()
 .text._ZN7Serial_cvbEv
                0x00005688       0x28 C:\Users\mahmo\AppData\Local\Temp\arduino-sketch-9E74EEDD22CEA5E1D5A6658EA4B77878/..\arduino-core-cache\core_arduino_samd_arduino_zero_native_3aa80b687a8a70088db6769217c8c9c2.a(CDC.cpp.o)
                0x00005688                Serial_::operator bool()
 .text._ZThn16_N7Serial_13getDescriptorERN7arduino8USBSetupE
                0x000056b0        0x4 C:\Users\mahmo\AppData\Local\Temp\arduino-sketch-9E74EEDD22CEA5E1D5A6658EA4B77878/..\arduino-core-cache\core_arduino_samd_arduino_zero_native_3aa80b687a8a70088db6769217c8c9c2.a(CDC.cpp.o)
                0x000056b0                non-virtual thunk to Serial_::getDescriptor(arduino::USBSetup&)
 .text._ZN7Serial_14handleEndpointEi
                0x000056b4        0x2 C:\Users\mahmo\AppData\Local\Temp\arduino-sketch-9E74EEDD22CEA5E1D5A6658EA4B77878/..\arduino-core-cache\core_arduino_samd_arduino_zero_native_3aa80b687a8a70088db6769217c8c9c2.a(CDC.cpp.o)
                0x000056b4                Serial_::handleEndpoint(int)
 *fill*         0x000056b6        0x2 
 .text._ZN7Serial_C2ER14USBDeviceClass
                0x000056b8       0x50 C:\Users\mahmo\AppData\Local\Temp\arduino-sketch-9E74EEDD22CEA5E1D5A6658EA4B77878/..\arduino-core-cache\core_arduino_samd_arduino_zero_native_3aa80b687a8a70088db6769217c8c9c2.a(CDC.cpp.o)
                0x000056b8                Serial_::Serial_(USBDeviceClass&)
                0x000056b8                Serial_::Serial_(USBDeviceClass&)
 .text._ZN7Serial_15enableInterruptEv
                0x00005708       0x30 C:\Users\mahmo\AppData\Local\Temp\arduino-sketch-9E74EEDD22CEA5E1D5A6658EA4B77878/..\arduino-core-cache\core_arduino_samd_arduino_zero_native_3aa80b687a8a70088db6769217c8c9c2.a(CDC.cpp.o)
                0x00005708                Serial_::enableInterrupt()
 .text.startup._GLOBAL__sub_I__ZN7Serial_12getInterfaceEPh
                0x00005738       0x14 C:\Users\mahmo\AppData\Local\Temp\arduino-sketch-9E74EEDD22CEA5E1D5A6658EA4B77878/..\arduino-core-cache\core_arduino_samd_arduino_zero_native_3aa80b687a8a70088db6769217c8c9c2.a(CDC.cpp.o)
 .text          0x0000574c       0x14 c:/users/mahmo/appdata/local/arduino15/packages/arduino/tools/arm-none-eabi-gcc/7-2017q4/bin/../lib/gcc/arm-none-eabi/7.2.1/thumb/v6-m\libgcc.a(_thumb1_case_uqi.o)
                0x0000574c                __gnu_thumb1_case_uqi
 .text          0x00005760      0x114 c:/users/mahmo/appdata/local/arduino15/packages/arduino/tools/arm-none-eabi-gcc/7-2017q4/bin/../lib/gcc/arm-none-eabi/7.2.1/thumb/v6-m\libgcc.a(_udivsi3.o)
                0x00005760                __aeabi_uidiv
                0x00005760                __udivsi3
                0x0000586c                __aeabi_uidivmod
 .text          0x00005874      0x1d4 c:/users/mahmo/appdata/local/arduino15/packages/arduino/tools/arm-none-eabi-gcc/7-2017q4/bin/../lib/gcc/arm-none-eabi/7.2.1/thumb/v6-m\libgcc.a(_divsi3.o)
                0x00005874                __divsi3
                0x00005874                __aeabi_idiv
                0x00005a40                __aeabi_idivmod
 .text          0x00005a48        0x4 c:/users/mahmo/appdata/local/arduino15/packages/arduino/tools/arm-none-eabi-gcc/7-2017q4/bin/../lib/gcc/arm-none-eabi/7.2.1/thumb/v6-m\libgcc.a(_dvmd_tls.o)
                0x00005a48                __aeabi_idiv0
                0x00005a48                __aeabi_ldiv0
 .text          0x00005a4c       0x7c c:/users/mahmo/appdata/local/arduino15/packages/arduino/tools/arm-none-eabi-gcc/7-2017q4/bin/../lib/gcc/arm-none-eabi/7.2.1/thumb/v6-m\libgcc.a(_arm_cmpdf2.o)
                0x00005a4c                __aeabi_cdrcmple
                0x00005a5c                __aeabi_cdcmple
                0x00005a5c                __aeabi_cdcmpeq
                0x00005a6c                __aeabi_dcmpeq
                0x00005a78                __aeabi_dcmplt
                0x00005a8c                __aeabi_dcmple
                0x00005aa0                __aeabi_dcmpgt
                0x00005ab4                __aeabi_dcmpge
 .text          0x00005ac8       0x40 c:/users/mahmo/appdata/local/arduino15/packages/arduino/tools/arm-none-eabi-gcc/7-2017q4/bin/../lib/gcc/arm-none-eabi/7.2.1/thumb/v6-m\libgcc.a(_aeabi_uldivmod.o)
                0x00005ac8                __aeabi_uldivmod
 .text          0x00005b08       0x3c c:/users/mahmo/appdata/local/arduino15/packages/arduino/tools/arm-none-eabi-gcc/7-2017q4/bin/../lib/gcc/arm-none-eabi/7.2.1/thumb/v6-m\libgcc.a(_fixunsdfsi.o)
                0x00005b08                __aeabi_d2uiz
                0x00005b08                __fixunsdfsi
 .text          0x00005b44      0x184 c:/users/mahmo/appdata/local/arduino15/packages/arduino/tools/arm-none-eabi-gcc/7-2017q4/bin/../lib/gcc/arm-none-eabi/7.2.1/thumb/v6-m\libgcc.a(_udivmoddi4.o)
                0x00005b44                __udivmoddi4
 .text          0x00005cc8       0x78 c:/users/mahmo/appdata/local/arduino15/packages/arduino/tools/arm-none-eabi-gcc/7-2017q4/bin/../lib/gcc/arm-none-eabi/7.2.1/thumb/v6-m\libgcc.a(eqdf2.o)
                0x00005cc8                __nedf2
                0x00005cc8                __eqdf2
 .text          0x00005d40       0xc8 c:/users/mahmo/appdata/local/arduino15/packages/arduino/tools/arm-none-eabi-gcc/7-2017q4/bin/../lib/gcc/arm-none-eabi/7.2.1/thumb/v6-m\libgcc.a(gedf2.o)
                0x00005d40                __gedf2
                0x00005d40                __gtdf2
 .text          0x00005e08       0xd0 c:/users/mahmo/appdata/local/arduino15/packages/arduino/tools/arm-none-eabi-gcc/7-2017q4/bin/../lib/gcc/arm-none-eabi/7.2.1/thumb/v6-m\libgcc.a(ledf2.o)
                0x00005e08                __ledf2
                0x00005e08                __ltdf2
 .text          0x00005ed8      0x4e4 c:/users/mahmo/appdata/local/arduino15/packages/arduino/tools/arm-none-eabi-gcc/7-2017q4/bin/../lib/gcc/arm-none-eabi/7.2.1/thumb/v6-m\libgcc.a(muldf3.o)
                0x00005ed8                __aeabi_dmul
 .text          0x000063bc      0x690 c:/users/mahmo/appdata/local/arduino15/packages/arduino/tools/arm-none-eabi-gcc/7-2017q4/bin/../lib/gcc/arm-none-eabi/7.2.1/thumb/v6-m\libgcc.a(subdf3.o)
                0x000063bc                __aeabi_dsub
 .text          0x00006a4c       0x6c c:/users/mahmo/appdata/local/arduino15/packages/arduino/tools/arm-none-eabi-gcc/7-2017q4/bin/../lib/gcc/arm-none-eabi/7.2.1/thumb/v6-m\libgcc.a(fixdfsi.o)
                0x00006a4c                __aeabi_d2iz
 .text          0x00006ab8       0x74 c:/users/mahmo/appdata/local/arduino15/packages/arduino/tools/arm-none-eabi-gcc/7-2017q4/bin/../lib/gcc/arm-none-eabi/7.2.1/thumb/v6-m\libgcc.a(floatsidf.o)
                0x00006ab8                __aeabi_i2d
 .text          0x00006b2c       0x3c c:/users/mahmo/appdata/local/arduino15/packages/arduino/tools/arm-none-eabi-gcc/7-2017q4/bin/../lib/gcc/arm-none-eabi/7.2.1/thumb/v6-m\libgcc.a(_clzsi2.o)
                0x00006b2c                __clzsi2
 .text          0x00006b68       0x18 c:/users/mahmo/appdata/local/arduino15/packages/arduino/tools/arm-none-eabi-gcc/7-2017q4/bin/../lib/gcc/arm-none-eabi/7.2.1/thumb/v6-m\libgcc.a(_clzdi2.o)
                0x00006b68                __clzdi2
 .text.__libc_init_array
                0x00006b80       0x48 c:/users/mahmo/appdata/local/arduino15/packages/arduino/tools/arm-none-eabi-gcc/7-2017q4/bin/../lib/gcc/arm-none-eabi/7.2.1/../../../../arm-none-eabi/lib/thumb/v6-m\libc_nano.a(lib_a-init.o)
                0x00006b80                __libc_init_array
 .text.malloc   0x00006bc8       0x14 c:/users/mahmo/appdata/local/arduino15/packages/arduino/tools/arm-none-eabi-gcc/7-2017q4/bin/../lib/gcc/arm-none-eabi/7.2.1/../../../../arm-none-eabi/lib/thumb/v6-m\libc_nano.a(lib_a-malloc.o)
                0x00006bc8                malloc
 .text.free     0x00006bdc       0x14 c:/users/mahmo/appdata/local/arduino15/packages/arduino/tools/arm-none-eabi-gcc/7-2017q4/bin/../lib/gcc/arm-none-eabi/7.2.1/../../../../arm-none-eabi/lib/thumb/v6-m\libc_nano.a(lib_a-malloc.o)
                0x00006bdc                free
 .text.memcpy   0x00006bf0       0x12 c:/users/mahmo/appdata/local/arduino15/packages/arduino/tools/arm-none-eabi-gcc/7-2017q4/bin/../lib/gcc/arm-none-eabi/7.2.1/../../../../arm-none-eabi/lib/thumb/v6-m\libc_nano.a(lib_a-memcpy-stub.o)
                0x00006bf0                memcpy
 .text.memset   0x00006c02       0x10 c:/users/mahmo/appdata/local/arduino15/packages/arduino/tools/arm-none-eabi-gcc/7-2017q4/bin/../lib/gcc/arm-none-eabi/7.2.1/../../../../arm-none-eabi/lib/thumb/v6-m\libc_nano.a(lib_a-memset.o)
                0x00006c02                memset
 *fill*         0x00006c12        0x2 
 .text._free_r  0x00006c14       0x94 c:/users/mahmo/appdata/local/arduino15/packages/arduino/tools/arm-none-eabi-gcc/7-2017q4/bin/../lib/gcc/arm-none-eabi/7.2.1/../../../../arm-none-eabi/lib/thumb/v6-m\libc_nano.a(lib_a-nano-freer.o)
                0x00006c14                _free_r
 .text._malloc_r
                0x00006ca8       0xbc c:/users/mahmo/appdata/local/arduino15/packages/arduino/tools/arm-none-eabi-gcc/7-2017q4/bin/../lib/gcc/arm-none-eabi/7.2.1/../../../../arm-none-eabi/lib/thumb/v6-m\libc_nano.a(lib_a-nano-mallocr.o)
                0x00006ca8                _malloc_r
 .text._sbrk_r  0x00006d64       0x24 c:/users/mahmo/appdata/local/arduino15/packages/arduino/tools/arm-none-eabi-gcc/7-2017q4/bin/../lib/gcc/arm-none-eabi/7.2.1/../../../../arm-none-eabi/lib/thumb/v6-m\libc_nano.a(lib_a-sbrkr.o)
                0x00006d64                _sbrk_r
 .text          0x00006d88        0xe c:/users/mahmo/appdata/local/arduino15/packages/arduino/tools/arm-none-eabi-gcc/7-2017q4/bin/../lib/gcc/arm-none-eabi/7.2.1/../../../../arm-none-eabi/lib/thumb/v6-m\libc_nano.a(lib_a-strlen.o)
                0x00006d88                strlen
 .text.__malloc_lock
                0x00006d96        0x2 c:/users/mahmo/appdata/local/arduino15/packages/arduino/tools/arm-none-eabi-gcc/7-2017q4/bin/../lib/gcc/arm-none-eabi/7.2.1/../../../../arm-none-eabi/lib/thumb/v6-m\libc_nano.a(lib_a-mlock.o)
                0x00006d96                __malloc_lock
 .text.__malloc_unlock
                0x00006d98        0x2 c:/users/mahmo/appdata/local/arduino15/packages/arduino/tools/arm-none-eabi-gcc/7-2017q4/bin/../lib/gcc/arm-none-eabi/7.2.1/../../../../arm-none-eabi/lib/thumb/v6-m\libc_nano.a(lib_a-mlock.o)
                0x00006d98                __malloc_unlock
 *fill*         0x00006d9a        0x2 
 .text._sbrk    0x00006d9c       0x1c c:/users/mahmo/appdata/local/arduino15/packages/arduino/tools/arm-none-eabi-gcc/7-2017q4/bin/../lib/gcc/arm-none-eabi/7.2.1/../../../../arm-none-eabi/lib/thumb/v6-m\libnosys.a(sbrk.o)
                0x00006d9c                _sbrk
 *(.init)
 .init          0x00006db8        0x4 c:/users/mahmo/appdata/local/arduino15/packages/arduino/tools/arm-none-eabi-gcc/7-2017q4/bin/../lib/gcc/arm-none-eabi/7.2.1/thumb/v6-m/crti.o
                0x00006db8                _init
 .init          0x00006dbc        0x8 c:/users/mahmo/appdata/local/arduino15/packages/arduino/tools/arm-none-eabi-gcc/7-2017q4/bin/../lib/gcc/arm-none-eabi/7.2.1/thumb/v6-m/crtn.o
 *(.fini)
 .fini          0x00006dc4        0x4 c:/users/mahmo/appdata/local/arduino15/packages/arduino/tools/arm-none-eabi-gcc/7-2017q4/bin/../lib/gcc/arm-none-eabi/7.2.1/thumb/v6-m/crti.o
                0x00006dc4                _fini
 .fini          0x00006dc8        0x8 c:/users/mahmo/appdata/local/arduino15/packages/arduino/tools/arm-none-eabi-gcc/7-2017q4/bin/../lib/gcc/arm-none-eabi/7.2.1/thumb/v6-m/crtn.o
 *crtbegin.o(.ctors)
 *crtbegin?.o(.ctors)
 *(EXCLUDE_FILE(*crtend.o *crtend?.o) .ctors)
 *(SORT_BY_NAME(.ctors.*))
 *(.ctors)
 *crtbegin.o(.dtors)
 *crtbegin?.o(.dtors)
 *(EXCLUDE_FILE(*crtend.o *crtend?.o) .dtors)
 *(SORT_BY_NAME(.dtors.*))
 *(.dtors)
 *(.rodata*)
 .rodata._ZL10_auchCRCHi
                0x00006dd0      0x100 C:\Users\mahmo\AppData\Local\Temp\arduino-sketch-9E74EEDD22CEA5E1D5A6658EA4B77878\sketch\ModbusSlave.cpp.o
 .rodata._ZL10_auchCRCLo
                0x00006ed0      0x100 C:\Users\mahmo\AppData\Local\Temp\arduino-sketch-9E74EEDD22CEA5E1D5A6658EA4B77878\sketch\ModbusSlave.cpp.o
 .rodata.g_APinDescription
                0x00006fd0      0x450 C:\Users\mahmo\AppData\Local\Temp\arduino-sketch-9E74EEDD22CEA5E1D5A6658EA4B77878\core\variant.cpp.o
                0x00006fd0                g_APinDescription
 .rodata._ZTV4Uart
                0x00007420       0x34 C:\Users\mahmo\AppData\Local\Temp\arduino-sketch-9E74EEDD22CEA5E1D5A6658EA4B77878/..\arduino-core-cache\core_arduino_samd_arduino_zero_native_3aa80b687a8a70088db6769217c8c9c2.a(Uart.cpp.o)
                0x00007420                vtable for Uart
 .rodata        0x00007454       0x10 C:\Users\mahmo\AppData\Local\Temp\arduino-sketch-9E74EEDD22CEA5E1D5A6658EA4B77878/..\arduino-core-cache\core_arduino_samd_arduino_zero_native_3aa80b687a8a70088db6769217c8c9c2.a(wiring_analog.c.o)
 .rodata._ZTV26DoubleBufferedEPOutHandler
                0x00007464       0x24 C:\Users\mahmo\AppData\Local\Temp\arduino-sketch-9E74EEDD22CEA5E1D5A6658EA4B77878/..\arduino-core-cache\core_arduino_samd_arduino_zero_native_3aa80b687a8a70088db6769217c8c9c2.a(USBCore.cpp.o)
                0x00007464                vtable for DoubleBufferedEPOutHandler
 .rodata._ZL14STRING_PRODUCT
                0x00007488        0xd C:\Users\mahmo\AppData\Local\Temp\arduino-sketch-9E74EEDD22CEA5E1D5A6658EA4B77878/..\arduino-core-cache\core_arduino_samd_arduino_zero_native_3aa80b687a8a70088db6769217c8c9c2.a(USBCore.cpp.o)
 *fill*         0x00007495        0x1 
 .rodata._ZL15STRING_LANGUAGE
                0x00007496        0x4 C:\Users\mahmo\AppData\Local\Temp\arduino-sketch-9E74EEDD22CEA5E1D5A6658EA4B77878/..\arduino-core-cache\core_arduino_samd_arduino_zero_native_3aa80b687a8a70088db6769217c8c9c2.a(USBCore.cpp.o)
 .rodata._ZL19STRING_MANUFACTURER
                0x0000749a        0xc C:\Users\mahmo\AppData\Local\Temp\arduino-sketch-9E74EEDD22CEA5E1D5A6658EA4B77878/..\arduino-core-cache\core_arduino_samd_arduino_zero_native_3aa80b687a8a70088db6769217c8c9c2.a(USBCore.cpp.o)
 .rodata._ZL21USB_DeviceDescriptorB
                0x000074a6       0x12 C:\Users\mahmo\AppData\Local\Temp\arduino-sketch-9E74EEDD22CEA5E1D5A6658EA4B77878/..\arduino-core-cache\core_arduino_samd_arduino_zero_native_3aa80b687a8a70088db6769217c8c9c2.a(USBCore.cpp.o)
 .rodata._ZTV7Serial_
                0x000074b8       0x60 C:\Users\mahmo\AppData\Local\Temp\arduino-sketch-9E74EEDD22CEA5E1D5A6658EA4B77878/..\arduino-core-cache\core_arduino_samd_arduino_zero_native_3aa80b687a8a70088db6769217c8c9c2.a(CDC.cpp.o)
                0x000074b8                vtable for Serial_
 .rodata        0x00007518       0x40 c:/users/mahmo/appdata/local/arduino15/packages/arduino/tools/arm-none-eabi-gcc/7-2017q4/bin/../lib/gcc/arm-none-eabi/7.2.1/thumb/v6-m\libgcc.a(muldf3.o)
 *(.eh_frame*)
 .eh_frame      0x00007558        0x0 c:/users/mahmo/appdata/local/arduino15/packages/arduino/tools/arm-none-eabi-gcc/7-2017q4/bin/../lib/gcc/arm-none-eabi/7.2.1/thumb/v6-m/crtbegin.o
 .eh_frame      0x00007558        0x4 c:/users/mahmo/appdata/local/arduino15/packages/arduino/tools/arm-none-eabi-gcc/7-2017q4/bin/../lib/gcc/arm-none-eabi/7.2.1/thumb/v6-m/crtend.o

.glue_7         0x0000755c        0x0
 .glue_7        0x0000755c        0x0 linker stubs

.glue_7t        0x0000755c        0x0
 .glue_7t       0x0000755c        0x0 linker stubs

.vfp11_veneer   0x0000755c        0x0
 .vfp11_veneer  0x0000755c        0x0 linker stubs

.v4_bx          0x0000755c        0x0
 .v4_bx         0x0000755c        0x0 linker stubs

.iplt           0x0000755c        0x0
 .iplt          0x0000755c        0x0 c:/users/mahmo/appdata/local/arduino15/packages/arduino/tools/arm-none-eabi-gcc/7-2017q4/bin/../lib/gcc/arm-none-eabi/7.2.1/thumb/v6-m/crtbegin.o

.ARM.extab
 *(.ARM.extab* .gnu.linkonce.armextab.*)
                0x0000755c                __exidx_start = .

.ARM.exidx      0x0000755c        0x8
 *(.ARM.exidx* .gnu.linkonce.armexidx.*)
 .ARM.exidx     0x0000755c        0x8 c:/users/mahmo/appdata/local/arduino15/packages/arduino/tools/arm-none-eabi-gcc/7-2017q4/bin/../lib/gcc/arm-none-eabi/7.2.1/thumb/v6-m\libgcc.a(_udivmoddi4.o)
                0x00007564                __exidx_end = .
                0x00007564                __etext = .

.rel.dyn        0x00007564        0x0
 .rel.iplt      0x00007564        0x0 c:/users/mahmo/appdata/local/arduino15/packages/arduino/tools/arm-none-eabi-gcc/7-2017q4/bin/../lib/gcc/arm-none-eabi/7.2.1/thumb/v6-m/crtbegin.o

.data           0x20000000       0xd0 load address 0x00007564
                0x20000000                __data_start__ = .
 *(vtable)
 *(.data*)
 .data.common_ticktime__
                0x20000000        0x8 C:\Users\mahmo\AppData\Local\Temp\arduino-sketch-9E74EEDD22CEA5E1D5A6658EA4B77878\libraries\src\Config0.c.o
                0x20000000                common_ticktime__
 .data.pinMask_AIN
                0x20000008        0x6 C:\Users\mahmo\AppData\Local\Temp\arduino-sketch-9E74EEDD22CEA5E1D5A6658EA4B77878\libraries\src\arduino.cpp.o
                0x20000008                pinMask_AIN
 .data.pinMask_AOUT
                0x2000000e        0x3 C:\Users\mahmo\AppData\Local\Temp\arduino-sketch-9E74EEDD22CEA5E1D5A6658EA4B77878\libraries\src\arduino.cpp.o
                0x2000000e                pinMask_AOUT
 .data.pinMask_DIN
                0x20000011        0x5 C:\Users\mahmo\AppData\Local\Temp\arduino-sketch-9E74EEDD22CEA5E1D5A6658EA4B77878\libraries\src\arduino.cpp.o
                0x20000011                pinMask_DIN
 .data.pinMask_DOUT
                0x20000016        0x4 C:\Users\mahmo\AppData\Local\Temp\arduino-sketch-9E74EEDD22CEA5E1D5A6658EA4B77878\libraries\src\arduino.cpp.o
                0x20000016                pinMask_DOUT
 *fill*         0x2000001a        0x2 
 .data.g_apTCInstances
                0x2000001c       0x18 C:\Users\mahmo\AppData\Local\Temp\arduino-sketch-9E74EEDD22CEA5E1D5A6658EA4B77878\core\variant.cpp.o
                0x2000001c                g_apTCInstances
 .data.SystemCoreClock
                0x20000034        0x4 C:\Users\mahmo\AppData\Local\Temp\arduino-sketch-9E74EEDD22CEA5E1D5A6658EA4B77878/..\arduino-core-cache\core_arduino_samd_arduino_zero_native_3aa80b687a8a70088db6769217c8c9c2.a(wiring.c.o)
                0x20000034                SystemCoreClock
 .data._ADCResolution
                0x20000038        0x4 C:\Users\mahmo\AppData\Local\Temp\arduino-sketch-9E74EEDD22CEA5E1D5A6658EA4B77878/..\arduino-core-cache\core_arduino_samd_arduino_zero_native_3aa80b687a8a70088db6769217c8c9c2.a(wiring_analog.c.o)
 .data._readResolution
                0x2000003c        0x4 C:\Users\mahmo\AppData\Local\Temp\arduino-sketch-9E74EEDD22CEA5E1D5A6658EA4B77878/..\arduino-core-cache\core_arduino_samd_arduino_zero_native_3aa80b687a8a70088db6769217c8c9c2.a(wiring_analog.c.o)
 .data._writeResolution
                0x20000040        0x4 C:\Users\mahmo\AppData\Local\Temp\arduino-sketch-9E74EEDD22CEA5E1D5A6658EA4B77878/..\arduino-core-cache\core_arduino_samd_arduino_zero_native_3aa80b687a8a70088db6769217c8c9c2.a(wiring_analog.c.o)
 .data._ZL5ticks
                0x20000044        0x4 C:\Users\mahmo\AppData\Local\Temp\arduino-sketch-9E74EEDD22CEA5E1D5A6658EA4B77878/..\arduino-core-cache\core_arduino_samd_arduino_zero_native_3aa80b687a8a70088db6769217c8c9c2.a(Reset.cpp.o)
 .data._ZL10breakValue
                0x20000048        0x4 C:\Users\mahmo\AppData\Local\Temp\arduino-sketch-9E74EEDD22CEA5E1D5A6658EA4B77878/..\arduino-core-cache\core_arduino_samd_arduino_zero_native_3aa80b687a8a70088db6769217c8c9c2.a(CDC.cpp.o)
 .data._ZL12_usbLineInfo
                0x2000004c        0x8 C:\Users\mahmo\AppData\Local\Temp\arduino-sketch-9E74EEDD22CEA5E1D5A6658EA4B77878/..\arduino-core-cache\core_arduino_samd_arduino_zero_native_3aa80b687a8a70088db6769217c8c9c2.a(CDC.cpp.o)
 .data._serialPeek
                0x20000054        0x4 C:\Users\mahmo\AppData\Local\Temp\arduino-sketch-9E74EEDD22CEA5E1D5A6658EA4B77878/..\arduino-core-cache\core_arduino_samd_arduino_zero_native_3aa80b687a8a70088db6769217c8c9c2.a(CDC.cpp.o)
                0x20000054                _serialPeek
 .data._impure_ptr
                0x20000058        0x4 c:/users/mahmo/appdata/local/arduino15/packages/arduino/tools/arm-none-eabi-gcc/7-2017q4/bin/../lib/gcc/arm-none-eabi/7.2.1/../../../../arm-none-eabi/lib/thumb/v6-m\libc_nano.a(lib_a-impure.o)
                0x20000058                _impure_ptr
 .data.impure_data
                0x2000005c       0x60 c:/users/mahmo/appdata/local/arduino15/packages/arduino/tools/arm-none-eabi-gcc/7-2017q4/bin/../lib/gcc/arm-none-eabi/7.2.1/../../../../arm-none-eabi/lib/thumb/v6-m\libc_nano.a(lib_a-impure.o)
                0x200000bc                . = ALIGN (0x4)
                0x200000bc                PROVIDE (__preinit_array_start, .)
 *(.preinit_array)
                0x200000bc                PROVIDE (__preinit_array_end, .)
                0x200000bc                . = ALIGN (0x4)
                0x200000bc                PROVIDE (__init_array_start, .)
 *(SORT_BY_NAME(.init_array.*))
 *(.init_array)
 .init_array    0x200000bc        0x4 c:/users/mahmo/appdata/local/arduino15/packages/arduino/tools/arm-none-eabi-gcc/7-2017q4/bin/../lib/gcc/arm-none-eabi/7.2.1/thumb/v6-m/crtbegin.o
 .init_array    0x200000c0        0x4 C:\Users\mahmo\AppData\Local\Temp\arduino-sketch-9E74EEDD22CEA5E1D5A6658EA4B77878\core\variant.cpp.o
 .init_array    0x200000c4        0x4 C:\Users\mahmo\AppData\Local\Temp\arduino-sketch-9E74EEDD22CEA5E1D5A6658EA4B77878/..\arduino-core-cache\core_arduino_samd_arduino_zero_native_3aa80b687a8a70088db6769217c8c9c2.a(USBCore.cpp.o)
 .init_array    0x200000c8        0x4 C:\Users\mahmo\AppData\Local\Temp\arduino-sketch-9E74EEDD22CEA5E1D5A6658EA4B77878/..\arduino-core-cache\core_arduino_samd_arduino_zero_native_3aa80b687a8a70088db6769217c8c9c2.a(CDC.cpp.o)
                0x200000cc                PROVIDE (__init_array_end, .)
                0x200000cc                . = ALIGN (0x4)
                [!provide]                PROVIDE (__fini_array_start, .)
 *(SORT_BY_NAME(.fini_array.*))
 *(.fini_array)
 .fini_array    0x200000cc        0x4 c:/users/mahmo/appdata/local/arduino15/packages/arduino/tools/arm-none-eabi-gcc/7-2017q4/bin/../lib/gcc/arm-none-eabi/7.2.1/thumb/v6-m/crtbegin.o
                [!provide]                PROVIDE (__fini_array_end, .)
 *(.jcr*)
                0x200000d0                . = ALIGN (0x10)
                0x200000d0                __data_end__ = .

.igot.plt       0x200000d0        0x0 load address 0x00007634
 .igot.plt      0x200000d0        0x0 c:/users/mahmo/appdata/local/arduino15/packages/arduino/tools/arm-none-eabi-gcc/7-2017q4/bin/../lib/gcc/arm-none-eabi/7.2.1/thumb/v6-m/crtbegin.o

.bss            0x200000d0      0xf00 load address 0x00007634
                0x200000d0                . = ALIGN (0x4)
                0x200000d0                __bss_start__ = .
 *(.bss*)
 .bss           0x200000d0       0x1c c:/users/mahmo/appdata/local/arduino15/packages/arduino/tools/arm-none-eabi-gcc/7-2017q4/bin/../lib/gcc/arm-none-eabi/7.2.1/thumb/v6-m/crtbegin.o
 .bss.__tick    0x200000ec        0x4 C:\Users\mahmo\AppData\Local\Temp\arduino-sketch-9E74EEDD22CEA5E1D5A6658EA4B77878\sketch\Baremetal.ino.cpp.o
                0x200000ec                __tick
 .bss.scan_cycle
                0x200000f0        0x4 C:\Users\mahmo\AppData\Local\Temp\arduino-sketch-9E74EEDD22CEA5E1D5A6658EA4B77878\sketch\Baremetal.ino.cpp.o
                0x200000f0                scan_cycle
 .bss.timer_ms  0x200000f4        0x4 C:\Users\mahmo\AppData\Local\Temp\arduino-sketch-9E74EEDD22CEA5E1D5A6658EA4B77878\sketch\Baremetal.ino.cpp.o
                0x200000f4                timer_ms
 .bss.mb_frame  0x200000f8       0x40 C:\Users\mahmo\AppData\Local\Temp\arduino-sketch-9E74EEDD22CEA5E1D5A6658EA4B77878\sketch\ModbusSlave.cpp.o
                0x200000f8                mb_frame
 .bss.mb_frame_len
                0x20000138        0x2 C:\Users\mahmo\AppData\Local\Temp\arduino-sketch-9E74EEDD22CEA5E1D5A6658EA4B77878\sketch\ModbusSlave.cpp.o
                0x20000138                mb_frame_len
 *fill*         0x2000013a        0x2 
 .bss.mb_serialport
                0x2000013c        0x4 C:\Users\mahmo\AppData\Local\Temp\arduino-sketch-9E74EEDD22CEA5E1D5A6658EA4B77878\sketch\ModbusSlave.cpp.o
                0x2000013c                mb_serialport
 .bss.mb_t15    0x20000140        0x2 C:\Users\mahmo\AppData\Local\Temp\arduino-sketch-9E74EEDD22CEA5E1D5A6658EA4B77878\sketch\ModbusSlave.cpp.o
                0x20000140                mb_t15
 .bss.mb_t35    0x20000142        0x2 C:\Users\mahmo\AppData\Local\Temp\arduino-sketch-9E74EEDD22CEA5E1D5A6658EA4B77878\sketch\ModbusSlave.cpp.o
                0x20000142                mb_t35
 .bss.mb_txpin  0x20000144        0x1 C:\Users\mahmo\AppData\Local\Temp\arduino-sketch-9E74EEDD22CEA5E1D5A6658EA4B77878\sketch\ModbusSlave.cpp.o
                0x20000144                mb_txpin
 *fill*         0x20000145        0x3 
 .bss.modbus    0x20000148       0x24 C:\Users\mahmo\AppData\Local\Temp\arduino-sketch-9E74EEDD22CEA5E1D5A6658EA4B77878\sketch\ModbusSlave.cpp.o
                0x20000148                modbus
 .bss.Serial    0x2000016c      0x244 C:\Users\mahmo\AppData\Local\Temp\arduino-sketch-9E74EEDD22CEA5E1D5A6658EA4B77878\core\variant.cpp.o
                0x2000016c                Serial
 .bss.Serial1   0x200003b0      0x244 C:\Users\mahmo\AppData\Local\Temp\arduino-sketch-9E74EEDD22CEA5E1D5A6658EA4B77878\core\variant.cpp.o
                0x200003b0                Serial1
 .bss.sercom0   0x200005f4        0x8 C:\Users\mahmo\AppData\Local\Temp\arduino-sketch-9E74EEDD22CEA5E1D5A6658EA4B77878\core\variant.cpp.o
                0x200005f4                sercom0
 .bss.sercom1   0x200005fc        0x8 C:\Users\mahmo\AppData\Local\Temp\arduino-sketch-9E74EEDD22CEA5E1D5A6658EA4B77878\core\variant.cpp.o
                0x200005fc                sercom1
 .bss.sercom2   0x20000604        0x8 C:\Users\mahmo\AppData\Local\Temp\arduino-sketch-9E74EEDD22CEA5E1D5A6658EA4B77878\core\variant.cpp.o
                0x20000604                sercom2
 .bss.sercom3   0x2000060c        0x8 C:\Users\mahmo\AppData\Local\Temp\arduino-sketch-9E74EEDD22CEA5E1D5A6658EA4B77878\core\variant.cpp.o
                0x2000060c                sercom3
 .bss.sercom4   0x20000614        0x8 C:\Users\mahmo\AppData\Local\Temp\arduino-sketch-9E74EEDD22CEA5E1D5A6658EA4B77878\core\variant.cpp.o
                0x20000614                sercom4
 .bss.sercom5   0x2000061c        0x8 C:\Users\mahmo\AppData\Local\Temp\arduino-sketch-9E74EEDD22CEA5E1D5A6658EA4B77878\core\variant.cpp.o
                0x2000061c                sercom5
 .bss.usb_isr   0x20000624        0x4 C:\Users\mahmo\AppData\Local\Temp\arduino-sketch-9E74EEDD22CEA5E1D5A6658EA4B77878/..\arduino-core-cache\core_arduino_samd_arduino_zero_native_3aa80b687a8a70088db6769217c8c9c2.a(cortex_handlers.c.o)
 .bss._ulTickCount
                0x20000628        0x4 C:\Users\mahmo\AppData\Local\Temp\arduino-sketch-9E74EEDD22CEA5E1D5A6658EA4B77878/..\arduino-core-cache\core_arduino_samd_arduino_zero_native_3aa80b687a8a70088db6769217c8c9c2.a(delay.c.o)
 .bss.tcEnabled.13060
                0x2000062c        0x6 C:\Users\mahmo\AppData\Local\Temp\arduino-sketch-9E74EEDD22CEA5E1D5A6658EA4B77878/..\arduino-core-cache\core_arduino_samd_arduino_zero_native_3aa80b687a8a70088db6769217c8c9c2.a(wiring_analog.c.o)
 *fill*         0x20000632        0x2 
 .bss.EndPoints
                0x20000634       0x28 C:\Users\mahmo\AppData\Local\Temp\arduino-sketch-9E74EEDD22CEA5E1D5A6658EA4B77878/..\arduino-core-cache\core_arduino_samd_arduino_zero_native_3aa80b687a8a70088db6769217c8c9c2.a(USBCore.cpp.o)
                0x20000634                EndPoints
 .bss.USBDevice
                0x2000065c        0x1 C:\Users\mahmo\AppData\Local\Temp\arduino-sketch-9E74EEDD22CEA5E1D5A6658EA4B77878/..\arduino-core-cache\core_arduino_samd_arduino_zero_native_3aa80b687a8a70088db6769217c8c9c2.a(USBCore.cpp.o)
                0x2000065c                USBDevice
 *fill*         0x2000065d        0x3 
 .bss._ZL10epHandlers
                0x20000660       0x1c C:\Users\mahmo\AppData\Local\Temp\arduino-sketch-9E74EEDD22CEA5E1D5A6658EA4B77878/..\arduino-core-cache\core_arduino_samd_arduino_zero_native_3aa80b687a8a70088db6769217c8c9c2.a(USBCore.cpp.o)
 .bss._ZL10rxLEDPulse
                0x2000067c        0x1 C:\Users\mahmo\AppData\Local\Temp\arduino-sketch-9E74EEDD22CEA5E1D5A6658EA4B77878/..\arduino-core-cache\core_arduino_samd_arduino_zero_native_3aa80b687a8a70088db6769217c8c9c2.a(USBCore.cpp.o)
 .bss._ZL10txLEDPulse
                0x2000067d        0x1 C:\Users\mahmo\AppData\Local\Temp\arduino-sketch-9E74EEDD22CEA5E1D5A6658EA4B77878/..\arduino-core-cache\core_arduino_samd_arduino_zero_native_3aa80b687a8a70088db6769217c8c9c2.a(USBCore.cpp.o)
 .bss._ZL14isEndpointHalt
                0x2000067e        0x1 C:\Users\mahmo\AppData\Local\Temp\arduino-sketch-9E74EEDD22CEA5E1D5A6658EA4B77878/..\arduino-core-cache\core_arduino_samd_arduino_zero_native_3aa80b687a8a70088db6769217c8c9c2.a(USBCore.cpp.o)
 .bss._ZL20LastTransmitTimedOut
                0x2000067f        0x7 C:\Users\mahmo\AppData\Local\Temp\arduino-sketch-9E74EEDD22CEA5E1D5A6658EA4B77878/..\arduino-core-cache\core_arduino_samd_arduino_zero_native_3aa80b687a8a70088db6769217c8c9c2.a(USBCore.cpp.o)
 .bss._ZL21isRemoteWakeUpEnabled
                0x20000686        0x1 C:\Users\mahmo\AppData\Local\Temp\arduino-sketch-9E74EEDD22CEA5E1D5A6658EA4B77878/..\arduino-core-cache\core_arduino_samd_arduino_zero_native_3aa80b687a8a70088db6769217c8c9c2.a(USBCore.cpp.o)
 *fill*         0x20000687        0x1 
 .bss._ZL22udd_ep_in_cache_buffer
                0x20000688      0x1c0 C:\Users\mahmo\AppData\Local\Temp\arduino-sketch-9E74EEDD22CEA5E1D5A6658EA4B77878/..\arduino-core-cache\core_arduino_samd_arduino_zero_native_3aa80b687a8a70088db6769217c8c9c2.a(USBCore.cpp.o)
 .bss._ZL23udd_ep_out_cache_buffer
                0x20000848      0x1c0 C:\Users\mahmo\AppData\Local\Temp\arduino-sketch-9E74EEDD22CEA5E1D5A6658EA4B77878/..\arduino-core-cache\core_arduino_samd_arduino_zero_native_3aa80b687a8a70088db6769217c8c9c2.a(USBCore.cpp.o)
 .bss._dry_run  0x20000a08        0x1 C:\Users\mahmo\AppData\Local\Temp\arduino-sketch-9E74EEDD22CEA5E1D5A6658EA4B77878/..\arduino-core-cache\core_arduino_samd_arduino_zero_native_3aa80b687a8a70088db6769217c8c9c2.a(USBCore.cpp.o)
                0x20000a08                _dry_run
 .bss._pack_buffer
                0x20000a09      0x100 C:\Users\mahmo\AppData\Local\Temp\arduino-sketch-9E74EEDD22CEA5E1D5A6658EA4B77878/..\arduino-core-cache\core_arduino_samd_arduino_zero_native_3aa80b687a8a70088db6769217c8c9c2.a(USBCore.cpp.o)
                0x20000a09                _pack_buffer
 .bss._pack_message
                0x20000b09        0x1 C:\Users\mahmo\AppData\Local\Temp\arduino-sketch-9E74EEDD22CEA5E1D5A6658EA4B77878/..\arduino-core-cache\core_arduino_samd_arduino_zero_native_3aa80b687a8a70088db6769217c8c9c2.a(USBCore.cpp.o)
                0x20000b09                _pack_message
 .bss._pack_size
                0x20000b0a        0x2 C:\Users\mahmo\AppData\Local\Temp\arduino-sketch-9E74EEDD22CEA5E1D5A6658EA4B77878/..\arduino-core-cache\core_arduino_samd_arduino_zero_native_3aa80b687a8a70088db6769217c8c9c2.a(USBCore.cpp.o)
                0x20000b0a                _pack_size
 .bss._usbConfiguration
                0x20000b0c        0x4 C:\Users\mahmo\AppData\Local\Temp\arduino-sketch-9E74EEDD22CEA5E1D5A6658EA4B77878/..\arduino-core-cache\core_arduino_samd_arduino_zero_native_3aa80b687a8a70088db6769217c8c9c2.a(USBCore.cpp.o)
                0x20000b0c                _usbConfiguration
 .bss._usbSetInterface
                0x20000b10        0x4 C:\Users\mahmo\AppData\Local\Temp\arduino-sketch-9E74EEDD22CEA5E1D5A6658EA4B77878/..\arduino-core-cache\core_arduino_samd_arduino_zero_native_3aa80b687a8a70088db6769217c8c9c2.a(USBCore.cpp.o)
                0x20000b10                _usbSetInterface
 .bss.usbd      0x20000b14      0x104 C:\Users\mahmo\AppData\Local\Temp\arduino-sketch-9E74EEDD22CEA5E1D5A6658EA4B77878/..\arduino-core-cache\core_arduino_samd_arduino_zero_native_3aa80b687a8a70088db6769217c8c9c2.a(USBCore.cpp.o)
                0x20000b14                usbd
 .bss._ZGVZ12PluggableUSBvE3obj
                0x20000c18        0x4 C:\Users\mahmo\AppData\Local\Temp\arduino-sketch-9E74EEDD22CEA5E1D5A6658EA4B77878/..\arduino-core-cache\core_arduino_samd_arduino_zero_native_3aa80b687a8a70088db6769217c8c9c2.a(PluggableUSB.cpp.o)
 .bss._ZZ12PluggableUSBvE3obj
                0x20000c1c        0xc C:\Users\mahmo\AppData\Local\Temp\arduino-sketch-9E74EEDD22CEA5E1D5A6658EA4B77878/..\arduino-core-cache\core_arduino_samd_arduino_zero_native_3aa80b687a8a70088db6769217c8c9c2.a(PluggableUSB.cpp.o)
 .bss.SerialUSB
                0x20000c28       0x34 C:\Users\mahmo\AppData\Local\Temp\arduino-sketch-9E74EEDD22CEA5E1D5A6658EA4B77878/..\arduino-core-cache\core_arduino_samd_arduino_zero_native_3aa80b687a8a70088db6769217c8c9c2.a(CDC.cpp.o)
                0x20000c28                SerialUSB
 .bss.__malloc_free_list
                0x20000c5c        0x4 c:/users/mahmo/appdata/local/arduino15/packages/arduino/tools/arm-none-eabi-gcc/7-2017q4/bin/../lib/gcc/arm-none-eabi/7.2.1/../../../../arm-none-eabi/lib/thumb/v6-m\libc_nano.a(lib_a-nano-mallocr.o)
                0x20000c5c                __malloc_free_list
 .bss.__malloc_sbrk_start