Archive member included to satisfy reference by file (symbol)

C:\Users\mahmo\AppData\Local\Temp\arduino-sketch-9E74EEDD22CEA5E1D5A6658EA4B77878/core\core.a(SERCOM.cpp.o)
                              C:\Users\mahmo\AppData\Local\Temp\arduino-sketch-9E74EEDD22CEA5E1D5A6658EA4B77878\core\variant.cpp.o (SERCOM::SERCOM(Sercom*))
C:\Users\mahmo\AppData\Local\Temp\arduino-sketch-9E74EEDD22CEA5E1D5A6658EA4B77878/core\core.a(Uart.cpp.o)
                              C:\Users\mahmo\AppData\Local\Temp\arduino-sketch-9E74EEDD22CEA5E1D5A6658EA4B77878\core\variant.cpp.o (Uart::Uart(SERCOM*, unsigned char, unsigned char, SercomRXPad, SercomUartTXPad))
C:\Users\mahmo\AppData\Local\Temp\arduino-sketch-9E74EEDD22CEA5E1D5A6658EA4B77878/core\core.a(Print.cpp.o)
                              C:\Users\mahmo\AppData\Local\Temp\arduino-sketch-9E74EEDD22CEA5E1D5A6658EA4B77878/core\core.a(Uart.cpp.o) (arduino::Print::write(unsigned char const*, unsigned int))
C:\Users\mahmo\AppData\Local\Temp\arduino-sketch-9E74EEDD22CEA5E1D5A6658EA4B77878/core\core.a(cortex_handlers.c.o)
                              (Reset_Handler)
C:\Users\mahmo\AppData\Local\Temp\arduino-sketch-9E74EEDD22CEA5E1D5A6658EA4B77878/core\core.a(delay.c.o)
                              C:\Users\mahmo\AppData\Local\Temp\arduino-sketch-9E74EEDD22CEA5E1D5A6658EA4B77878\sketch\Baremetal.ino.cpp.o (millis)
C:\Users\mahmo\AppData\Local\Temp\arduino-sketch-9E74EEDD22CEA5E1D5A6658EA4B77878/core\core.a(hooks.c.o)
                              C:\Users\mahmo\AppData\Local\Temp\arduino-sketch-9E74EEDD22CEA5E1D5A6658EA4B77878/core\core.a(delay.c.o) (yield)
C:\Users\mahmo\AppData\Local\Temp\arduino-sketch-9E74EEDD22CEA5E1D5A6658EA4B77878/core\core.a(main.cpp.o)
                              c:/users/mahmo/appdata/local/arduino15/packages/arduino/tools/arm-none-eabi-gcc/7-2017q4/bin/../lib/gcc/arm-none-eabi/7.2.1/../../../../arm-none-eabi/lib/thumb/v6-m/crt0.o (main)
C:\Users\mahmo\AppData\Local\Temp\arduino-sketch-9E74EEDD22CEA5E1D5A6658EA4B77878/core\core.a(startup.c.o)
                              C:\Users\mahmo\AppData\Local\Temp\arduino-sketch-9E74EEDD22CEA5E1D5A6658EA4B77878/core\core.a(cortex_handlers.c.o) (SystemInit)
C:\Users\mahmo\AppData\Local\Temp\arduino-sketch-9E74EEDD22CEA5E1D5A6658EA4B77878/core\core.a(wiring.c.o)
                              C:\Users\mahmo\AppData\Local\Temp\arduino-sketch-9E74EEDD22CEA5E1D5A6658EA4B77878/core\core.a(main.cpp.o) (init)
C:\Users\mahmo\AppData\Local\Temp\arduino-sketch-9E74EEDD22CEA5E1D5A6658EA4B77878/core\core.a(wiring_analog.c.o)
                              C:\Users\mahmo\AppData\Local\Temp\arduino-sketch-9E74EEDD22CEA5E1D5A6658EA4B77878/core\core.a(wiring.c.o) (analogReference)
C:\Users\mahmo\AppData\Local\Temp\arduino-sketch-9E74EEDD22CEA5E1D5A6658EA4B77878/core\core.a(wiring_digital.c.o)
                              C:\Users\mahmo\AppData\Local\Temp\arduino-sketch-9E74EEDD22CEA5E1D5A6658EA4B77878\sketch\ModbusSlave.cpp.o (pinMode)
C:\Users\mahmo\AppData\Local\Temp\arduino-sketch-9E74EEDD22CEA5E1D5A6658EA4B77878/core\core.a(wiring_private.c.o)
                              C:\Users\mahmo\AppData\Local\Temp\arduino-sketch-9E74EEDD22CEA5E1D5A6658EA4B77878/core\core.a(Uart.cpp.o) (pinPeripheral)
C:\Users\mahmo\AppData\Local\Temp\arduino-sketch-9E74EEDD22CEA5E1D5A6658EA4B77878/core\core.a(Reset.cpp.o)
                              C:\Users\mahmo\AppData\Local\Temp\arduino-sketch-9E74EEDD22CEA5E1D5A6658EA4B77878/core\core.a(delay.c.o) (tickReset)
C:\Users\mahmo\AppData\Local\Temp\arduino-sketch-9E74EEDD22CEA5E1D5A6658EA4B77878/core\core.a(USBCore.cpp.o)
                              C:\Users\mahmo\AppData\Local\Temp\arduino-sketch-9E74EEDD22CEA5E1D5A6658EA4B77878/core\core.a(main.cpp.o) (USBDeviceClass::attach())
C:\Users\mahmo\AppData\Local\Temp\arduino-sketch-9E74EEDD22CEA5E1D5A6658EA4B77878/core\core.a(abi.cpp.o)
                              C:\Users\mahmo\AppData\Local\Temp\arduino-sketch-9E74EEDD22CEA5E1D5A6658EA4B77878/core\core.a(Print.cpp.o) (__cxa_pure_virtual)
C:\Users\mahmo\AppData\Local\Temp\arduino-sketch-9E74EEDD22CEA5E1D5A6658EA4B77878/core\core.a(PluggableUSB.cpp.o)
                              C:\Users\mahmo\AppData\Local\Temp\arduino-sketch-9E74EEDD22CEA5E1D5A6658EA4B77878/core\core.a(USBCore.cpp.o) (arduino::PluggableUSB_::getInterface(unsigned char*))
C:\Users\mahmo\AppData\Local\Temp\arduino-sketch-9E74EEDD22CEA5E1D5A6658EA4B77878/core\core.a(new.cpp.o)
                              C:\Users\mahmo\AppData\Local\Temp\arduino-sketch-9E74EEDD22CEA5E1D5A6658EA4B77878/core\core.a(USBCore.cpp.o) (operator new(unsigned int))
C:\Users\mahmo\AppData\Local\Temp\arduino-sketch-9E74EEDD22CEA5E1D5A6658EA4B77878/core\core.a(CDC.cpp.o)
                              C:\Users\mahmo\AppData\Local\Temp\arduino-sketch-9E74EEDD22CEA5E1D5A6658EA4B77878/core\core.a(USBCore.cpp.o) (Serial_::begin(unsigned long))
[...]
Memory Configuration

Name             Origin             Length             Attributes
FLASH            0x00002000         0x0003e000         xr
RAM              0x20000000         0x00008000         xrw
*default*        0x00000000         0xffffffff

Linker script and memory map

LOAD c:/users/mahmo/appdata/local/arduino15/packages/arduino/tools/arm-none-eabi-gcc/7-2017q4/bin/../lib/gcc/arm-none-eabi/7.2.1/thumb/v6-m/crti.o
LOAD c:/users/mahmo/appdata/local/arduino15/packages/arduino/tools/arm-none-eabi-gcc/7-2017q4/bin/../lib/gcc/arm-none-eabi/7.2.1/thumb/v6-m/crtbegin.o
LOAD c:/users/mahmo/appdata/local/arduino15/packages/arduino/tools/arm-none-eabi-gcc/7-2017q4/bin/../lib/gcc/arm-none-eabi/7.2.1/../../../../arm-none-eabi/lib/thumb/v6-m/crt0.o
LOAD C:\Users\mahmo\AppData\Local\Temp\arduino-sketch-9E74EEDD22CEA5E1D5A6658EA4B77878\sketch\Baremetal.ino.cpp.o
LOAD C:\Users\mahmo\AppData\Local\Temp\arduino-sketch-9E74EEDD22CEA5E1D5A6658EA4B77878\sketch\ModbusSlave.cpp.o
LOAD C:\Users\mahmo\AppData\Local\Temp\arduino-sketch-9E74EEDD22CEA5E1D5A6658EA4B77878\libraries\src\Config0.c.o
LOAD C:\Users\mahmo\AppData\Local\Temp\arduino-sketch-9E74EEDD22CEA5E1D5A6658EA4B77878\libraries\src\POUS.c.o
LOAD C:\Users\mahmo\AppData\Local\Temp\arduino-sketch-9E74EEDD22CEA5E1D5A6658EA4B77878\libraries\src\Res0.c.o
LOAD C:\Users\mahmo\AppData\Local\Temp\arduino-sketch-9E74EEDD22CEA5E1D5A6658EA4B77878\libraries\src\arduino.cpp.o
LOAD C:\Users\mahmo\AppData\Local\Temp\arduino-sketch-9E74EEDD22CEA5E1D5A6658EA4B77878\libraries\src\glueVars.c.o
LOAD C:\Users\mahmo\AppData\Local\Temp\arduino-sketch-9E74EEDD22CEA5E1D5A6658EA4B77878\core\variant.cpp.o
START GROUP
LOAD C:\Users\mahmo\AppData\Local\Arduino15\packages\arduino\tools\CMSIS\4.5.0/CMSIS/Lib/GCC/\libarm_cortexM0l_math.a
LOAD C:\Users\mahmo\AppData\Local\Temp\arduino-sketch-9E74EEDD22CEA5E1D5A6658EA4B77878/core\core.a
END GROUP
LOAD c:/users/mahmo/appdata/local/arduino15/packages/arduino/tools/arm-none-eabi-gcc/7-2017q4/bin/../lib/gcc/arm-none-eabi/7.2.1/../../../../arm-none-eabi/lib/thumb/v6-m\libstdc++_nano.a
LOAD c:/users/mahmo/appdata/local/arduino15/packages/arduino/tools/arm-none-eabi-gcc/7-2017q4/bin/../lib/gcc/arm-none-eabi/7.2.1/../../../../arm-none-eabi/lib/thumb/v6-m\libm.a
START GROUP
LOAD c:/users/mahmo/appdata/local/arduino15/packages/arduino/tools/arm-none-eabi-gcc/7-2017q4/bin/../lib/gcc/arm-none-eabi/7.2.1/thumb/v6-m\libgcc.a
LOAD c:/users/mahmo/appdata/local/arduino15/packages/arduino/tools/arm-none-eabi-gcc/7-2017q4/bin/../lib/gcc/arm-none-eabi/7.2.1/../../../../arm-none-eabi/lib/thumb/v6-m\libc_nano.a
END GROUP
START GROUP
LOAD c:/users/mahmo/appdata/local/arduino15/packages/arduino/tools/arm-none-eabi-gcc/7-2017q4/bin/../lib/gcc/arm-none-eabi/7.2.1/thumb/v6-m\libgcc.a
LOAD c:/users/mahmo/appdata/local/arduino15/packages/arduino/tools/arm-none-eabi-gcc/7-2017q4/bin/../lib/gcc/arm-none-eabi/7.2.1/../../../../arm-none-eabi/lib/thumb/v6-m\libc_nano.a
LOAD c:/users/mahmo/appdata/local/arduino15/packages/arduino/tools/arm-none-eabi-gcc/7-2017q4/bin/../lib/gcc/arm-none-eabi/7.2.1/../../../../arm-none-eabi/lib/thumb/v6-m\libnosys.a
END GROUP
START GROUP
LOAD c:/users/mahmo/appdata/local/arduino15/packages/arduino/tools/arm-none-eabi-gcc/7-2017q4/bin/../lib/gcc/arm-none-eabi/7.2.1/thumb/v6-m\libgcc.a
LOAD c:/users/mahmo/appdata/local/arduino15/packages/arduino/tools/arm-none-eabi-gcc/7-2017q4/bin/../lib/gcc/arm-none-eabi/7.2.1/../../../../arm-none-eabi/lib/thumb/v6-m\libc_nano.a
LOAD c:/users/mahmo/appdata/local/arduino15/packages/arduino/tools/arm-none-eabi-gcc/7-2017q4/bin/../lib/gcc/arm-none-eabi/7.2.1/../../../../arm-none-eabi/lib/thumb/v6-m\libnosys.a
END GROUP
LOAD c:/users/mahmo/appdata/local/arduino15/packages/arduino/tools/arm-none-eabi-gcc/7-2017q4/bin/../lib/gcc/arm-none-eabi/7.2.1/thumb/v6-m/crtend.o
LOAD c:/users/mahmo/appdata/local/arduino15/packages/arduino/tools/arm-none-eabi-gcc/7-2017q4/bin/../lib/gcc/arm-none-eabi/7.2.1/thumb/v6-m/crtn.o

.text           0x00002000     0x5220
                0x00002000                __text_start__ = .
 *(.sketch_boot)
                0x00002000                . = ALIGN (0x2000)
 *(.isr_vector)
 .isr_vector    0x00002000       0xb4 C:\Users\mahmo\AppData\Local\Temp\arduino-sketch-9E74EEDD22CEA5E1D5A6658EA4B77878/core\core.a(cortex_handlers.c.o)
                0x00002000                exception_table
 *(.text*)
 .text          0x000020b4       0x48 c:/users/mahmo/appdata/local/arduino15/packages/arduino/tools/arm-none-eabi-gcc/7-2017q4/bin/../lib/gcc/arm-none-eabi/7.2.1/thumb/v6-m/crtbegin.o
 .text.setupCycleDelay
                0x000020fc       0x28 C:\Users\mahmo\AppData\Local\Temp\arduino-sketch-9E74EEDD22CEA5E1D5A6658EA4B77878\sketch\Baremetal.ino.cpp.o
                0x000020fc                setupCycleDelay
 .text._Z15mapEmptyBuffersv
                0x00002124       0xa0 C:\Users\mahmo\AppData\Local\Temp\arduino-sketch-9E74EEDD22CEA5E1D5A6658EA4B77878\sketch\Baremetal.ino.cpp.o
                0x00002124                mapEmptyBuffers()
 .text.setup    0x000021c4       0x64 C:\Users\mahmo\AppData\Local\Temp\arduino-sketch-9E74EEDD22CEA5E1D5A6658EA4B77878\sketch\Baremetal.ino.cpp.o
                0x000021c4                setup
 .text._Z17syncModbusBuffersv
                0x00002228       0xf0 C:\Users\mahmo\AppData\Local\Temp\arduino-sketch-9E74EEDD22CEA5E1D5A6658EA4B77878\sketch\Baremetal.ino.cpp.o
                0x00002228                syncModbusBuffers()
 .text.cycleDelay
                0x00002318       0x30 C:\Users\mahmo\AppData\Local\Temp\arduino-sketch-9E74EEDD22CEA5E1D5A6658EA4B77878\sketch\Baremetal.ino.cpp.o
                0x00002318                cycleDelay
 .text.loop     0x00002348       0x28 C:\Users\mahmo\AppData\Local\Temp\arduino-sketch-9E74EEDD22CEA5E1D5A6658EA4B77878\sketch\Baremetal.ino.cpp.o
                0x00002348                loop
 .text._Z11init_mbregshhhh
                0x00002370       0x84 C:\Users\mahmo\AppData\Local\Temp\arduino-sketch-9E74EEDD22CEA5E1D5A6658EA4B77878\sketch\ModbusSlave.cpp.o
                0x00002370                init_mbregs(unsigned char, unsigned char, unsigned char, unsigned char)
 .text._Z12get_discretetb
                0x000023f4       0x24 C:\Users\mahmo\AppData\Local\Temp\arduino-sketch-9E74EEDD22CEA5E1D5A6658EA4B77878\sketch\ModbusSlave.cpp.o
                0x000023f4                get_discrete(unsigned short, bool)
 .text._Z14write_discretetbb
                0x00002418       0x34 C:\Users\mahmo\AppData\Local\Temp\arduino-sketch-9E74EEDD22CEA5E1D5A6658EA4B77878\sketch\ModbusSlave.cpp.o
                0x00002418                write_discrete(unsigned short, bool, bool)
 .text._Z21mbconfig_serial_ifacePN7arduino14HardwareSerialEli
                0x0000244c       0x78 C:\Users\mahmo\AppData\Local\Temp\arduino-sketch-9E74EEDD22CEA5E1D5A6658EA4B77878\sketch\ModbusSlave.cpp.o
                0x0000244c                mbconfig_serial_iface(arduino::HardwareSerial*, long, int)
 .text._Z17exceptionResponsett
                0x000024c4       0x24 C:\Users\mahmo\AppData\Local\Temp\arduino-sketch-9E74EEDD22CEA5E1D5A6658EA4B77878\sketch\ModbusSlave.cpp.o
                0x000024c4                exceptionResponse(unsigned short, unsigned short)
 .text._Z13readRegisterstt
                0x000024e8       0x7c C:\Users\mahmo\AppData\Local\Temp\arduino-sketch-9E74EEDD22CEA5E1D5A6658EA4B77878\sketch\ModbusSlave.cpp.o
                0x000024e8                readRegisters(unsigned short, unsigned short)
 .text._Z19writeSingleRegistertt
                0x00002564       0x20 C:\Users\mahmo\AppData\Local\Temp\arduino-sketch-9E74EEDD22CEA5E1D5A6658EA4B77878\sketch\ModbusSlave.cpp.o
                0x00002564                writeSingleRegister(unsigned short, unsigned short)
 .text._Z22writeMultipleRegisterstth
                0x00002584       0x70 C:\Users\mahmo\AppData\Local\Temp\arduino-sketch-9E74EEDD22CEA5E1D5A6658EA4B77878\sketch\ModbusSlave.cpp.o
                0x00002584                writeMultipleRegisters(unsigned short, unsigned short, unsigned char)
 .text._Z9readCoilstt
                0x000025f4       0xb0 C:\Users\mahmo\AppData\Local\Temp\arduino-sketch-9E74EEDD22CEA5E1D5A6658EA4B77878\sketch\ModbusSlave.cpp.o
                0x000025f4                readCoils(unsigned short, unsigned short)
 .text._Z15readInputStatustt
                0x000026a4       0xb0 C:\Users\mahmo\AppData\Local\Temp\arduino-sketch-9E74EEDD22CEA5E1D5A6658EA4B77878\sketch\ModbusSlave.cpp.o
                0x000026a4                readInputStatus(unsigned short, unsigned short)
 .text._Z18readInputRegisterstt
                0x00002754       0x7c C:\Users\mahmo\AppData\Local\Temp\arduino-sketch-9E74EEDD22CEA5E1D5A6658EA4B77878\sketch\ModbusSlave.cpp.o
                0x00002754                readInputRegisters(unsigned short, unsigned short)
 .text._Z15writeSingleCoiltt
                0x000027d0       0x40 C:\Users\mahmo\AppData\Local\Temp\arduino-sketch-9E74EEDD22CEA5E1D5A6658EA4B77878\sketch\ModbusSlave.cpp.o
                0x000027d0                writeSingleCoil(unsigned short, unsigned short)
 .text._Z18writeMultipleCoilsttt
                0x00002810       0x9c C:\Users\mahmo\AppData\Local\Temp\arduino-sketch-9E74EEDD22CEA5E1D5A6658EA4B77878\sketch\ModbusSlave.cpp.o
                0x00002810                writeMultipleCoils(unsigned short, unsigned short, unsigned short)
 .text._Z16process_mbpacketv
                0x000028ac       0x84 C:\Users\mahmo\AppData\Local\Temp\arduino-sketch-9E74EEDD22CEA5E1D5A6658EA4B77878\sketch\ModbusSlave.cpp.o
                0x000028ac                process_mbpacket()
 .text._Z7calcCrcv
                0x00002930       0x48 C:\Users\mahmo\AppData\Local\Temp\arduino-sketch-9E74EEDD22CEA5E1D5A6658EA4B77878\sketch\ModbusSlave.cpp.o
                0x00002930                calcCrc()
 .text._Z13handle_serialv
                0x00002978      0x12c C:\Users\mahmo\AppData\Local\Temp\arduino-sketch-9E74EEDD22CEA5E1D5A6658EA4B77878\sketch\ModbusSlave.cpp.o
                0x00002978                handle_serial()
 .text._Z6mbtaskv
                0x00002aa4        0x8 C:\Users\mahmo\AppData\Local\Temp\arduino-sketch-9E74EEDD22CEA5E1D5A6658EA4B77878\sketch\ModbusSlave.cpp.o
                0x00002aa4                mbtask()
 .text.config_init__
                0x00002aac        0x8 C:\Users\mahmo\AppData\Local\Temp\arduino-sketch-9E74EEDD22CEA5E1D5A6658EA4B77878\libraries\src\Config0.c.o
                0x00002aac                config_init__
 .text.config_run__
                0x00002ab4        0x8 C:\Users\mahmo\AppData\Local\Temp\arduino-sketch-9E74EEDD22CEA5E1D5A6658EA4B77878\libraries\src\Config0.c.o
                0x00002ab4                config_run__
 .text.__normalize_timespec
                0x00002abc       0x44 C:\Users\mahmo\AppData\Local\Temp\arduino-sketch-9E74EEDD22CEA5E1D5A6658EA4B77878\libraries\src\POUS.c.o
 .text.LE_TIME.constprop.0
                0x00002b00       0x28 C:\Users\mahmo\AppData\Local\Temp\arduino-sketch-9E74EEDD22CEA5E1D5A6658EA4B77878\libraries\src\POUS.c.o
 .text.BLINK_init__
                0x00002b28      0x11e C:\Users\mahmo\AppData\Local\Temp\arduino-sketch-9E74EEDD22CEA5E1D5A6658EA4B77878\libraries\src\POUS.c.o
                0x00002b28                BLINK_init__
 *fill*         0x00002c46        0x2 
 .text.BLINK_body__
                0x00002c48      0x328 C:\Users\mahmo\AppData\Local\Temp\arduino-sketch-9E74EEDD22CEA5E1D5A6658EA4B77878\libraries\src\POUS.c.o
                0x00002c48                BLINK_body__
 .text.RES0_init__
                0x00002f70       0x18 C:\Users\mahmo\AppData\Local\Temp\arduino-sketch-9E74EEDD22CEA5E1D5A6658EA4B77878\libraries\src\Res0.c.o
                0x00002f70                RES0_init__
 .text.RES0_run__
                0x00002f88       0x18 C:\Users\mahmo\AppData\Local\Temp\arduino-sketch-9E74EEDD22CEA5E1D5A6658EA4B77878\libraries\src\Res0.c.o
                0x00002f88                RES0_run__
 .text.hardwareInit
                0x00002fa0       0x1c C:\Users\mahmo\AppData\Local\Temp\arduino-sketch-9E74EEDD22CEA5E1D5A6658EA4B77878\libraries\src\arduino.cpp.o
                0x00002fa0                hardwareInit
 .text.updateInputBuffers
                0x00002fbc       0x34 C:\Users\mahmo\AppData\Local\Temp\arduino-sketch-9E74EEDD22CEA5E1D5A6658EA4B77878\libraries\src\arduino.cpp.o
                0x00002fbc                updateInputBuffers
 .text.updateOutputBuffers
                0x00002ff0        0x2 C:\Users\mahmo\AppData\Local\Temp\arduino-sketch-9E74EEDD22CEA5E1D5A6658EA4B77878\libraries\src\arduino.cpp.o
                0x00002ff0                updateOutputBuffers
 .text.glueVars
                0x00002ff2        0x2 C:\Users\mahmo\AppData\Local\Temp\arduino-sketch-9E74EEDD22CEA5E1D5A6658EA4B77878\libraries\src\glueVars.c.o
                0x00002ff2                glueVars
 .text.updateTime
                0x00002ff4       0x34 C:\Users\mahmo\AppData\Local\Temp\arduino-sketch-9E74EEDD22CEA5E1D5A6658EA4B77878\libraries\src\glueVars.c.o
                0x00002ff4                updateTime
 .text.SERCOM0_Handler
                0x00003028       0x10 C:\Users\mahmo\AppData\Local\Temp\arduino-sketch-9E74EEDD22CEA5E1D5A6658EA4B77878\core\variant.cpp.o
                0x00003028                SERCOM0_Handler
 .text.SERCOM1_Handler
                0x00003038       0x10 C:\Users\mahmo\AppData\Local\Temp\arduino-sketch-9E74EEDD22CEA5E1D5A6658EA4B77878\core\variant.cpp.o
                0x00003038                SERCOM1_Handler
 .text.SERCOM2_Handler
                0x00003048       0x10 C:\Users\mahmo\AppData\Local\Temp\arduino-sketch-9E74EEDD22CEA5E1D5A6658EA4B77878\core\variant.cpp.o
                0x00003048                SERCOM2_Handler
 .text.SERCOM5_Handler
                0x00003058       0x10 C:\Users\mahmo\AppData\Local\Temp\arduino-sketch-9E74EEDD22CEA5E1D5A6658EA4B77878\core\variant.cpp.o
                0x00003058                SERCOM5_Handler
 .text.startup._GLOBAL__sub_I_g_APinDescription
                0x00003068       0xc0 C:\Users\mahmo\AppData\Local\Temp\arduino-sketch-9E74EEDD22CEA5E1D5A6658EA4B77878\core\variant.cpp.o
 .text._ZN6SERCOMC2EP6Sercom
                0x00003128        0x8 C:\Users\mahmo\AppData\Local\Temp\arduino-sketch-9E74EEDD22CEA5E1D5A6658EA4B77878/core\core.a(SERCOM.cpp.o)
                0x00003128                SERCOM::SERCOM(Sercom*)
                0x00003128                SERCOM::SERCOM(Sercom*)
 .text._ZN6SERCOM9initFrameE18SercomUartCharSize15SercomDataOrder16SercomParityMode19SercomNumberStopBit
                0x00003130       0x3a C:\Users\mahmo\AppData\Local\Temp\arduino-sketch-9E74EEDD22CEA5E1D5A6658EA4B77878/core\core.a(SERCOM.cpp.o)
                0x00003130                SERCOM::initFrame(SercomUartCharSize, SercomDataOrder, SercomParityMode, SercomNumberStopBit)
 .text._ZN6SERCOM8initPadsE15SercomUartTXPad11SercomRXPad
                0x0000316a       0x26 C:\Users\mahmo\AppData\Local\Temp\arduino-sketch-9E74EEDD22CEA5E1D5A6658EA4B77878/core\core.a(SERCOM.cpp.o)
                0x0000316a                SERCOM::initPads(SercomUartTXPad, SercomRXPad)
 .text._ZN6SERCOM9resetUARTEv
                0x00003190       0x1a C:\Users\mahmo\AppData\Local\Temp\arduino-sketch-9E74EEDD22CEA5E1D5A6658EA4B77878/core\core.a(SERCOM.cpp.o)
                0x00003190                SERCOM::resetUART()
 .text._ZN6SERCOM10enableUARTEv
                0x000031aa       0x14 C:\Users\mahmo\AppData\Local\Temp\arduino-sketch-9E74EEDD22CEA5E1D5A6658EA4B77878/core\core.a(SERCOM.cpp.o)
                0x000031aa                SERCOM::enableUART()
 .text._ZN6SERCOM9flushUARTEv
                0x000031be       0x14 C:\Users\mahmo\AppData\Local\Temp\arduino-sketch-9E74EEDD22CEA5E1D5A6658EA4B77878/core\core.a(SERCOM.cpp.o)
                0x000031be                SERCOM::flushUART()
 .text._ZN6SERCOM15clearStatusUARTEv
                0x000031d2        0x8 C:\Users\mahmo\AppData\Local\Temp\arduino-sketch-9E74EEDD22CEA5E1D5A6658EA4B77878/core\core.a(SERCOM.cpp.o)
                0x000031d2                SERCOM::clearStatusUART()
 .text._ZN6SERCOM17availableDataUARTEv
                0x000031da        0xa C:\Users\mahmo\AppData\Local\Temp\arduino-sketch-9E74EEDD22CEA5E1D5A6658EA4B77878/core\core.a(SERCOM.cpp.o)
                0x000031da                SERCOM::availableDataUART()
 .text._ZN6SERCOM11isUARTErrorEv
                0x000031e4        0x8 C:\Users\mahmo\AppData\Local\Temp\arduino-sketch-9E74EEDD22CEA5E1D5A6658EA4B77878/core\core.a(SERCOM.cpp.o)
                0x000031e4                SERCOM::isUARTError()
 .text._ZN6SERCOM20acknowledgeUARTErrorEv
                0x000031ec        0xe C:\Users\mahmo\AppData\Local\Temp\arduino-sketch-9E74EEDD22CEA5E1D5A6658EA4B77878/core\core.a(SERCOM.cpp.o)
                0x000031ec                SERCOM::acknowledgeUARTError()
 .text._ZN6SERCOM16isFrameErrorUARTEv
                0x000031fa        0xa C:\Users\mahmo\AppData\Local\Temp\arduino-sketch-9E74EEDD22CEA5E1D5A6658EA4B77878/core\core.a(SERCOM.cpp.o)
                0x000031fa                SERCOM::isFrameErrorUART()
 .text._ZN6SERCOM19clearFrameErrorUARTEv
                0x00003204        0xc C:\Users\mahmo\AppData\Local\Temp\arduino-sketch-9E74EEDD22CEA5E1D5A6658EA4B77878/core\core.a(SERCOM.cpp.o)
                0x00003204                SERCOM::clearFrameErrorUART()
 .text._ZN6SERCOM23isDataRegisterEmptyUARTEv
                0x00003210        0xa C:\Users\mahmo\AppData\Local\Temp\arduino-sketch-9E74EEDD22CEA5E1D5A6658EA4B77878/core\core.a(SERCOM.cpp.o)
                0x00003210                SERCOM::isDataRegisterEmptyUART()
 .text._ZN6SERCOM12readDataUARTEv
                0x0000321a        0x8 C:\Users\mahmo\AppData\Local\Temp\arduino-sketch-9E74EEDD22CEA5E1D5A6658EA4B77878/core\core.a(SERCOM.cpp.o)
                0x0000321a                SERCOM::readDataUART()
 .text._ZN6SERCOM13writeDataUARTEh
                0x00003222       0x14 C:\Users\mahmo\AppData\Local\Temp\arduino-sketch-9E74EEDD22CEA5E1D5A6658EA4B77878/core\core.a(SERCOM.cpp.o)
                0x00003222                SERCOM::writeDataUART(unsigned char)
 .text._ZN6SERCOM36enableDataRegisterEmptyInterruptUARTEv
                0x00003236        0x8 C:\Users\mahmo\AppData\Local\Temp\arduino-sketch-9E74EEDD22CEA5E1D5A6658EA4B77878/core\core.a(SERCOM.cpp.o)
                0x00003236                SERCOM::enableDataRegisterEmptyInterruptUART()
 .text._ZN6SERCOM37disableDataRegisterEmptyInterruptUARTEv
                0x0000323e        0x8 C:\Users\mahmo\AppData\Local\Temp\arduino-sketch-9E74EEDD22CEA5E1D5A6658EA4B77878/core\core.a(SERCOM.cpp.o)
                0x0000323e                SERCOM::disableDataRegisterEmptyInterruptUART()
 *fill*         0x00003246        0x2 
 .text._ZN6SERCOM13initClockNVICEv
                0x00003248       0xa8 C:\Users\mahmo\AppData\Local\Temp\arduino-sketch-9E74EEDD22CEA5E1D5A6658EA4B77878/core\core.a(SERCOM.cpp.o)
                0x00003248                SERCOM::initClockNVIC()
 .text._ZN6SERCOM8initUARTE14SercomUartMode20SercomUartSampleRatem
                0x000032f0       0x6c C:\Users\mahmo\AppData\Local\Temp\arduino-sketch-9E74EEDD22CEA5E1D5A6658EA4B77878/core\core.a(SERCOM.cpp.o)
                0x000032f0                SERCOM::initUART(SercomUartMode, SercomUartSampleRate, unsigned long)
 .text._ZN4UartcvbEv
                0x0000335c        0x4 C:\Users\mahmo\AppData\Local\Temp\arduino-sketch-9E74EEDD22CEA5E1D5A6658EA4B77878/core\core.a(Uart.cpp.o)
                0x0000335c                Uart::operator bool()
 .text._ZN4Uart5beginEm
                0x00003360       0x10 C:\Users\mahmo\AppData\Local\Temp\arduino-sketch-9E74EEDD22CEA5E1D5A6658EA4B77878/core\core.a(Uart.cpp.o)
                0x00003360                Uart::begin(unsigned long)
 .text._ZN4Uart9availableEv
                0x00003370        0x6 C:\Users\mahmo\AppData\Local\Temp\arduino-sketch-9E74EEDD22CEA5E1D5A6658EA4B77878/core\core.a(Uart.cpp.o)
                0x00003370                Uart::available()
 .text._ZN4Uart17availableForWriteEv
                0x00003376       0x10 C:\Users\mahmo\AppData\Local\Temp\arduino-sketch-9E74EEDD22CEA5E1D5A6658EA4B77878/core\core.a(Uart.cpp.o)
                0x00003376                Uart::availableForWrite()
 .text._ZN4Uart4peekEv
                0x00003386       0x18 C:\Users\mahmo\AppData\Local\Temp\arduino-sketch-9E74EEDD22CEA5E1D5A6658EA4B77878/core\core.a(Uart.cpp.o)
                0x00003386                Uart::peek()
 .text._ZN4Uart3endEv
                0x0000339e       0x24 C:\Users\mahmo\AppData\Local\Temp\arduino-sketch-9E74EEDD22CEA5E1D5A6658EA4B77878/core\core.a(Uart.cpp.o)
                0x0000339e                Uart::end()
 .text._ZN4Uart5flushEv
                0x000033c2       0x16 C:\Users\mahmo\AppData\Local\Temp\arduino-sketch-9E74EEDD22CEA5E1D5A6658EA4B77878/core\core.a(Uart.cpp.o)
                0x000033c2                Uart::flush()
 .text._ZN7__GuardD2Ev
                0x000033d8        0xe C:\Users\mahmo\AppData\Local\Temp\arduino-sketch-9E74EEDD22CEA5E1D5A6658EA4B77878/core\core.a(Uart.cpp.o)
                0x000033d8                __Guard::~__Guard()
                0x000033d8                __Guard::~__Guard()
 .text._ZN4Uart16extractNbStopBitEt
                0x000033e6        0xc C:\Users\mahmo\AppData\Local\Temp\arduino-sketch-9E74EEDD22CEA5E1D5A6658EA4B77878/core\core.a(Uart.cpp.o)
                0x000033e6                Uart::extractNbStopBit(unsigned short)
 .text._ZN4Uart15extractCharSizeEt
                0x000033f2       0x28 C:\Users\mahmo\AppData\Local\Temp\arduino-sketch-9E74EEDD22CEA5E1D5A6658EA4B77878/core\core.a(Uart.cpp.o)
                0x000033f2                Uart::extractCharSize(unsigned short)
 .text._ZN4Uart13extractParityEt
                0x0000341a       0x14 C:\Users\mahmo\AppData\Local\Temp\arduino-sketch-9E74EEDD22CEA5E1D5A6658EA4B77878/core\core.a(Uart.cpp.o)
                0x0000341a                Uart::extractParity(unsigned short)
 *fill*         0x0000342e        0x2 
 .text._ZN4Uart5beginEmt
                0x00003430       0xf8 C:\Users\mahmo\AppData\Local\Temp\arduino-sketch-9E74EEDD22CEA5E1D5A6658EA4B77878/core\core.a(Uart.cpp.o)
                0x00003430                Uart::begin(unsigned long, unsigned short)
 .text._ZN7arduino11RingBufferNILi256EEC2Ev
                0x00003528       0x1e C:\Users\mahmo\AppData\Local\Temp\arduino-sketch-9E74EEDD22CEA5E1D5A6658EA4B77878/core\core.a(Uart.cpp.o)
                0x00003528                arduino::RingBufferN<256>::RingBufferN()
                0x00003528                arduino::RingBufferN<256>::RingBufferN()
 *fill*         0x00003546        0x2 
 .text._ZN4UartC2EP6SERCOMhh11SercomRXPad15SercomUartTXPad
                0x00003548       0x74 C:\Users\mahmo\AppData\Local\Temp\arduino-sketch-9E74EEDD22CEA5E1D5A6658EA4B77878/core\core.a(Uart.cpp.o)
                0x00003548                Uart::Uart(SERCOM*, unsigned char, unsigned char, SercomRXPad, SercomUartTXPad)
                0x00003548                Uart::Uart(SERCOM*, unsigned char, unsigned char, SercomRXPad, SercomUartTXPad)
 .text._ZN7arduino15SafeRingBufferNILi256EE10store_charEh
                0x000035bc       0x4a C:\Users\mahmo\AppData\Local\Temp\arduino-sketch-9E74EEDD22CEA5E1D5A6658EA4B77878/core\core.a(Uart.cpp.o)
                0x000035bc                arduino::SafeRingBufferN<256>::store_char(unsigned char)
 .text._ZN7arduino15SafeRingBufferNILi256EE9read_charEv
                0x00003606       0x50 C:\Users\mahmo\AppData\Local\Temp\arduino-sketch-9E74EEDD22CEA5E1D5A6658EA4B77878/core\core.a(Uart.cpp.o)
                0x00003606                arduino::SafeRingBufferN<256>::read_char()
 .text._ZN4Uart10IrqHandlerEv
                0x00003656       0xa4 C:\Users\mahmo\AppData\Local\Temp\arduino-sketch-9E74EEDD22CEA5E1D5A6658EA4B77878/core\core.a(Uart.cpp.o)
                0x00003656                Uart::IrqHandler()
 *fill*         0x000036fa        0x2 
 .text._ZN4Uart5writeEh
                0x000036fc       0x9c C:\Users\mahmo\AppData\Local\Temp\arduino-sketch-9E74EEDD22CEA5E1D5A6658EA4B77878/core\core.a(Uart.cpp.o)
                0x000036fc                Uart::write(unsigned char)
 .text._ZN4Uart4readEv
                0x00003798       0x34 C:\Users\mahmo\AppData\Local\Temp\arduino-sketch-9E74EEDD22CEA5E1D5A6658EA4B77878/core\core.a(Uart.cpp.o)
                0x00003798                Uart::read()
 .text._ZN7arduino5Print5writeEPKhj
                0x000037cc       0x28 C:\Users\mahmo\AppData\Local\Temp\arduino-sketch-9E74EEDD22CEA5E1D5A6658EA4B77878/core\core.a(Print.cpp.o)
                0x000037cc                arduino::Print::write(unsigned char const*, unsigned int)
 .text.Dummy_Handler
                0x000037f4        0x2 C:\Users\mahmo\AppData\Local\Temp\arduino-sketch-9E74EEDD22CEA5E1D5A6658EA4B77878/core\core.a(cortex_handlers.c.o)
                0x000037f4                DMAC_Handler
                0x000037f4                HardFault_Handler
                0x000037f4                AC_Handler
                0x000037f4                PendSV_Handler
                0x000037f4                NMI_Handler
                0x000037f4                TC7_Handler
                0x000037f4                ADC_Handler
                0x000037f4                TCC1_Handler
                0x000037f4                TCC0_Handler
                0x000037f4                RTC_Handler
                0x000037f4                EIC_Handler
                0x000037f4                TC6_Handler
                0x000037f4                WDT_Handler
                0x000037f4                TC4_Handler
                0x000037f4                TC3_Handler
                0x000037f4                Dummy_Handler
                0x000037f4                PM_Handler
                0x000037f4                SVC_Handler
                0x000037f4                TCC2_Handler
                0x000037f4                EVSYS_Handler
                0x000037f4                SERCOM3_Handler
                0x000037f4                SERCOM4_Handler
                0x000037f4                I2S_Handler
                0x000037f4                NVMCTRL_Handler
                0x000037f4                DAC_Handler
                0x000037f4                PTC_Handler
                0x000037f4                SYSCTRL_Handler
 *fill*         0x000037f6        0x2 
 .text.USB_Handler
                0x000037f8       0x14 C:\Users\mahmo\AppData\Local\Temp\arduino-sketch-9E74EEDD22CEA5E1D5A6658EA4B77878/core\core.a(cortex_handlers.c.o)
                0x000037f8                USB_Handler
 .text.Reset_Handler
                0x0000380c       0x54 C:\Users\mahmo\AppData\Local\Temp\arduino-sketch-9E74EEDD22CEA5E1D5A6658EA4B77878/core\core.a(cortex_handlers.c.o)
                0x0000380c                Reset_Handler
 .text.SysTick_Handler
                0x00003860       0x10 C:\Users\mahmo\AppData\Local\Temp\arduino-sketch-9E74EEDD22CEA5E1D5A6658EA4B77878/core\core.a(cortex_handlers.c.o)
                0x00003860                SysTick_Handler
 .text.USB_SetHandler
                0x00003870        0xc C:\Users\mahmo\AppData\Local\Temp\arduino-sketch-9E74EEDD22CEA5E1D5A6658EA4B77878/core\core.a(cortex_handlers.c.o)
                0x00003870                USB_SetHandler
 .text.millis   0x0000387c        0xc C:\Users\mahmo\AppData\Local\Temp\arduino-sketch-9E74EEDD22CEA5E1D5A6658EA4B77878/core\core.a(delay.c.o)
                0x0000387c                millis
 .text.micros   0x00003888       0x60 C:\Users\mahmo\AppData\Local\Temp\arduino-sketch-9E74EEDD22CEA5E1D5A6658EA4B77878/core\core.a(delay.c.o)
                0x00003888                micros
 .text.delay    0x000038e8       0x30 C:\Users\mahmo\AppData\Local\Temp\arduino-sketch-9E74EEDD22CEA5E1D5A6658EA4B77878/core\core.a(delay.c.o)
                0x000038e8                delay
 .text.resetExternalChip
                0x00003918        0x2 C:\Users\mahmo\AppData\Local\Temp\arduino-sketch-9E74EEDD22CEA5E1D5A6658EA4B77878/core\core.a(delay.c.o)
                0x00003918                resetExternalChip
 *fill*         0x0000391a        0x2 
 .text.SysTick_DefaultHandler
                0x0000391c       0x14 C:\Users\mahmo\AppData\Local\Temp\arduino-sketch-9E74EEDD22CEA5E1D5A6658EA4B77878/core\core.a(delay.c.o)
                0x0000391c                SysTick_DefaultHandler
 .text.delayMicroseconds
                0x00003930       0x16 C:\Users\mahmo\AppData\Local\Temp\arduino-sketch-9E74EEDD22CEA5E1D5A6658EA4B77878/core\core.a(delay.c.o)
                0x00003930                delayMicroseconds
 .text.__empty  0x00003946        0x2 C:\Users\mahmo\AppData\Local\Temp\arduino-sketch-9E74EEDD22CEA5E1D5A6658EA4B77878/core\core.a(hooks.c.o)
                0x00003946                yield
 .text.__false  0x00003948        0x4 C:\Users\mahmo\AppData\Local\Temp\arduino-sketch-9E74EEDD22CEA5E1D5A6658EA4B77878/core\core.a(hooks.c.o)
                0x00003948                sysTickHook
 .text.initVariant
                0x0000394c        0x2 C:\Users\mahmo\AppData\Local\Temp\arduino-sketch-9E74EEDD22CEA5E1D5A6658EA4B77878/core\core.a(main.cpp.o)
                0x0000394c                initVariant
 *fill*         0x0000394e        0x2 
 .text.startup.main
                0x00003950       0x40 C:\Users\mahmo\AppData\Local\Temp\arduino-sketch-9E74EEDD22CEA5E1D5A6658EA4B77878/core\core.a(main.cpp.o)
                0x00003950                main
 .text.SystemInit
                0x00003990      0x160 C:\Users\mahmo\AppData\Local\Temp\arduino-sketch-9E74EEDD22CEA5E1D5A6658EA4B77878/core\core.a(startup.c.o)
                0x00003990                SystemInit
 .text.init     0x00003af0       0xf0 C:\Users\mahmo\AppData\Local\Temp\arduino-sketch-9E74EEDD22CEA5E1D5A6658EA4B77878/core\core.a(wiring.c.o)
                0x00003af0                init
 .text.analogReference
                0x00003be0       0x64 C:\Users\mahmo\AppData\Local\Temp\arduino-sketch-9E74EEDD22CEA5E1D5A6658EA4B77878/core\core.a(wiring_analog.c.o)
                0x00003be0                analogReference
 .text.pinMode  0x00003c44       0x98 C:\Users\mahmo\AppData\Local\Temp\arduino-sketch-9E74EEDD22CEA5E1D5A6658EA4B77878/core\core.a(wiring_digital.c.o)
                0x00003c44                pinMode
 .text.digitalWrite
                0x00003cdc       0x58 C:\Users\mahmo\AppData\Local\Temp\arduino-sketch-9E74EEDD22CEA5E1D5A6658EA4B77878/core\core.a(wiring_digital.c.o)
                0x00003cdc                digitalWrite
 .text.digitalRead
                0x00003d34       0x30 C:\Users\mahmo\AppData\Local\Temp\arduino-sketch-9E74EEDD22CEA5E1D5A6658EA4B77878/core\core.a(wiring_digital.c.o)
                0x00003d34                digitalRead
 .text.pinPeripheral
                0x00003d64       0xc0 C:\Users\mahmo\AppData\Local\Temp\arduino-sketch-9E74EEDD22CEA5E1D5A6658EA4B77878/core\core.a(wiring_private.c.o)
                0x00003d64                pinPeripheral
 .text.initiateReset
                0x00003e24       0x14 C:\Users\mahmo\AppData\Local\Temp\arduino-sketch-9E74EEDD22CEA5E1D5A6658EA4B77878/core\core.a(Reset.cpp.o)
                0x00003e24                initiateReset
 .text.cancelReset
                0x00003e38       0x10 C:\Users\mahmo\AppData\Local\Temp\arduino-sketch-9E74EEDD22CEA5E1D5A6658EA4B77878/core\core.a(Reset.cpp.o)
                0x00003e38                cancelReset
 .text.tickReset
                0x00003e48       0x78 C:\Users\mahmo\AppData\Local\Temp\arduino-sketch-9E74EEDD22CEA5E1D5A6658EA4B77878/core\core.a(Reset.cpp.o)
                0x00003e48                tickReset
 .text._ZN26DoubleBufferedEPOutHandlerD2Ev
                0x00003ec0        0x2 C:\Users\mahmo\AppData\Local\Temp\arduino-sketch-9E74EEDD22CEA5E1D5A6658EA4B77878/core\core.a(USBCore.cpp.o)
                0x00003ec0                DoubleBufferedEPOutHandler::~DoubleBufferedEPOutHandler()
                0x00003ec0                DoubleBufferedEPOutHandler::~DoubleBufferedEPOutHandler()
 .text._ZN26DoubleBufferedEPOutHandlerD0Ev
                0x00003ec2        0xc C:\Users\mahmo\AppData\Local\Temp\arduino-sketch-9E74EEDD22CEA5E1D5A6658EA4B77878/core\core.a(USBCore.cpp.o)
                0x00003ec2                DoubleBufferedEPOutHandler::~DoubleBufferedEPOutHandler()
 *fill*         0x00003ece        0x2 
 .text._ZN14USBDeviceClass6initEPEmm.part.7
                0x00003ed0       0xc4 C:\Users\mahmo\AppData\Local\Temp\arduino-sketch-9E74EEDD22CEA5E1D5A6658EA4B77878/core\core.a(USBCore.cpp.o)
 .text._ZN7__GuardC2Ev
                0x00003f94        0xe C:\Users\mahmo\AppData\Local\Temp\arduino-sketch-9E74EEDD22CEA5E1D5A6658EA4B77878/core\core.a(USBCore.cpp.o)
                0x00003f94                __Guard::__Guard()
                0x00003f94                __Guard::__Guard()
 .text._ZNK26DoubleBufferedEPOutHandler10_availableEv
                0x00003fa2       0x70 C:\Users\mahmo\AppData\Local\Temp\arduino-sketch-9E74EEDD22CEA5E1D5A6658EA4B77878/core\core.a(USBCore.cpp.o)
                0x00003fa2                DoubleBufferedEPOutHandler::_available() const
 *fill*         0x00004012        0x2 
 .text._ZN26DoubleBufferedEPOutHandler7releaseEv
                0x00004014       0x38 C:\Users\mahmo\AppData\Local\Temp\arduino-sketch-9E74EEDD22CEA5E1D5A6658EA4B77878/core\core.a(USBCore.cpp.o)
                0x00004014                DoubleBufferedEPOutHandler::release()
 .text._ZN26DoubleBufferedEPOutHandler14handleEndpointEv
                0x0000404c       0xe2 C:\Users\mahmo\AppData\Local\Temp\arduino-sketch-9E74EEDD22CEA5E1D5A6658EA4B77878/core\core.a(USBCore.cpp.o)
                0x0000404c                DoubleBufferedEPOutHandler::handleEndpoint()
 .text._ZN14USBDeviceClass14SendInterfacesEPm
                0x0000412e       0x20 C:\Users\mahmo\AppData\Local\Temp\arduino-sketch-9E74EEDD22CEA5E1D5A6658EA4B77878/core\core.a(USBCore.cpp.o)
                0x0000412e                USBDeviceClass::SendInterfaces(unsigned long*)
 *fill*         0x0000414e        0x2 
 .text._ZN14USBDeviceClass6attachEv
                0x00004150       0x34 C:\Users\mahmo\AppData\Local\Temp\arduino-sketch-9E74EEDD22CEA5E1D5A6658EA4B77878/core\core.a(USBCore.cpp.o)
                0x00004150                USBDeviceClass::attach()
 .text._ZN14USBDeviceClass10setAddressEm
                0x00004184       0x48 C:\Users\mahmo\AppData\Local\Temp\arduino-sketch-9E74EEDD22CEA5E1D5A6658EA4B77878/core\core.a(USBCore.cpp.o)
                0x00004184                USBDeviceClass::setAddress(unsigned long)
 .text._ZN14USBDeviceClass25handleClassInterfaceSetupERN7arduino8USBSetupE
                0x000041cc       0x24 C:\Users\mahmo\AppData\Local\Temp\arduino-sketch-9E74EEDD22CEA5E1D5A6658EA4B77878/core\core.a(USBCore.cpp.o)
                0x000041cc                USBDeviceClass::handleClassInterfaceSetup(arduino::USBSetup&)
 .text._ZN14USBDeviceClass6initEPEmm
                0x000041f0      0x10c C:\Users\mahmo\AppData\Local\Temp\arduino-sketch-9E74EEDD22CEA5E1D5A6658EA4B77878/core\core.a(USBCore.cpp.o)
                0x000041f0                USBDeviceClass::initEP(unsigned long, unsigned long)
 .text._ZN14USBDeviceClass13initEndpointsEv
                0x000042fc       0x24 C:\Users\mahmo\AppData\Local\Temp\arduino-sketch-9E74EEDD22CEA5E1D5A6658EA4B77878/core\core.a(USBCore.cpp.o)
                0x000042fc                USBDeviceClass::initEndpoints()
 .text._ZN14USBDeviceClass5clearEm
                0x00004320       0x38 C:\Users\mahmo\AppData\Local\Temp\arduino-sketch-9E74EEDD22CEA5E1D5A6658EA4B77878/core\core.a(USBCore.cpp.o)
                0x00004320                USBDeviceClass::clear(unsigned long)
 .text._ZN14USBDeviceClass9availableEm
                0x00004358       0x2c C:\Users\mahmo\AppData\Local\Temp\arduino-sketch-9E74EEDD22CEA5E1D5A6658EA4B77878/core\core.a(USBCore.cpp.o)
                0x00004358                USBDeviceClass::available(unsigned long)
 .text._ZN14USBDeviceClass5flushEm
                0x00004384       0x2c C:\Users\mahmo\AppData\Local\Temp\arduino-sketch-9E74EEDD22CEA5E1D5A6658EA4B77878/core\core.a(USBCore.cpp.o)
                0x00004384                USBDeviceClass::flush(unsigned long)
 .text._ZN14USBDeviceClass4recvEmPvm
                0x000043b0       0xdc C:\Users\mahmo\AppData\Local\Temp\arduino-sketch-9E74EEDD22CEA5E1D5A6658EA4B77878/core\core.a(USBCore.cpp.o)
                0x000043b0                USBDeviceClass::recv(unsigned long, void*, unsigned long)
 .text._ZN14USBDeviceClass4recvEm
                0x0000448c       0x1c C:\Users\mahmo\AppData\Local\Temp\arduino-sketch-9E74EEDD22CEA5E1D5A6658EA4B77878/core\core.a(USBCore.cpp.o)
                0x0000448c                USBDeviceClass::recv(unsigned long)
 .text._ZN14USBDeviceClass14armRecvCtrlOUTEm
                0x000044a8       0x5c C:\Users\mahmo\AppData\Local\Temp\arduino-sketch-9E74EEDD22CEA5E1D5A6658EA4B77878/core\core.a(USBCore.cpp.o)
                0x000044a8                USBDeviceClass::armRecvCtrlOUT(unsigned long)
 .text._ZN14USBDeviceClass11recvControlEPvm
                0x00004504       0x28 C:\Users\mahmo\AppData\Local\Temp\arduino-sketch-9E74EEDD22CEA5E1D5A6658EA4B77878/core\core.a(USBCore.cpp.o)
                0x00004504                USBDeviceClass::recvControl(void*, unsigned long)
 .text._ZN14USBDeviceClass4sendEmPKvm
                0x0000452c      0x124 C:\Users\mahmo\AppData\Local\Temp\arduino-sketch-9E74EEDD22CEA5E1D5A6658EA4B77878/core\core.a(USBCore.cpp.o)
                0x0000452c                USBDeviceClass::send(unsigned long, void const*, unsigned long)
 .text._ZN14USBDeviceClass7armSendEmPKvm
                0x00004650       0x48 C:\Users\mahmo\AppData\Local\Temp\arduino-sketch-9E74EEDD22CEA5E1D5A6658EA4B77878/core\core.a(USBCore.cpp.o)
                0x00004650                USBDeviceClass::armSend(unsigned long, void const*, unsigned long)
 .text._ZN14USBDeviceClass11sendControlEPKvm
                0x00004698       0x54 C:\Users\mahmo\AppData\Local\Temp\arduino-sketch-9E74EEDD22CEA5E1D5A6658EA4B77878/core\core.a(USBCore.cpp.o)
                0x00004698                USBDeviceClass::sendControl(void const*, unsigned long)
 .text._ZN14USBDeviceClass20sendStringDescriptorEPKhm
                0x000046ec       0x64 C:\Users\mahmo\AppData\Local\Temp\arduino-sketch-9E74EEDD22CEA5E1D5A6658EA4B77878/core\core.a(USBCore.cpp.o)
                0x000046ec                USBDeviceClass::sendStringDescriptor(unsigned char const*, unsigned long)
 .text._ZN14USBDeviceClass17sendConfigurationEm
                0x00004750       0x80 C:\Users\mahmo\AppData\Local\Temp\arduino-sketch-9E74EEDD22CEA5E1D5A6658EA4B77878/core\core.a(USBCore.cpp.o)
                0x00004750                USBDeviceClass::sendConfiguration(unsigned long)
 .text._ZN14USBDeviceClass14sendDescriptorERN7arduino8USBSetupE
                0x000047d0       0xd8 C:\Users\mahmo\AppData\Local\Temp\arduino-sketch-9E74EEDD22CEA5E1D5A6658EA4B77878/core\core.a(USBCore.cpp.o)
                0x000047d0                USBDeviceClass::sendDescriptor(arduino::USBSetup&)
 .text._ZN14USBDeviceClass7sendZlpEm
                0x000048a8       0x18 C:\Users\mahmo\AppData\Local\Temp\arduino-sketch-9E74EEDD22CEA5E1D5A6658EA4B77878/core\core.a(USBCore.cpp.o)
                0x000048a8                USBDeviceClass::sendZlp(unsigned long)
 .text._ZN14USBDeviceClass19handleStandardSetupERN7arduino8USBSetupE
                0x000048c0       0xf0 C:\Users\mahmo\AppData\Local\Temp\arduino-sketch-9E74EEDD22CEA5E1D5A6658EA4B77878/core\core.a(USBCore.cpp.o)
                0x000048c0                USBDeviceClass::handleStandardSetup(arduino::USBSetup&)
 .text._ZN14USBDeviceClass10ISRHandlerEv
                0x000049b0      0x150 C:\Users\mahmo\AppData\Local\Temp\arduino-sketch-9E74EEDD22CEA5E1D5A6658EA4B77878/core\core.a(USBCore.cpp.o)
                0x000049b0                USBDeviceClass::ISRHandler()
 .text.UDD_Handler
                0x00004b00       0x10 C:\Users\mahmo\AppData\Local\Temp\arduino-sketch-9E74EEDD22CEA5E1D5A6658EA4B77878/core\core.a(USBCore.cpp.o)
                0x00004b00                UDD_Handler
 .text._ZN7arduino13PluggableUSB_C2Ev
                0x00004b10       0x10 C:\Users\mahmo\AppData\Local\Temp\arduino-sketch-9E74EEDD22CEA5E1D5A6658EA4B77878/core\core.a(USBCore.cpp.o)
                0x00004b10                arduino::PluggableUSB_::PluggableUSB_()
                0x00004b10                arduino::PluggableUSB_::PluggableUSB_()
 .text._Z8epBufferj
                0x00004b20        0xc C:\Users\mahmo\AppData\Local\Temp\arduino-sketch-9E74EEDD22CEA5E1D5A6658EA4B77878/core\core.a(USBCore.cpp.o)
                0x00004b20                epBuffer(unsigned int)
 .text._ZN7arduino11RingBufferNILi64EE10store_charEh
                0x00004b2c       0x1c C:\Users\mahmo\AppData\Local\Temp\arduino-sketch-9E74EEDD22CEA5E1D5A6658EA4B77878/core\core.a(USBCore.cpp.o)
                0x00004b2c                arduino::RingBufferN<64>::store_char(unsigned char)
 .text._ZN26DoubleBufferedEPOutHandler5_recvEv
                0x00004b48      0x15e C:\Users\mahmo\AppData\Local\Temp\arduino-sketch-9E74EEDD22CEA5E1D5A6658EA4B77878/core\core.a(USBCore.cpp.o)
                0x00004b48                DoubleBufferedEPOutHandler::_recv()
 .text._ZN26DoubleBufferedEPOutHandler9availableEv
                0x00004ca6        0xc C:\Users\mahmo\AppData\Local\Temp\arduino-sketch-9E74EEDD22CEA5E1D5A6658EA4B77878/core\core.a(USBCore.cpp.o)
                0x00004ca6                DoubleBufferedEPOutHandler::available()
 .text._ZN26DoubleBufferedEPOutHandler4peekEv
                0x00004cb2       0x1c C:\Users\mahmo\AppData\Local\Temp\arduino-sketch-9E74EEDD22CEA5E1D5A6658EA4B77878/core\core.a(USBCore.cpp.o)
                0x00004cb2                DoubleBufferedEPOutHandler::peek()
 .text._ZN26DoubleBufferedEPOutHandler4recvEPvm
                0x00004cce       0x60 C:\Users\mahmo\AppData\Local\Temp\arduino-sketch-9E74EEDD22CEA5E1D5A6658EA4B77878/core\core.a(USBCore.cpp.o)
                0x00004cce                DoubleBufferedEPOutHandler::recv(void*, unsigned long)
 *fill*         0x00004d2e        0x2 
 .text.startup._GLOBAL__sub_I_usbd
                0x00004d30       0x10 C:\Users\mahmo\AppData\Local\Temp\arduino-sketch-9E74EEDD22CEA5E1D5A6658EA4B77878/core\core.a(USBCore.cpp.o)
 .text._ZN14USBDeviceClass4initEv
                0x00004d40      0x18c C:\Users\mahmo\AppData\Local\Temp\arduino-sketch-9E74EEDD22CEA5E1D5A6658EA4B77878/core\core.a(USBCore.cpp.o)
                0x00004d40                USBDeviceClass::init()
 .text._ZN7arduino13PluggableUSB_12getInterfaceEPh
                0x00004ecc       0x28 C:\Users\mahmo\AppData\Local\Temp\arduino-sketch-9E74EEDD22CEA5E1D5A6658EA4B77878/core\core.a(PluggableUSB.cpp.o)
                0x00004ecc                arduino::PluggableUSB_::getInterface(unsigned char*)
 .text._ZN7arduino13PluggableUSB_13getDescriptorERNS_8USBSetupE
                0x00004ef4       0x20 C:\Users\mahmo\AppData\Local\Temp\arduino-sketch-9E74EEDD22CEA5E1D5A6658EA4B77878/core\core.a(PluggableUSB.cpp.o)
                0x00004ef4                arduino::PluggableUSB_::getDescriptor(arduino::USBSetup&)
 .text._ZN7arduino13PluggableUSB_12getShortNameEPc
                0x00004f14       0x1e C:\Users\mahmo\AppData\Local\Temp\arduino-sketch-9E74EEDD22CEA5E1D5A6658EA4B77878/core\core.a(PluggableUSB.cpp.o)
                0x00004f14                arduino::PluggableUSB_::getShortName(char*)
 .text._ZN7arduino13PluggableUSB_5setupERNS_8USBSetupE
                0x00004f32       0x20 C:\Users\mahmo\AppData\Local\Temp\arduino-sketch-9E74EEDD22CEA5E1D5A6658EA4B77878/core\core.a(PluggableUSB.cpp.o)
                0x00004f32                arduino::PluggableUSB_::setup(arduino::USBSetup&)
 .text._ZN7arduino13PluggableUSB_4plugEPNS_18PluggableUSBModuleE
                0x00004f52       0x5c C:\Users\mahmo\AppData\Local\Temp\arduino-sketch-9E74EEDD22CEA5E1D5A6658EA4B77878/core\core.a(PluggableUSB.cpp.o)
                0x00004f52                arduino::PluggableUSB_::plug(arduino::PluggableUSBModule*)
 *fill*         0x00004fae        0x2 
 .text._Z12PluggableUSBv
                0x00004fb0       0x24 C:\Users\mahmo\AppData\Local\Temp\arduino-sketch-9E74EEDD22CEA5E1D5A6658EA4B77878/core\core.a(PluggableUSB.cpp.o)
                0x00004fb0                PluggableUSB()
 .text._Znwj    0x00004fd4        0x8 C:\Users\mahmo\AppData\Local\Temp\arduino-sketch-9E74EEDD22CEA5E1D5A6658EA4B77878/core\core.a(new.cpp.o)
                0x00004fd4                operator new(unsigned int)
 .text._ZdlPv   0x00004fdc        0x8 C:\Users\mahmo\AppData\Local\Temp\arduino-sketch-9E74EEDD22CEA5E1D5A6658EA4B77878/core\core.a(new.cpp.o)
                0x00004fdc                operator delete(void*)
 .text._ZN7Serial_13getDescriptorERN7arduino8USBSetupE
                0x00004fe4        0x4 C:\Users\mahmo\AppData\Local\Temp\arduino-sketch-9E74EEDD22CEA5E1D5A6658EA4B77878/core\core.a(CDC.cpp.o)
                0x00004fe4                Serial_::getDescriptor(arduino::USBSetup&)
 .text._ZL5utox8mPc
                0x00004fe8       0x24 C:\Users\mahmo\AppData\Local\Temp\arduino-sketch-9E74EEDD22CEA5E1D5A6658EA4B77878/core\core.a(CDC.cpp.o)
 .text._ZN7Serial_12getShortNameEPc
                0x0000500c       0x44 C:\Users\mahmo\AppData\Local\Temp\arduino-sketch-9E74EEDD22CEA5E1D5A6658EA4B77878/core\core.a(CDC.cpp.o)
                0x0000500c                Serial_::getShortName(char*)
 .text._ZThn16_N7Serial_12getShortNameEPc
                0x00005050       0x10 C:\Users\mahmo\AppData\Local\Temp\arduino-sketch-9E74EEDD22CEA5E1D5A6658EA4B77878/core\core.a(CDC.cpp.o)
                0x00005050                non-virtual thunk to Serial_::getShortName(char*)
 .text._ZN7Serial_5beginEm
                0x00005060        0x2 C:\Users\mahmo\AppData\Local\Temp\arduino-sketch-9E74EEDD22CEA5E1D5A6658EA4B77878/core\core.a(CDC.cpp.o)
                0x00005060                Serial_::begin(unsigned long)
 .text._ZN7Serial_5beginEmt
                0x00005062        0x2 C:\Users\mahmo\AppData\Local\Temp\arduino-sketch-9E74EEDD22CEA5E1D5A6658EA4B77878/core\core.a(CDC.cpp.o)
                0x00005062                Serial_::begin(unsigned long, unsigned short)
 .text._ZN7Serial_17availableForWriteEv
                0x00005064        0x4 C:\Users\mahmo\AppData\Local\Temp\arduino-sketch-9E74EEDD22CEA5E1D5A6658EA4B77878/core\core.a(CDC.cpp.o)
                0x00005064                Serial_::availableForWrite()
 .text._ZN7Serial_5writeEh
                0x00005068       0x14 C:\Users\mahmo\AppData\Local\Temp\arduino-sketch-9E74EEDD22CEA5E1D5A6658EA4B77878/core\core.a(CDC.cpp.o)
                0x00005068                Serial_::write(unsigned char)
 .text._ZN7Serial_12getInterfaceEPh
                0x0000507c      0x11c C:\Users\mahmo\AppData\Local\Temp\arduino-sketch-9E74EEDD22CEA5E1D5A6658EA4B77878/core\core.a(CDC.cpp.o)
                0x0000507c                Serial_::getInterface(unsigned char*)
 .text._ZThn16_N7Serial_12getInterfaceEPh
                0x00005198       0x10 C:\Users\mahmo\AppData\Local\Temp\arduino-sketch-9E74EEDD22CEA5E1D5A6658EA4B77878/core\core.a(CDC.cpp.o)
                0x00005198                non-virtual thunk to Serial_::getInterface(unsigned char*)
 .text._ZN7Serial_5setupERN7arduino8USBSetupE
                0x000051a8       0x98 C:\Users\mahmo\AppData\Local\Temp\arduino-sketch-9E74EEDD22CEA5E1D5A6658EA4B77878/core\core.a(CDC.cpp.o)
                0x000051a8                Serial_::setup(arduino::USBSetup&)
 .text._ZThn16_N7Serial_5setupERN7arduino8USBSetupE
                0x00005240       0x10 C:\Users\mahmo\AppData\Local\Temp\arduino-sketch-9E74EEDD22CEA5E1D5A6658EA4B77878/core\core.a(CDC.cpp.o)
                0x00005240                non-virtual thunk to Serial_::setup(arduino::USBSetup&)
 .text._ZN7Serial_3endEv
                0x00005250       0x14 C:\Users\mahmo\AppData\Local\Temp\arduino-sketch-9E74EEDD22CEA5E1D5A6658EA4B77878/core\core.a(CDC.cpp.o)
                0x00005250                Serial_::end()
 .text._ZN7Serial_9availableEv
                0x00005264       0x20 C:\Users\mahmo\AppData\Local\Temp\arduino-sketch-9E74EEDD22CEA5E1D5A6658EA4B77878/core\core.a(CDC.cpp.o)
                0x00005264                Serial_::available()
 .text._ZN7Serial_5flushEv
                0x00005284        0xe C:\Users\mahmo\AppData\Local\Temp\arduino-sketch-9E74EEDD22CEA5E1D5A6658EA4B77878/core\core.a(CDC.cpp.o)
                0x00005284                Serial_::flush()
 .text._ZN7Serial_5clearEv
                0x00005292        0xe C:\Users\mahmo\AppData\Local\Temp\arduino-sketch-9E74EEDD22CEA5E1D5A6658EA4B77878/core\core.a(CDC.cpp.o)
                0x00005292                Serial_::clear()
 .text._ZN7Serial_5writeEPKhj
                0x000052a0       0x1e C:\Users\mahmo\AppData\Local\Temp\arduino-sketch-9E74EEDD22CEA5E1D5A6658EA4B77878/core\core.a(CDC.cpp.o)
                0x000052a0                Serial_::write(unsigned char const*, unsigned int)
 *fill*         0x000052be        0x2 
 .text._ZN7Serial_4peekEv
                0x000052c0       0x1c C:\Users\mahmo\AppData\Local\Temp\arduino-sketch-9E74EEDD22CEA5E1D5A6658EA4B77878/core\core.a(CDC.cpp.o)
                0x000052c0                Serial_::peek()
 .text._ZN7Serial_4readEv
                0x000052dc       0x24 C:\Users\mahmo\AppData\Local\Temp\arduino-sketch-9E74EEDD22CEA5E1D5A6658EA4B77878/core\core.a(CDC.cpp.o)
                0x000052dc                Serial_::read()
 .text._ZN7Serial_cvbEv
                0x00005300       0x28 C:\Users\mahmo\AppData\Local\Temp\arduino-sketch-9E74EEDD22CEA5E1D5A6658EA4B77878/core\core.a(CDC.cpp.o)
                0x00005300                Serial_::operator bool()
 .text._ZThn16_N7Serial_13getDescriptorERN7arduino8USBSetupE
                0x00005328        0x4 C:\Users\mahmo\AppData\Local\Temp\arduino-sketch-9E74EEDD22CEA5E1D5A6658EA4B77878/core\core.a(CDC.cpp.o)
                0x00005328                non-virtual thunk to Serial_::getDescriptor(arduino::USBSetup&)
 .text._ZN7Serial_14handleEndpointEi
                0x0000532c        0x2 C:\Users\mahmo\AppData\Local\Temp\arduino-sketch-9E74EEDD22CEA5E1D5A6658EA4B77878/core\core.a(CDC.cpp.o)
                0x0000532c                Serial_::handleEndpoint(int)
 *fill*         0x0000532e        0x2 
 .text._ZN7Serial_C2ER14USBDeviceClass
                0x00005330       0x50 C:\Users\mahmo\AppData\Local\Temp\arduino-sketch-9E74EEDD22CEA5E1D5A6658EA4B77878/core\core.a(CDC.cpp.o)
                0x00005330                Serial_::Serial_(USBDeviceClass&)
                0x00005330                Serial_::Serial_(USBDeviceClass&)
 .text._ZN7Serial_15enableInterruptEv
                0x00005380       0x30 C:\Users\mahmo\AppData\Local\Temp\arduino-sketch-9E74EEDD22CEA5E1D5A6658EA4B77878/core\core.a(CDC.cpp.o)
                0x00005380                Serial_::enableInterrupt()
 .text.startup._GLOBAL__sub_I__ZN7Serial_12getInterfaceEPh
                0x000053b0       0x14 C:\Users\mahmo\AppData\Local\Temp\arduino-sketch-9E74EEDD22CEA5E1D5A6658EA4B77878/core\core.a(CDC.cpp.o)
 .text          0x000053c4       0x14 c:/users/mahmo/appdata/local/arduino15/packages/arduino/tools/arm-none-eabi-gcc/7-2017q4/bin/../lib/gcc/arm-none-eabi/7.2.1/thumb/v6-m\libgcc.a(_thumb1_case_uqi.o)
                0x000053c4                __gnu_thumb1_case_uqi
 .text          0x000053d8      0x114 c:/users/mahmo/appdata/local/arduino15/packages/arduino/tools/arm-none-eabi-gcc/7-2017q4/bin/../lib/gcc/arm-none-eabi/7.2.1/thumb/v6-m\libgcc.a(_udivsi3.o)
                0x000053d8                __aeabi_uidiv
                0x000053d8                __udivsi3
                0x000054e4                __aeabi_uidivmod
 .text          0x000054ec      0x1d4 c:/users/mahmo/appdata/local/arduino15/packages/arduino/tools/arm-none-eabi-gcc/7-2017q4/bin/../lib/gcc/arm-none-eabi/7.2.1/thumb/v6-m\libgcc.a(_divsi3.o)
                0x000054ec                __divsi3
                0x000054ec                __aeabi_idiv
                0x000056b8                __aeabi_idivmod
 .text          0x000056c0        0x4 c:/users/mahmo/appdata/local/arduino15/packages/arduino/tools/arm-none-eabi-gcc/7-2017q4/bin/../lib/gcc/arm-none-eabi/7.2.1/thumb/v6-m\libgcc.a(_dvmd_tls.o)
                0x000056c0                __aeabi_idiv0
                0x000056c0                __aeabi_ldiv0
 .text          0x000056c4       0x7c c:/users/mahmo/appdata/local/arduino15/packages/arduino/tools/arm-none-eabi-gcc/7-2017q4/bin/../lib/gcc/arm-none-eabi/7.2.1/thumb/v6-m\libgcc.a(_arm_cmpdf2.o)
                0x000056c4                __aeabi_cdrcmple
                0x000056d4                __aeabi_cdcmple
                0x000056d4                __aeabi_cdcmpeq
                0x000056e4                __aeabi_dcmpeq
                0x000056f0                __aeabi_dcmplt
                0x00005704                __aeabi_dcmple
                0x00005718                __aeabi_dcmpgt
                0x0000572c                __aeabi_dcmpge
 .text          0x00005740       0x40 c:/users/mahmo/appdata/local/arduino15/packages/arduino/tools/arm-none-eabi-gcc/7-2017q4/bin/../lib/gcc/arm-none-eabi/7.2.1/thumb/v6-m\libgcc.a(_aeabi_uldivmod.o)
                0x00005740                __aeabi_uldivmod
 .text          0x00005780       0x3c c:/users/mahmo/appdata/local/arduino15/packages/arduino/tools/arm-none-eabi-gcc/7-2017q4/bin/../lib/gcc/arm-none-eabi/7.2.1/thumb/v6-m\libgcc.a(_fixunsdfsi.o)
                0x00005780                __aeabi_d2uiz
                0x00005780                __fixunsdfsi
 .text          0x000057bc      0x184 c:/users/mahmo/appdata/local/arduino15/packages/arduino/tools/arm-none-eabi-gcc/7-2017q4/bin/../lib/gcc/arm-none-eabi/7.2.1/thumb/v6-m\libgcc.a(_udivmoddi4.o)
                0x000057bc                __udivmoddi4
 .text          0x00005940       0x78 c:/users/mahmo/appdata/local/arduino15/packages/arduino/tools/arm-none-eabi-gcc/7-2017q4/bin/../lib/gcc/arm-none-eabi/7.2.1/thumb/v6-m\libgcc.a(eqdf2.o)
                0x00005940                __nedf2
                0x00005940                __eqdf2
 .text          0x000059b8       0xc8 c:/users/mahmo/appdata/local/arduino15/packages/arduino/tools/arm-none-eabi-gcc/7-2017q4/bin/../lib/gcc/arm-none-eabi/7.2.1/thumb/v6-m\libgcc.a(gedf2.o)
                0x000059b8                __gedf2
                0x000059b8                __gtdf2
 .text          0x00005a80       0xd0 c:/users/mahmo/appdata/local/arduino15/packages/arduino/tools/arm-none-eabi-gcc/7-2017q4/bin/../lib/gcc/arm-none-eabi/7.2.1/thumb/v6-m\libgcc.a(ledf2.o)
                0x00005a80                __ledf2
                0x00005a80                __ltdf2
 .text          0x00005b50      0x4e4 c:/users/mahmo/appdata/local/arduino15/packages/arduino/tools/arm-none-eabi-gcc/7-2017q4/bin/../lib/gcc/arm-none-eabi/7.2.1/thumb/v6-m\libgcc.a(muldf3.o)
                0x00005b50                __aeabi_dmul
 .text          0x00006034      0x690 c:/users/mahmo/appdata/local/arduino15/packages/arduino/tools/arm-none-eabi-gcc/7-2017q4/bin/../lib/gcc/arm-none-eabi/7.2.1/thumb/v6-m\libgcc.a(subdf3.o)
                0x00006034                __aeabi_dsub
 .text          0x000066c4       0x6c c:/users/mahmo/appdata/local/arduino15/packages/arduino/tools/arm-none-eabi-gcc/7-2017q4/bin/../lib/gcc/arm-none-eabi/7.2.1/thumb/v6-m\libgcc.a(fixdfsi.o)
                0x000066c4                __aeabi_d2iz
 .text          0x00006730       0x74 c:/users/mahmo/appdata/local/arduino15/packages/arduino/tools/arm-none-eabi-gcc/7-2017q4/bin/../lib/gcc/arm-none-eabi/7.2.1/thumb/v6-m\libgcc.a(floatsidf.o)
                0x00006730                __aeabi_i2d
 .text          0x000067a4       0x3c c:/users/mahmo/appdata/local/arduino15/packages/arduino/tools/arm-none-eabi-gcc/7-2017q4/bin/../lib/gcc/arm-none-eabi/7.2.1/thumb/v6-m\libgcc.a(_clzsi2.o)
                0x000067a4                __clzsi2
 .text          0x000067e0       0x18 c:/users/mahmo/appdata/local/arduino15/packages/arduino/tools/arm-none-eabi-gcc/7-2017q4/bin/../lib/gcc/arm-none-eabi/7.2.1/thumb/v6-m\libgcc.a(_clzdi2.o)
                0x000067e0                __clzdi2
 .text.__libc_init_array
                0x000067f8       0x48 c:/users/mahmo/appdata/local/arduino15/packages/arduino/tools/arm-none-eabi-gcc/7-2017q4/bin/../lib/gcc/arm-none-eabi/7.2.1/../../../../arm-none-eabi/lib/thumb/v6-m\libc_nano.a(lib_a-init.o)
                0x000067f8                __libc_init_array
 .text.malloc   0x00006840       0x14 c:/users/mahmo/appdata/local/arduino15/packages/arduino/tools/arm-none-eabi-gcc/7-2017q4/bin/../lib/gcc/arm-none-eabi/7.2.1/../../../../arm-none-eabi/lib/thumb/v6-m\libc_nano.a(lib_a-malloc.o)
                0x00006840                malloc
 .text.free     0x00006854       0x14 c:/users/mahmo/appdata/local/arduino15/packages/arduino/tools/arm-none-eabi-gcc/7-2017q4/bin/../lib/gcc/arm-none-eabi/7.2.1/../../../../arm-none-eabi/lib/thumb/v6-m\libc_nano.a(lib_a-malloc.o)
                0x00006854                free
 .text.memcpy   0x00006868       0x12 c:/users/mahmo/appdata/local/arduino15/packages/arduino/tools/arm-none-eabi-gcc/7-2017q4/bin/../lib/gcc/arm-none-eabi/7.2.1/../../../../arm-none-eabi/lib/thumb/v6-m\libc_nano.a(lib_a-memcpy-stub.o)
                0x00006868                memcpy
 .text.memset   0x0000687a       0x10 c:/users/mahmo/appdata/local/arduino15/packages/arduino/tools/arm-none-eabi-gcc/7-2017q4/bin/../lib/gcc/arm-none-eabi/7.2.1/../../../../arm-none-eabi/lib/thumb/v6-m\libc_nano.a(lib_a-memset.o)
                0x0000687a                memset
 *fill*         0x0000688a        0x2 
 .text._free_r  0x0000688c       0x94 c:/users/mahmo/appdata/local/arduino15/packages/arduino/tools/arm-none-eabi-gcc/7-2017q4/bin/../lib/gcc/arm-none-eabi/7.2.1/../../../../arm-none-eabi/lib/thumb/v6-m\libc_nano.a(lib_a-nano-freer.o)
                0x0000688c                _free_r
 .text._malloc_r
                0x00006920       0xbc c:/users/mahmo/appdata/local/arduino15/packages/arduino/tools/arm-none-eabi-gcc/7-2017q4/bin/../lib/gcc/arm-none-eabi/7.2.1/../../../../arm-none-eabi/lib/thumb/v6-m\libc_nano.a(lib_a-nano-mallocr.o)
                0x00006920                _malloc_r
 .text._sbrk_r  0x000069dc       0x24 c:/users/mahmo/appdata/local/arduino15/packages/arduino/tools/arm-none-eabi-gcc/7-2017q4/bin/../lib/gcc/arm-none-eabi/7.2.1/../../../../arm-none-eabi/lib/thumb/v6-m\libc_nano.a(lib_a-sbrkr.o)
                0x000069dc                _sbrk_r
 .text          0x00006a00        0xe c:/users/mahmo/appdata/local/arduino15/packages/arduino/tools/arm-none-eabi-gcc/7-2017q4/bin/../lib/gcc/arm-none-eabi/7.2.1/../../../../arm-none-eabi/lib/thumb/v6-m\libc_nano.a(lib_a-strlen.o)
                0x00006a00                strlen
 .text.__malloc_lock
                0x00006a0e        0x2 c:/users/mahmo/appdata/local/arduino15/packages/arduino/tools/arm-none-eabi-gcc/7-2017q4/bin/../lib/gcc/arm-none-eabi/7.2.1/../../../../arm-none-eabi/lib/thumb/v6-m\libc_nano.a(lib_a-mlock.o)
                0x00006a0e                __malloc_lock
 .text.__malloc_unlock
                0x00006a10        0x2 c:/users/mahmo/appdata/local/arduino15/packages/arduino/tools/arm-none-eabi-gcc/7-2017q4/bin/../lib/gcc/arm-none-eabi/7.2.1/../../../../arm-none-eabi/lib/thumb/v6-m\libc_nano.a(lib_a-mlock.o)
                0x00006a10                __malloc_unlock
 *fill*         0x00006a12        0x2 
 .text._sbrk    0x00006a14       0x1c c:/users/mahmo/appdata/local/arduino15/packages/arduino/tools/arm-none-eabi-gcc/7-2017q4/bin/../lib/gcc/arm-none-eabi/7.2.1/../../../../arm-none-eabi/lib/thumb/v6-m\libnosys.a(sbrk.o)
                0x00006a14                _sbrk
 *(.init)
 .init          0x00006a30        0x4 c:/users/mahmo/appdata/local/arduino15/packages/arduino/tools/arm-none-eabi-gcc/7-2017q4/bin/../lib/gcc/arm-none-eabi/7.2.1/thumb/v6-m/crti.o
                0x00006a30                _init
 .init          0x00006a34        0x8 c:/users/mahmo/appdata/local/arduino15/packages/arduino/tools/arm-none-eabi-gcc/7-2017q4/bin/../lib/gcc/arm-none-eabi/7.2.1/thumb/v6-m/crtn.o
 *(.fini)
 .fini          0x00006a3c        0x4 c:/users/mahmo/appdata/local/arduino15/packages/arduino/tools/arm-none-eabi-gcc/7-2017q4/bin/../lib/gcc/arm-none-eabi/7.2.1/thumb/v6-m/crti.o
                0x00006a3c                _fini
 .fini          0x00006a40        0x8 c:/users/mahmo/appdata/local/arduino15/packages/arduino/tools/arm-none-eabi-gcc/7-2017q4/bin/../lib/gcc/arm-none-eabi/7.2.1/thumb/v6-m/crtn.o
 *crtbegin.o(.ctors)
 *crtbegin?.o(.ctors)
 *(EXCLUDE_FILE(*crtend.o *crtend?.o) .ctors)
 *(SORT_BY_NAME(.ctors.*))
 *(.ctors)
 *crtbegin.o(.dtors)
 *crtbegin?.o(.dtors)
 *(EXCLUDE_FILE(*crtend.o *crtend?.o) .dtors)
 *(SORT_BY_NAME(.dtors.*))
 *(.dtors)
 *(.rodata*)
 .rodata._ZL10_auchCRCHi
                0x00006a48      0x100 C:\Users\mahmo\AppData\Local\Temp\arduino-sketch-9E74EEDD22CEA5E1D5A6658EA4B77878\sketch\ModbusSlave.cpp.o
 .rodata._ZL10_auchCRCLo
                0x00006b48      0x100 C:\Users\mahmo\AppData\Local\Temp\arduino-sketch-9E74EEDD22CEA5E1D5A6658EA4B77878\sketch\ModbusSlave.cpp.o
 .rodata.g_APinDescription
                0x00006c48      0x4b0 C:\Users\mahmo\AppData\Local\Temp\arduino-sketch-9E74EEDD22CEA5E1D5A6658EA4B77878\core\variant.cpp.o
                0x00006c48                g_APinDescription
 .rodata._ZTV4Uart
                0x000070f8       0x34 C:\Users\mahmo\AppData\Local\Temp\arduino-sketch-9E74EEDD22CEA5E1D5A6658EA4B77878/core\core.a(Uart.cpp.o)
                0x000070f8                vtable for Uart
 .rodata._ZTV26DoubleBufferedEPOutHandler
                0x0000712c       0x24 C:\Users\mahmo\AppData\Local\Temp\arduino-sketch-9E74EEDD22CEA5E1D5A6658EA4B77878/core\core.a(USBCore.cpp.o)
                0x0000712c                vtable for DoubleBufferedEPOutHandler
 .rodata._ZL14STRING_PRODUCT
                0x00007150        0x8 C:\Users\mahmo\AppData\Local\Temp\arduino-sketch-9E74EEDD22CEA5E1D5A6658EA4B77878/core\core.a(USBCore.cpp.o)
 .rodata._ZL15STRING_LANGUAGE
                0x00007158        0x4 C:\Users\mahmo\AppData\Local\Temp\arduino-sketch-9E74EEDD22CEA5E1D5A6658EA4B77878/core\core.a(USBCore.cpp.o)
 .rodata._ZL19STRING_MANUFACTURER
                0x0000715c        0xc C:\Users\mahmo\AppData\Local\Temp\arduino-sketch-9E74EEDD22CEA5E1D5A6658EA4B77878/core\core.a(USBCore.cpp.o)
 .rodata._ZL21USB_DeviceDescriptorB
                0x00007168       0x12 C:\Users\mahmo\AppData\Local\Temp\arduino-sketch-9E74EEDD22CEA5E1D5A6658EA4B77878/core\core.a(USBCore.cpp.o)
 *fill*         0x0000717a        0x2 
 .rodata._ZTV7Serial_
                0x0000717c       0x60 C:\Users\mahmo\AppData\Local\Temp\arduino-sketch-9E74EEDD22CEA5E1D5A6658EA4B77878/core\core.a(CDC.cpp.o)
                0x0000717c                vtable for Serial_
 .rodata        0x000071dc       0x40 c:/users/mahmo/appdata/local/arduino15/packages/arduino/tools/arm-none-eabi-gcc/7-2017q4/bin/../lib/gcc/arm-none-eabi/7.2.1/thumb/v6-m\libgcc.a(muldf3.o)
 *(.eh_frame*)
 .eh_frame      0x0000721c        0x0 c:/users/mahmo/appdata/local/arduino15/packages/arduino/tools/arm-none-eabi-gcc/7-2017q4/bin/../lib/gcc/arm-none-eabi/7.2.1/thumb/v6-m/crtbegin.o
 .eh_frame      0x0000721c        0x4 c:/users/mahmo/appdata/local/arduino15/packages/arduino/tools/arm-none-eabi-gcc/7-2017q4/bin/../lib/gcc/arm-none-eabi/7.2.1/thumb/v6-m/crtend.o

.glue_7         0x00007220        0x0
 .glue_7        0x00007220        0x0 linker stubs

.glue_7t        0x00007220        0x0
 .glue_7t       0x00007220        0x0 linker stubs

.vfp11_veneer   0x00007220        0x0
 .vfp11_veneer  0x00007220        0x0 linker stubs

.v4_bx          0x00007220        0x0
 .v4_bx         0x00007220        0x0 linker stubs

.iplt           0x00007220        0x0
 .iplt          0x00007220        0x0 c:/users/mahmo/appdata/local/arduino15/packages/arduino/tools/arm-none-eabi-gcc/7-2017q4/bin/../lib/gcc/arm-none-eabi/7.2.1/thumb/v6-m/crtbegin.o

.ARM.extab
 *(.ARM.extab* .gnu.linkonce.armextab.*)
                0x00007220                __exidx_start = .

.ARM.exidx      0x00007220        0x8
 *(.ARM.exidx* .gnu.linkonce.armexidx.*)
 .ARM.exidx     0x00007220        0x8 c:/users/mahmo/appdata/local/arduino15/packages/arduino/tools/arm-none-eabi-gcc/7-2017q4/bin/../lib/gcc/arm-none-eabi/7.2.1/thumb/v6-m\libgcc.a(_udivmoddi4.o)
                0x00007228                __exidx_end = .
                0x00007228                __etext = .

.rel.dyn        0x00007228        0x0
 .rel.iplt      0x00007228        0x0 c:/users/mahmo/appdata/local/arduino15/packages/arduino/tools/arm-none-eabi-gcc/7-2017q4/bin/../lib/gcc/arm-none-eabi/7.2.1/thumb/v6-m/crtbegin.o

.data           0x20000000       0xb0 load address 0x00007228
                0x20000000                __data_start__ = .
 *(vtable)
 *(.data*)
 .data.common_ticktime__
                0x20000000        0x8 C:\Users\mahmo\AppData\Local\Temp\arduino-sketch-9E74EEDD22CEA5E1D5A6658EA4B77878\libraries\src\Config0.c.o
                0x20000000                common_ticktime__
 .data.pinMask_DIN
                0x20000008       0x12 C:\Users\mahmo\AppData\Local\Temp\arduino-sketch-9E74EEDD22CEA5E1D5A6658EA4B77878\libraries\src\arduino.cpp.o
                0x20000008                pinMask_DIN
 *fill*         0x2000001a        0x2 
 .data.SystemCoreClock
                0x2000001c        0x4 C:\Users\mahmo\AppData\Local\Temp\arduino-sketch-9E74EEDD22CEA5E1D5A6658EA4B77878/core\core.a(wiring.c.o)
                0x2000001c                SystemCoreClock
 .data._ZL5ticks
                0x20000020        0x4 C:\Users\mahmo\AppData\Local\Temp\arduino-sketch-9E74EEDD22CEA5E1D5A6658EA4B77878/core\core.a(Reset.cpp.o)
 .data._ZL10breakValue
                0x20000024        0x4 C:\Users\mahmo\AppData\Local\Temp\arduino-sketch-9E74EEDD22CEA5E1D5A6658EA4B77878/core\core.a(CDC.cpp.o)
 .data._ZL12_usbLineInfo
                0x20000028        0x8 C:\Users\mahmo\AppData\Local\Temp\arduino-sketch-9E74EEDD22CEA5E1D5A6658EA4B77878/core\core.a(CDC.cpp.o)
 .data._serialPeek
                0x20000030        0x4 C:\Users\mahmo\AppData\Local\Temp\arduino-sketch-9E74EEDD22CEA5E1D5A6658EA4B77878/core\core.a(CDC.cpp.o)
                0x20000030                _serialPeek
 .data._impure_ptr
                0x20000034        0x4 c:/users/mahmo/appdata/local/arduino15/packages/arduino/tools/arm-none-eabi-gcc/7-2017q4/bin/../lib/gcc/arm-none-eabi/7.2.1/../../../../arm-none-eabi/lib/thumb/v6-m\libc_nano.a(lib_a-impure.o)
                0x20000034                _impure_ptr
 .data.impure_data
                0x20000038       0x60 c:/users/mahmo/appdata/local/arduino15/packages/arduino/tools/arm-none-eabi-gcc/7-2017q4/bin/../lib/gcc/arm-none-eabi/7.2.1/../../../../arm-none-eabi/lib/thumb/v6-m\libc_nano.a(lib_a-impure.o)
                0x20000098                . = ALIGN (0x4)
                0x20000098                PROVIDE (__preinit_array_start, .)
 *(.preinit_array)
                0x20000098                PROVIDE (__preinit_array_end, .)
                0x20000098                . = ALIGN (0x4)
                0x20000098                PROVIDE (__init_array_start, .)
 *(SORT_BY_NAME(.init_array.*))
 *(.init_array)
 .init_array    0x20000098        0x4 c:/users/mahmo/appdata/local/arduino15/packages/arduino/tools/arm-none-eabi-gcc/7-2017q4/bin/../lib/gcc/arm-none-eabi/7.2.1/thumb/v6-m/crtbegin.o
 .init_array    0x2000009c        0x4 C:\Users\mahmo\AppData\Local\Temp\arduino-sketch-9E74EEDD22CEA5E1D5A6658EA4B77878\core\variant.cpp.o
 .init_array    0x200000a0        0x4 C:\Users\mahmo\AppData\Local\Temp\arduino-sketch-9E74EEDD22CEA5E1D5A6658EA4B77878/core\core.a(USBCore.cpp.o)
 .init_array    0x200000a4        0x4 C:\Users\mahmo\AppData\Local\Temp\arduino-sketch-9E74EEDD22CEA5E1D5A6658EA4B77878/core\core.a(CDC.cpp.o)
                0x200000a8                PROVIDE (__init_array_end, .)
                0x200000a8                . = ALIGN (0x4)
                [!provide]                PROVIDE (__fini_array_start, .)
 *(SORT_BY_NAME(.fini_array.*))
 *(.fini_array)
 .fini_array    0x200000a8        0x4 c:/users/mahmo/appdata/local/arduino15/packages/arduino/tools/arm-none-eabi-gcc/7-2017q4/bin/../lib/gcc/arm-none-eabi/7.2.1/thumb/v6-m/crtbegin.o
                [!provide]                PROVIDE (__fini_array_end, .)
 *(.jcr*)
                0x200000b0                . = ALIGN (0x10)
 *fill*         0x200000ac        0x4 
                0x200000b0                __data_end__ = .

.igot.plt       0x200000b0        0x0 load address 0x000072d8
 .igot.plt      0x200000b0        0x0 c:/users/mahmo/appdata/local/arduino15/packages/arduino/tools/arm-none-eabi-gcc/7-2017q4/bin/../lib/gcc/arm-none-eabi/7.2.1/thumb/v6-m/crtbegin.o

.bss            0x200000b0     0x1380 load address 0x000072d8
                0x200000b0                . = ALIGN (0x4)
                0x200000b0                __bss_start__ = .
 *(.bss*)
 .bss           0x200000b0       0x1c c:/users/mahmo/appdata/local/arduino15/packages/arduino/tools/arm-none-eabi-gcc/7-2017q4/bin/../lib/gcc/arm-none-eabi/7.2.1/thumb/v6-m/crtbegin.o
 .bss.__tick    0x200000cc        0x4 C:\Users\mahmo\AppData\Local\Temp\arduino-sketch-9E74EEDD22CEA5E1D5A6658EA4B77878\sketch\Baremetal.ino.cpp.o
                0x200000cc                __tick
 .bss.scan_cycle
                0x200000d0        0x4 C:\Users\mahmo\AppData\Local\Temp\arduino-sketch-9E74EEDD22CEA5E1D5A6658EA4B77878\sketch\Baremetal.ino.cpp.o
                0x200000d0                scan_cycle
 .bss.timer_ms  0x200000d4        0x4 C:\Users\mahmo\AppData\Local\Temp\arduino-sketch-9E74EEDD22CEA5E1D5A6658EA4B77878\sketch\Baremetal.ino.cpp.o
                0x200000d4                timer_ms
 .bss.mb_frame  0x200000d8       0x40 C:\Users\mahmo\AppData\Local\Temp\arduino-sketch-9E74EEDD22CEA5E1D5A6658EA4B77878\sketch\ModbusSlave.cpp.o
                0x200000d8                mb_frame
 .bss.mb_frame_len
                0x20000118        0x2 C:\Users\mahmo\AppData\Local\Temp\arduino-sketch-9E74EEDD22CEA5E1D5A6658EA4B77878\sketch\ModbusSlave.cpp.o
                0x20000118                mb_frame_len
 *fill*         0x2000011a        0x2 
 .bss.mb_serialport
                0x2000011c        0x4 C:\Users\mahmo\AppData\Local\Temp\arduino-sketch-9E74EEDD22CEA5E1D5A6658EA4B77878\sketch\ModbusSlave.cpp.o
                0x2000011c                mb_serialport
 .bss.mb_t15    0x20000120        0x2 C:\Users\mahmo\AppData\Local\Temp\arduino-sketch-9E74EEDD22CEA5E1D5A6658EA4B77878\sketch\ModbusSlave.cpp.o
                0x20000120                mb_t15
 .bss.mb_t35    0x20000122        0x2 C:\Users\mahmo\AppData\Local\Temp\arduino-sketch-9E74EEDD22CEA5E1D5A6658EA4B77878\sketch\ModbusSlave.cpp.o
                0x20000122                mb_t35
 .bss.mb_txpin  0x20000124        0x1 C:\Users\mahmo\AppData\Local\Temp\arduino-sketch-9E74EEDD22CEA5E1D5A6658EA4B77878\sketch\ModbusSlave.cpp.o
                0x20000124                mb_txpin
 *fill*         0x20000125        0x3 
 .bss.modbus    0x20000128       0x24 C:\Users\mahmo\AppData\Local\Temp\arduino-sketch-9E74EEDD22CEA5E1D5A6658EA4B77878\sketch\ModbusSlave.cpp.o
                0x20000128                modbus
 .bss.Serial    0x2000014c      0x244 C:\Users\mahmo\AppData\Local\Temp\arduino-sketch-9E74EEDD22CEA5E1D5A6658EA4B77878\core\variant.cpp.o
                0x2000014c                Serial
 .bss.Serial1   0x20000390      0x244 C:\Users\mahmo\AppData\Local\Temp\arduino-sketch-9E74EEDD22CEA5E1D5A6658EA4B77878\core\variant.cpp.o
                0x20000390                Serial1
 .bss.Serial2   0x200005d4      0x244 C:\Users\mahmo\AppData\Local\Temp\arduino-sketch-9E74EEDD22CEA5E1D5A6658EA4B77878\core\variant.cpp.o
                0x200005d4                Serial2
 .bss.Serial3   0x20000818      0x244 C:\Users\mahmo\AppData\Local\Temp\arduino-sketch-9E74EEDD22CEA5E1D5A6658EA4B77878\core\variant.cpp.o
                0x20000818                Serial3
 .bss.sercom0   0x20000a5c        0x8 C:\Users\mahmo\AppData\Local\Temp\arduino-sketch-9E74EEDD22CEA5E1D5A6658EA4B77878\core\variant.cpp.o
                0x20000a5c                sercom0
 .bss.sercom1   0x20000a64        0x8 C:\Users\mahmo\AppData\Local\Temp\arduino-sketch-9E74EEDD22CEA5E1D5A6658EA4B77878\core\variant.cpp.o
                0x20000a64                sercom1
 .bss.sercom2   0x20000a6c        0x8 C:\Users\mahmo\AppData\Local\Temp\arduino-sketch-9E74EEDD22CEA5E1D5A6658EA4B77878\core\variant.cpp.o
                0x20000a6c                sercom2
 .bss.sercom3   0x20000a74        0x8 C:\Users\mahmo\AppData\Local\Temp\arduino-sketch-9E74EEDD22CEA5E1D5A6658EA4B77878\core\variant.cpp.o
                0x20000a74                sercom3
 .bss.sercom4   0x20000a7c        0x8 C:\Users\mahmo\AppData\Local\Temp\arduino-sketch-9E74EEDD22CEA5E1D5A6658EA4B77878\core\variant.cpp.o
                0x20000a7c                sercom4
 .bss.sercom5   0x20000a84        0x8 C:\Users\mahmo\AppData\Local\Temp\arduino-sketch-9E74EEDD22CEA5E1D5A6658EA4B77878\core\variant.cpp.o
                0x20000a84                sercom5
 .bss.usb_isr   0x20000a8c        0x4 C:\Users\mahmo\AppData\Local\Temp\arduino-sketch-9E74EEDD22CEA5E1D5A6658EA4B77878/core\core.a(cortex_handlers.c.o)
 .bss._ulTickCount
                0x20000a90        0x4 C:\Users\mahmo\AppData\Local\Temp\arduino-sketch-9E74EEDD22CEA5E1D5A6658EA4B77878/core\core.a(delay.c.o)
 .bss.EndPoints
                0x20000a94       0x28 C:\Users\mahmo\AppData\Local\Temp\arduino-sketch-9E74EEDD22CEA5E1D5A6658EA4B77878/core\core.a(USBCore.cpp.o)
                0x20000a94                EndPoints
 .bss.USBDevice
                0x20000abc        0x1 C:\Users\mahmo\AppData\Local\Temp\arduino-sketch-9E74EEDD22CEA5E1D5A6658EA4B77878/core\core.a(USBCore.cpp.o)
                0x20000abc                USBDevice
 *fill*         0x20000abd        0x3 
 .bss._ZL10epHandlers
                0x20000ac0       0x1c C:\Users\mahmo\AppData\Local\Temp\arduino-sketch-9E74EEDD22CEA5E1D5A6658EA4B77878/core\core.a(USBCore.cpp.o)
 .bss._ZL10rxLEDPulse
                0x20000adc        0x1 C:\Users\mahmo\AppData\Local\Temp\arduino-sketch-9E74EEDD22CEA5E1D5A6658EA4B77878/core\core.a(USBCore.cpp.o)
 .bss._ZL10txLEDPulse
                0x20000add        0x1 C:\Users\mahmo\AppData\Local\Temp\arduino-sketch-9E74EEDD22CEA5E1D5A6658EA4B77878/core\core.a(USBCore.cpp.o)
 .bss._ZL14isEndpointHalt
                0x20000ade        0x1 C:\Users\mahmo\AppData\Local\Temp\arduino-sketch-9E74EEDD22CEA5E1D5A6658EA4B77878/core\core.a(USBCore.cpp.o)
 .bss._ZL20LastTransmitTimedOut
                0x20000adf        0x7 C:\Users\mahmo\AppData\Local\Temp\arduino-sketch-9E74EEDD22CEA5E1D5A6658EA4B77878/core\core.a(USBCore.cpp.o)
 .bss._ZL21isRemoteWakeUpEnabled
                0x20000ae6        0x1 C:\Users\mahmo\AppData\Local\Temp\arduino-sketch-9E74EEDD22CEA5E1D5A6658EA4B77878/core\core.a(USBCore.cpp.o)
 *fill*         0x20000ae7        0x1 
 .bss._ZL22udd_ep_in_cache_buffer
                0x20000ae8      0x1c0 C:\Users\mahmo\AppData\Local\Temp\arduino-sketch-9E74EEDD22CEA5E1D5A6658EA4B77878/core\core.a(USBCore.cpp.o)
 .bss._ZL23udd_ep_out_cache_buffer
                0x20000ca8      0x1c0 C:\Users\mahmo\AppData\Local\Temp\arduino-sketch-9E74EEDD22CEA5E1D5A6658EA4B77878/core\core.a(USBCore.cpp.o)
 .bss._dry_run  0x20000e68        0x1 C:\Users\mahmo\AppData\Local\Temp\arduino-sketch-9E74EEDD22CEA5E1D5A6658EA4B77878/core\core.a(USBCore.cpp.o)
                0x20000e68                _dry_run
 .bss._pack_buffer
                0x20000e69      0x100 C:\Users\mahmo\AppData\Local\Temp\arduino-sketch-9E74EEDD22CEA5E1D5A6658EA4B77878/core\core.a(USBCore.cpp.o)
                0x20000e69                _pack_buffer
 .bss._pack_message
                0x20000f69        0x1 C:\Users\mahmo\AppData\Local\Temp\arduino-sketch-9E74EEDD22CEA5E1D5A6658EA4B77878/core\core.a(USBCore.cpp.o)
                0x20000f69                _pack_message
 .bss._pack_size
                0x20000f6a        0x2 C:\Users\mahmo\AppData\Local\Temp\arduino-sketch-9E74EEDD22CEA5E1D5A6658EA4B77878/core\core.a(USBCore.cpp.o)
                0x20000f6a                _pack_size
 .bss._usbConfiguration
                0x20000f6c        0x4 C:\Users\mahmo\AppData\Local\Temp\arduino-sketch-9E74EEDD22CEA5E1D5A6658EA4B77878/core\core.a(USBCore.cpp.o)
                0x20000f6c                _usbConfiguration
 .bss._usbSetInterface
                0x20000f70        0x4 C:\Users\mahmo\AppData\Local\Temp\arduino-sketch-9E74EEDD22CEA5E1D5A6658EA4B77878/core\core.a(USBCore.cpp.o)
                0x20000f70                _usbSetInterface
 .bss.usbd      0x20000f74      0x104 C:\Users\mahmo\AppData\Local\Temp\arduino-sketch-9E74EEDD22CEA5E1D5A6658EA4B77878/core\core.a(USBCore.cpp.o)
                0x20000f74                usbd
 .bss._ZGVZ12PluggableUSBvE3obj
                0x20001078        0x4 C:\Users\mahmo\AppData\Local\Temp\arduino-sketch-9E74EEDD22CEA5E1D5A6658EA4B77878/core\core.a(PluggableUSB.cpp.o)
 .bss._ZZ12PluggableUSBvE3obj
                0x2000107c        0xc C:\Users\mahmo\AppData\Local\Temp\arduino-sketch-9E74EEDD22CEA5E1D5A6658EA4B77878/core\core.a(PluggableUSB.cpp.o)
 .bss.SerialUSB
                0x20001088       0x34 C:\Users\mahmo\AppData\Local\Temp\arduino-sketch-9E74EEDD22CEA5E1D5A6658EA4B77878/core\core.a(CDC.cpp.o)
                0x20001088                SerialUSB
 .bss.__malloc_free_list
                0x200010bc        0x4 c:/users/mahmo/appdata/local/arduino15/packages/arduino/tools/arm-none-eabi-gcc/7-2017q4/bin/../lib/gcc/arm-none-eabi/7.2.1/../../../../arm-none-eabi/lib/thumb/v6-m\libc_nano.a(lib_a-nano-mallocr.o)
                0x200010bc                __malloc_free_list
 .bss.__malloc_sbrk_start
                0x200010c0        0x4 c:/users/mahmo/appdata/local/arduino15/packages/arduino/tools/arm-none-eabi-gcc/7-2017q4/bin/../lib/gcc/arm-none-eabi/7.2.1/../../../../arm-none-eabi/lib/thumb/v6-m\libc_nano.a(lib_a-nano-mallocr.o)
                0x200010c0                __malloc_sbrk_start
 .bss.heap_end.4102
                0x200010c4        0x4 c:/users/mahmo/appdata/local/arduino15/packages/arduino/tools/arm-none-eabi-gcc/7-2017q4/bin/../lib/gcc/arm-none-eabi/7.2.1/../../../../arm-none-eabi/lib/thumb/v6-m\libnosys.a(sbrk.o)
 *(COMMON)
 COMMON         0x200010c8       0x95 C:\Users\mahmo\AppData\Local\Temp\arduino-sketch-9E74EEDD22CEA5E1D5A6658EA4B77878\libraries\src\Res0.c.o
                0x200010c8                RES0__INSTANCE0
                0x2000115c                TASK0
 *fill*         0x2000115d        0x3 
 COMMON         0x20001160      0x2cc C:\Users\mahmo\AppData\Local\Temp\arduino-sketch-9E74EEDD22CEA5E1D5A6658EA4B77878\libraries\src\glueVars.c.o
                0x20001160                int_input
                0x200011e0                int_output
                0x20001260                bool_input
                0x20001340                __CURRENT_TIME
                0x20001348                __DEBUG
                0x2000134c                bool_output
 COMMON         0x2000142c        0x4 c:/users/mahmo/appdata/local/arduino15/packages/arduino/tools/arm-none-eabi-gcc/7-2017q4/bin/../lib/gcc/arm-none-eabi/7.2.1/../../../../arm-none-eabi/lib/thumb/v6-m\libc_nano.a(lib_a-reent.o)
                0x2000142c                errno
                0x20001430                . = ALIGN (0x4)
                0x20001430                __bss_end__ = .

.heap           0x20001430        0x0
                0x20001430                __end__ = .
                0x20001430                PROVIDE (end, .)
 *(.heap*)
                0x20001430                __HeapLimit = .

.stack_dummy    0x20001430        0x0
 *(.stack*)
                0x20008000                __StackTop = (ORIGIN (RAM) + LENGTH (RAM))
                0x20008000                __StackLimit = (__StackTop - SIZEOF (.stack_dummy))
                0x20008000                PROVIDE (__stack, __StackTop)
                0x20007fff                __ram_end__ = ((ORIGIN (RAM) + LENGTH (RAM)) - 0x1)
                0x00000001                ASSERT ((__StackLimit >= __HeapLimit), region RAM overflowed with stack)
OUTPUT(C:\Users\mahmo\AppData\Local\Temp\arduino-sketch-9E74EEDD22CEA5E1D5A6658EA4B77878/Baremetal.ino.elf elf32-littlearm)

.ARM.attributes
                0x00000000       0x28
 .ARM.attributes
                0x00000000       0x1e c:/users/mahmo/appdata/local/arduino15/packages/arduino/tools/arm-none-eabi-gcc/7-2017q4/bin/../lib/gcc/arm-none-eabi/7.2.1/thumb/v6-m/crti.o
 .ARM.attributes
                0x0000001e       0x2c c:/users/mahmo/appdata/local/arduino15/packages/arduino/tools/arm-none-eabi-gcc/7-2017q4/bin/../lib/gcc/arm-none-eabi/7.2.1/thumb/v6-m/crtbegin.o
 .ARM.attributes
                0x0000004a       0x32 C:\Users\mahmo\AppData\Local\Temp\arduino-sketch-9E74EEDD22CEA5E1D5A6658EA4B77878\sketch\Baremetal.ino.cpp.o
 .ARM.attributes
                0x0000007c       0x32 C:\Users\mahmo\AppData\Local\Temp\arduino-sketch-9E74EEDD22CEA5E1D5A6658EA4B77878\sketch\ModbusSlave.cpp.o
 .ARM.attributes
                0x000000ae       0x32 C:\Users\mahmo\AppData\Local\Temp\arduino-sketch-9E74EEDD22CEA5E1D5A6658EA4B77878\libraries\src\Config0.c.o
 .ARM.attributes
                0x000000e0       0x32 C:\Users\mahmo\AppData\Local\Temp\arduino-sketch-9E74EEDD22CEA5E1D5A6658EA4B77878\libraries\src\POUS.c.o
 .ARM.attributes
                0x00000112       0x32 C:\Users\mahmo\AppData\Local\Temp\arduino-sketch-9E74EEDD22CEA5E1D5A6658EA4B77878\libraries\src\Res0.c.o
 .ARM.attributes
                0x00000144       0x32 C:\Users\mahmo\AppData\Local\Temp\arduino-sketch-9E74EEDD22CEA5E1D5A6658EA4B77878\libraries\src\arduino.cpp.o
 .ARM.attributes
                0x00000176       0x32 C:\Users\mahmo\AppData\Local\Temp\arduino-sketch-9E74EEDD22CEA5E1D5A6658EA4B77878\libraries\src\glueVars.c.o
 .ARM.attributes
                0x000001a8       0x32 C:\Users\mahmo\AppData\Local\Temp\arduino-sketch-9E74EEDD22CEA5E1D5A6658EA4B77878\core\variant.cpp.o
 .ARM.attributes
                0x000001da       0x32 C:\Users\mahmo\AppData\Local\Temp\arduino-sketch-9E74EEDD22CEA5E1D5A6658EA4B77878/core\core.a(SERCOM.cpp.o)
 .ARM.attributes
                0x0000020c       0x32 C:\Users\mahmo\AppData\Local\Temp\arduino-sketch-9E74EEDD22CEA5E1D5A6658EA4B77878/core\core.a(Uart.cpp.o)
 .ARM.attributes
                0x0000023e       0x32 C:\Users\mahmo\AppData\Local\Temp\arduino-sketch-9E74EEDD22CEA5E1D5A6658EA4B77878/core\core.a(Print.cpp.o)
 .ARM.attributes
                0x00000270       0x32 C:\Users\mahmo\AppData\Local\Temp\arduino-sketch-9E74EEDD22CEA5E1D5A6658EA4B77878/core\core.a(cortex_handlers.c.o)
 .ARM.attributes
                0x000002a2       0x32 C:\Users\mahmo\AppData\Local\Temp\arduino-sketch-9E74EEDD22CEA5E1D5A6658EA4B77878/core\core.a(delay.c.o)
 .ARM.attributes
                0x000002d4       0x32 C:\Users\mahmo\AppData\Local\Temp\arduino-sketch-9E74EEDD22CEA5E1D5A6658EA4B77878/core\core.a(hooks.c.o)
 .ARM.attributes
                0x00000306       0x32 C:\Users\mahmo\AppData\Local\Temp\arduino-sketch-9E74EEDD22CEA5E1D5A6658EA4B77878/core\core.a(main.cpp.o)
 .ARM.attributes
                0x00000338       0x32 C:\Users\mahmo\AppData\Local\Temp\arduino-sketch-9E74EEDD22CEA5E1D5A6658EA4B77878/core\core.a(startup.c.o)
 .ARM.attributes
                0x0000036a       0x32 C:\Users\mahmo\AppData\Local\Temp\arduino-sketch-9E74EEDD22CEA5E1D5A6658EA4B77878/core\core.a(wiring.c.o)
 .ARM.attributes
                0x0000039c       0x32 C:\Users\mahmo\AppData\Local\Temp\arduino-sketch-9E74EEDD22CEA5E1D5A6658EA4B77878/core\core.a(wiring_analog.c.o)
 .ARM.attributes
                0x000003ce       0x32 C:\Users\mahmo\AppData\Local\Temp\arduino-sketch-9E74EEDD22CEA5E1D5A6658EA4B77878/core\core.a(wiring_digital.c.o)
 .ARM.attributes
                0x00000400       0x32 C:\Users\mahmo\AppData\Local\Temp\arduino-sketch-9E74EEDD22CEA5E1D5A6658EA4B77878/core\core.a(wiring_private.c.o)
 .ARM.attributes
                0x00000432       0x32 C:\Users\mahmo\AppData\Local\Temp\arduino-sketch-9E74EEDD22CEA5E1D5A6658EA4B77878/core\core.a(Reset.cpp.o)
 .ARM.attributes
                0x00000464       0x32 C:\Users\mahmo\AppData\Local\Temp\arduino-sketch-9E74EEDD22CEA5E1D5A6658EA4B77878/core\core.a(USBCore.cpp.o)
 .ARM.attributes
                0x00000496       0x32 C:\Users\mahmo\AppData\Local\Temp\arduino-sketch-9E74EEDD22CEA5E1D5A6658EA4B77878/core\core.a(PluggableUSB.cpp.o)
 .ARM.attributes
                0x000004c8       0x32 C:\Users\mahmo\AppData\Local\Temp\arduino-sketch-9E74EEDD22CEA5E1D5A6658EA4B77878/core\core.a(new.cpp.o)
 .ARM.attributes
                0x000004fa       0x32 C:\Users\mahmo\AppData\Local\Temp\arduino-sketch-9E74EEDD22CEA5E1D5A6658EA4B77878/core\core.a(CDC.cpp.o)
 .ARM.attributes
                0x0000052c       0x1e c:/users/mahmo/appdata/local/arduino15/packages/arduino/tools/arm-none-eabi-gcc/7-2017q4/bin/../lib/gcc/arm-none-eabi/7.2.1/thumb/v6-m\libgcc.a(_thumb1_case_uqi.o)
 .ARM.attributes
                0x0000054a       0x1e c:/users/mahmo/appdata/local/arduino15/packages/arduino/tools/arm-none-eabi-gcc/7-2017q4/bin/../lib/gcc/arm-none-eabi/7.2.1/thumb/v6-m\libgcc.a(_udivsi3.o)
 .ARM.attributes
                0x00000568       0x1e c:/users/mahmo/appdata/local/arduino15/packages/arduino/tools/arm-none-eabi-gcc/7-2017q4/bin/../lib/gcc/arm-none-eabi/7.2.1/thumb/v6-m\libgcc.a(_divsi3.o)
 .ARM.attributes
                0x00000586       0x1e c:/users/mahmo/appdata/local/arduino15/packages/arduino/tools/arm-none-eabi-gcc/7-2017q4/bin/../lib/gcc/arm-none-eabi/7.2.1/thumb/v6-m\libgcc.a(_dvmd_tls.o)
 .ARM.attributes
                0x000005a4       0x1e c:/users/mahmo/appdata/local/arduino15/packages/arduino/tools/arm-none-eabi-gcc/7-2017q4/bin/../lib/gcc/arm-none-eabi/7.2.1/thumb/v6-m\libgcc.a(_arm_cmpdf2.o)
 .ARM.attributes
                0x000005c2       0x1e c:/users/mahmo/appdata/local/arduino15/packages/arduino/tools/arm-none-eabi-gcc/7-2017q4/bin/../lib/gcc/arm-none-eabi/7.2.1/thumb/v6-m\libgcc.a(_aeabi_uldivmod.o)
 .ARM.attributes
                0x000005e0       0x2c c:/users/mahmo/appdata/local/arduino15/packages/arduino/tools/arm-none-eabi-gcc/7-2017q4/bin/../lib/gcc/arm-none-eabi/7.2.1/thumb/v6-m\libgcc.a(_fixunsdfsi.o)
 .ARM.attributes
                0x0000060c       0x2c c:/users/mahmo/appdata/local/arduino15/packages/arduino/tools/arm-none-eabi-gcc/7-2017q4/bin/../lib/gcc/arm-none-eabi/7.2.1/thumb/v6-m\libgcc.a(_udivmoddi4.o)
 .ARM.attributes
                0x00000638       0x2c c:/users/mahmo/appdata/local/arduino15/packages/arduino/tools/arm-none-eabi-gcc/7-2017q4/bin/../lib/gcc/arm-none-eabi/7.2.1/thumb/v6-m\libgcc.a(eqdf2.o)
 .ARM.attributes
                0x00000664       0x2c c:/users/mahmo/appdata/local/arduino15/packages/arduino/tools/arm-none-eabi-gcc/7-2017q4/bin/../lib/gcc/arm-none-eabi/7.2.1/thumb/v6-m\libgcc.a(gedf2.o)
 .ARM.attributes
                0x00000690       0x2c c:/users/mahmo/appdata/local/arduino15/packages/arduino/tools/arm-none-eabi-gcc/7-2017q4/bin/../lib/gcc/arm-none-eabi/7.2.1/thumb/v6-m\libgcc.a(ledf2.o)
 .ARM.attributes
                0x000006bc       0x2c c:/users/mahmo/appdata/local/arduino15/packages/arduino/tools/arm-none-eabi-gcc/7-2017q4/bin/../lib/gcc/arm-none-eabi/7.2.1/thumb/v6-m\libgcc.a(muldf3.o)
 .ARM.attributes
                0x000006e8       0x2c c:/users/mahmo/appdata/local/arduino15/packages/arduino/tools/arm-none-eabi-gcc/7-2017q4/bin/../lib/gcc/arm-none-eabi/7.2.1/thumb/v6-m\libgcc.a(subdf3.o)
 .ARM.attributes
                0x00000714       0x2c c:/users/mahmo/appdata/local/arduino15/packages/arduino/tools/arm-none-eabi-gcc/7-2017q4/bin/../lib/gcc/arm-none-eabi/7.2.1/thumb/v6-m\libgcc.a(fixdfsi.o)
 .ARM.attributes
                0x00000740       0x2c c:/users/mahmo/appdata/local/arduino15/packages/arduino/tools/arm-none-eabi-gcc/7-2017q4/bin/../lib/gcc/arm-none-eabi/7.2.1/thumb/v6-m\libgcc.a(floatsidf.o)
 .ARM.attributes
                0x0000076c       0x1e c:/users/mahmo/appdata/local/arduino15/packages/arduino/tools/arm-none-eabi-gcc/7-2017q4/bin/../lib/gcc/arm-none-eabi/7.2.1/thumb/v6-m\libgcc.a(_clzsi2.o)
 .ARM.attributes
                0x0000078a       0x1e c:/users/mahmo/appdata/local/arduino15/packages/arduino/tools/arm-none-eabi-gcc/7-2017q4/bin/../lib/gcc/arm-none-eabi/7.2.1/thumb/v6-m\libgcc.a(_clzdi2.o)
 .ARM.attributes
                0x000007a8       0x2c c:/users/mahmo/appdata/local/arduino15/packages/arduino/tools/arm-none-eabi-gcc/7-2017q4/bin/../lib/gcc/arm-none-eabi/7.2.1/../../../../arm-none-eabi/lib/thumb/v6-m\libc_nano.a(lib_a-impure.o)
 .ARM.attributes
                0x000007d4       0x2c c:/users/mahmo/appdata/local/arduino15/packages/arduino/tools/arm-none-eabi-gcc/7-2017q4/bin/../lib/gcc/arm-none-eabi/7.2.1/../../../../arm-none-eabi/lib/thumb/v6-m\libc_nano.a(lib_a-init.o)
 .ARM.attributes
                0x00000800       0x2c c:/users/mahmo/appdata/local/arduino15/packages/arduino/tools/arm-none-eabi-gcc/7-2017q4/bin/../lib/gcc/arm-none-eabi/7.2.1/../../../../arm-none-eabi/lib/thumb/v6-m\libc_nano.a(lib_a-malloc.o)
 .ARM.attributes
                0x0000082c       0x2c c:/users/mahmo/appdata/local/arduino15/packages/arduino/tools/arm-none-eabi-gcc/7-2017q4/bin/../lib/gcc/arm-none-eabi/7.2.1/../../../../arm-none-eabi/lib/thumb/v6-m\libc_nano.a(lib_a-memcpy-stub.o)
 .ARM.attributes
                0x00000858       0x2c c:/users/mahmo/appdata/local/arduino15/packages/arduino/tools/arm-none-eabi-gcc/7-2017q4/bin/../lib/gcc/arm-none-eabi/7.2.1/../../../../arm-none-eabi/lib/thumb/v6-m\libc_nano.a(lib_a-memset.o)
 .ARM.attributes
                0x00000884       0x2c c:/users/mahmo/appdata/local/arduino15/packages/arduino/tools/arm-none-eabi-gcc/7-2017q4/bin/../lib/gcc/arm-none-eabi/7.2.1/../../../../arm-none-eabi/lib/thumb/v6-m\libc_nano.a(lib_a-nano-freer.o)
 .ARM.attributes
                0x000008b0       0x2c c:/users/mahmo/appdata/local/arduino15/packages/arduino/tools/arm-none-eabi-gcc/7-2017q4/bin/../lib/gcc/arm-none-eabi/7.2.1/../../../../arm-none-eabi/lib/thumb/v6-m\libc_nano.a(lib_a-nano-mallocr.o)
 .ARM.attributes
                0x000008dc       0x2c c:/users/mahmo/appdata/local/arduino15/packages/arduino/tools/arm-none-eabi-gcc/7-2017q4/bin/../lib/gcc/arm-none-eabi/7.2.1/../../../../arm-none-eabi/lib/thumb/v6-m\libc_nano.a(lib_a-sbrkr.o)
 .ARM.attributes
                0x00000908       0x1c c:/users/mahmo/appdata/local/arduino15/packages/arduino/tools/arm-none-eabi-gcc/7-2017q4/bin/../lib/gcc/arm-none-eabi/7.2.1/../../../../arm-none-eabi/lib/thumb/v6-m\libc_nano.a(lib_a-strlen.o)
 .ARM.attributes
                0x00000924       0x2c c:/users/mahmo/appdata/local/arduino15/packages/arduino/tools/arm-none-eabi-gcc/7-2017q4/bin/../lib/gcc/arm-none-eabi/7.2.1/../../../../arm-none-eabi/lib/thumb/v6-m\libc_nano.a(lib_a-mlock.o)
 .ARM.attributes
                0x00000950       0x2c c:/users/mahmo/appdata/local/arduino15/packages/arduino/tools/arm-none-eabi-gcc/7-2017q4/bin/../lib/gcc/arm-none-eabi/7.2.1/../../../../arm-none-eabi/lib/thumb/v6-m\libc_nano.a(lib_a-reent.o)
 .ARM.attributes
                0x0000097c       0x2c c:/users/mahmo/appdata/local/arduino15/packages/arduino/tools/arm-none-eabi-gcc/7-2017q4/bin/../lib/gcc/arm-none-eabi/7.2.1/../../../../arm-none-eabi/lib/thumb/v6-m\libnosys.a(sbrk.o)
 .ARM.attributes
                0x000009a8       0x2c c:/users/mahmo/appdata/local/arduino15/packages/arduino/tools/arm-none-eabi-gcc/7-2017q4/bin/../lib/gcc/arm-none-eabi/7.2.1/thumb/v6-m/crtend.o
 .ARM.attributes
                0x000009d4       0x1e c:/users/mahmo/appdata/local/arduino15/packages/arduino/tools/arm-none-eabi-gcc/7-2017q4/bin/../lib/gcc/arm-none-eabi/7.2.1/thumb/v6-m/crtn.o

.comment        0x00000000       0x7e
 .comment       0x00000000       0x7e C:\Users\mahmo\AppData\Local\Temp\arduino-sketch-9E74EEDD22CEA5E1D5A6658EA4B77878\sketch\Baremetal.ino.cpp.o
                                 0x7f (size before relaxing)
 .comment       0x0000007e       0x7f C:\Users\mahmo\AppData\Local\Temp\arduino-sketch-9E74EEDD22CEA5E1D5A6658EA4B77878\sketch\ModbusSlave.cpp.o
 .comment       0x0000007e       0x7f C:\Users\mahmo\AppData\Local\Temp\arduino-sketch-9E74EEDD22CEA5E1D5A6658EA4B77878\libraries\src\Config0.c.o
 .comment       0x0000007e       0x7f C:\Users\mahmo\AppData\Local\Temp\arduino-sketch-9E74EEDD22CEA5E1D5A6658EA4B77878\libraries\src\POUS.c.o
 .comment       0x0000007e       0x7f C:\Users\mahmo\AppData\Local\Temp\arduino-sketch-9E74EEDD22CEA5E1D5A6658EA4B77878\libraries\src\Res0.c.o
 .comment       0x0000007e       0x7f C:\Users\mahmo\AppData\Local\Temp\arduino-sketch-9E74EEDD22CEA5E1D5A6658EA4B77878\libraries\src\arduino.cpp.o
 .comment       0x0000007e       0x7f C:\Users\mahmo\AppData\Local\Temp\arduino-sketch-9E74EEDD22CEA5E1D5A6658EA4B77878\libraries\src\glueVars.c.o
 .comment       0x0000007e       0x7f C:\Users\mahmo\AppData\Local\Temp\arduino-sketch-9E74EEDD22CEA5E1D5A6658EA4B77878\core\variant.cpp.o
 .comment       0x0000007e       0x7f C:\Users\mahmo\AppData\Local\Temp\arduino-sketch-9E74EEDD22CEA5E1D5A6658EA4B77878/core\core.a(SERCOM.cpp.o)
 .comment       0x0000007e       0x7f C:\Users\mahmo\AppData\Local\Temp\arduino-sketch-9E74EEDD22CEA5E1D5A6658EA4B77878/core\core.a(Uart.cpp.o)
 .comment       0x0000007e       0x7f C:\Users\mahmo\AppData\Local\Temp\arduino-sketch-9E74EEDD22CEA5E1D5A6658EA4B77878/core\core.a(Print.cpp.o)
 .comment       0x0000007e       0x7f C:\Users\mahmo\AppData\Local\Temp\arduino-sketch-9E74EEDD22CEA5E1D5A6658EA4B77878/core\core.a(cortex_handlers.c.o)
 .comment       0x0000007e       0x7f C:\Users\mahmo\AppData\Local\Temp\arduino-sketch-9E74EEDD22CEA5E1D5A6658EA4B77878/core\core.a(delay.c.o)
 .comment       0x0000007e       0x7f C:\Users\mahmo\AppData\Local\Temp\arduino-sketch-9E74EEDD22CEA5E1D5A6658EA4B77878/core\core.a(hooks.c.o)
 .comment       0x0000007e       0x7f C:\Users\mahmo\AppData\Local\Temp\arduino-sketch-9E74EEDD22CEA5E1D5A6658EA4B77878/core\core.a(main.cpp.o)
 .comment       0x0000007e       0x7f C:\Users\mahmo\AppData\Local\Temp\arduino-sketch-9E74EEDD22CEA5E1D5A6658EA4B77878/core\core.a(startup.c.o)
 .comment       0x0000007e       0x7f C:\Users\mahmo\AppData\Local\Temp\arduino-sketch-9E74EEDD22CEA5E1D5A6658EA4B77878/core\core.a(wiring.c.o)
 .comment       0x0000007e       0x7f C:\Users\mahmo\AppData\Local\Temp\arduino-sketch-9E74EEDD22CEA5E1D5A6658EA4B77878/core\core.a(wiring_analog.c.o)